Command: vcs -full64 -sverilog -debug_all -timescale=1ns/1ps -l compile.log -f filelist.f \
-o /home/crazy/work_mac16/script/../out/sim/simv
                         Chronologic VCS (TM)
         Version I-2014.03_Full64 -- Sat Jun 13 08:38:19 2026
               Copyright (c) 1991-2014 by Synopsys Inc.
                         ALL RIGHTS RESERVED

This program is proprietary and confidential information of Synopsys Inc.
and may be used and disclosed only as authorized in a license agreement
controlling such use and disclosure.

Parsing design file '../design/fulladder/fulladder.v'
Parsing design file '../design/csa32/csa32.v'
Parsing design file '../design/mul_wallace_u16_pipe1/mul_wallace_u16_pipe1.v'
Parsing design file '../design/mac_core/mac_core.v'
Parsing design file '../design/serial_to_parallel/serial_to_parallel.v'
Parsing design file '../design/parallel_to_serial/parallel_to_serial.v'
Parsing design file '../design/mac16_top/mac16_top.v'
Parsing design file '../design/mac16/mac16.v'
Parsing design file '../testbench/tb_mac16_contest/tb_mac16_contest.v'
Top Level Modules:
       tb_mac16_contest
TimeScale is 1 ns / 1 ps
Starting vcs inline pass...
4 modules and 0 UDP read.
recompiling module fulladder because:
	The DAIDB file (EP8r_1.tt) is missing.
recompiling module csa32 because:
	The DAIDB file (uoVZ_1.tt) is missing.
recompiling module tb_mac16_contest because:
	The DAIDB file (xfwU_1.tt) is missing.
All of 4 modules done
make[1]: Entering directory `/home/crazy/work_mac16/script/csrc'
rm -f _csrc*.so amd64_scvhdl_*.so pre_vcsobj_*.so share_vcsobj_*.so
ld -shared -o .//../../out/sim/simv.daidir//_csrc1.so --whole-archive _vcsobj_1_1.a \
--no-whole-archive
ld -shared -o .//../../out/sim/simv.daidir//_csrc0.so 5NrI_d.o 5NrIB_d.o SIM_l.o \

if [ -x /home/crazy/work_mac16/script/../out/sim/simv ]; then chmod -x /home/crazy/work_mac16/script/../out/sim/simv; \
fi
g++  -o /home/crazy/work_mac16/script/../out/sim/simv    -Wl,-rpath-link=./ -Wl,-rpath='$ORIGIN'/simv.daidir/ \
-Wl,-rpath='$ORIGIN'/simv.daidir//scsim.db.dir  _csrc1.so _csrc0.so     rmapats_mop.o \
rmapats.o rmar.o           /opt/synopsys/vcs_2014/amd64/lib/libzerosoft_rt_stubs.so \
/opt/synopsys/vcs_2014/amd64/lib/libvirsim.so /opt/synopsys/vcs_2014/amd64/lib/liberrorinf.so \
/opt/synopsys/vcs_2014/amd64/lib/libsnpsmalloc.so    /opt/synopsys/vcs_2014/amd64/lib/libvcsnew.so \
/opt/synopsys/vcs_2014/amd64/lib/libuclinative.so   -Wl,-whole-archive /opt/synopsys/vcs_2014/amd64/lib/libvcsucli.so \
-Wl,-no-whole-archive          /opt/synopsys/vcs_2014/amd64/lib/vcs_save_restore_new.o \
-ldl -lm  -lc -lpthread -ldl 
/home/crazy/work_mac16/script/../out/sim/simv up to date
make[1]: Leaving directory `/home/crazy/work_mac16/script/csrc'
CPU time: .538 seconds to compile + .468 seconds to elab + .055 seconds to link
