
                                 Formality (R)

               Version L-2016.03-SP1 for linux64 - Apr 13, 2016 

                    Copyright (c) 1988 - 2016 Synopsys, Inc.
   This software and the associated documentation are proprietary to Synopsys,
 Inc. This software may only be used in accordance with the terms and conditions
 of a written license agreement with Synopsys, Inc. All other use, reproduction,
            or distribution of this software is strictly prohibited.

  ** Highlights of Formality (R) Version L-2016.03 **
   - New alternate verification strategies for resolving inconclusive verifications
   - Automation for deploying alternate strategies
   - New command to export the mapping of reference to implementation registers
   - New capability to combine PG and low power information from db libraries with Verilog functional models

   * Please refer to the Formality Release Notes for details and additional enhancements

Build: 4031317
Hostname: crazy_one (RHEL64)
Current time: Sat Jun 13 09:17:06 2026

Loading db file '/opt/synopsys/fm_2016/libraries/syn/gtech.db'
# ========================================================
# Formality Script for MAC16 - Final Corrected Version
# ========================================================
# 设置库路径（包含工艺库所在目录）
set search_path [list . ../lib ../design /home/crazy/work_mac16/lib]
. ../lib ../design /home/crazy/work_mac16/lib
set target_library "ics55_LLSC_H9CR_ss_rcworst_1p08_125_nldm.db"
ics55_LLSC_H9CR_ss_rcworst_1p08_125_nldm.db
set link_library   "* $target_library"
* ics55_LLSC_H9CR_ss_rcworst_1p08_125_nldm.db
# 显式加载标准单元库（确保门级网表可链接）
read_db $target_library
Loading db file '/home/crazy/work_mac16/lib/ics55_LLSC_H9CR_ss_rcworst_1p08_125_nldm.db'
1
# 加载 DC 综合生成的 SVF 文件（引导寄存器匹配）
set_svf ./mac16.svf
SVF set to './mac16.svf'.
1
# 时钟门控验证模式（处理 DC 插入的 latch 门控）
set verification_clock_gate_hold_mode any
any
# ------------------------------------------------------
# 参考设计：RTL 源码
# ------------------------------------------------------
read_verilog -r ../design/fulladder/fulladder.v
No target library specified, default is WORK
Loading verilog file '/home/crazy/work_mac16/design/fulladder/fulladder.v'
Current container set to 'r'
1
read_verilog -r ../design/csa32/csa32.v
No target library specified, default is WORK
Loading verilog file '/home/crazy/work_mac16/design/csa32/csa32.v'
1
read_verilog -r ../design/mul_wallace_u16_pipe1/mul_wallace_u16_pipe1.v
No target library specified, default is WORK
Loading verilog file '/home/crazy/work_mac16/design/mul_wallace_u16_pipe1/mul_wallace_u16_pipe1.v'
1
read_verilog -r ../design/mac_core/mac_core.v
No target library specified, default is WORK
Loading verilog file '/home/crazy/work_mac16/design/mac_core/mac_core.v'
1
read_verilog -r ../design/serial_to_parallel/serial_to_parallel.v
No target library specified, default is WORK
Loading verilog file '/home/crazy/work_mac16/design/serial_to_parallel/serial_to_parallel.v'
1
read_verilog -r ../design/parallel_to_serial/parallel_to_serial.v
No target library specified, default is WORK
Loading verilog file '/home/crazy/work_mac16/design/parallel_to_serial/parallel_to_serial.v'
1
read_verilog -r ../design/mac16_top/mac16_top.v
No target library specified, default is WORK
Loading verilog file '/home/crazy/work_mac16/design/mac16_top/mac16_top.v'
1
read_verilog -r ../design/mac16/mac16.v
No target library specified, default is WORK
Loading verilog file '/home/crazy/work_mac16/design/mac16/mac16.v'
1
# 设置参考设计顶层
set_top r:/WORK/mac16
Setting top design to 'r:/WORK/mac16'
Status:   Elaborating design mac16   ...  
Status:   Elaborating design mac16_top   ...  
Status:   Elaborating design serial_to_parallel   ...  
Status:   Elaborating design mac_core   ...  
Status:   Elaborating design mul_wallace_u16_pipe1   ...  
Status:   Elaborating design csa32   ...  
Status:   Elaborating design fulladder   ...  
Status:   Elaborating design parallel_to_serial   ...  
Status:  Implementing inferred operators...

************ Library Checking Summary ************
Warning:  2 unlinked power cell(s) with no power down functions on outputs.
        Use 'report_libraries -defects all' for more details.
**************************************************

Top design successfully set to 'r:/WORK/mac16'
Reference design set to 'r:/WORK/mac16'
1
# ------------------------------------------------------
# 实现设计：DC 综合后的门级网表
# ------------------------------------------------------
read_verilog -i ../out/syn/mac16_netlist.v
No target library specified, default is WORK
Loading verilog file '/home/crazy/work_mac16/out/syn/mac16_netlist.v'
Current container set to 'i'
1
# 设置实现设计顶层
set_top i:/WORK/mac16
Setting top design to 'i:/WORK/mac16'
Status:  Implementing inferred operators...

************ Library Checking Summary ************
Warning:  2 unlinked power cell(s) with no power down functions on outputs.
        Use 'report_libraries -defects all' for more details.
**************************************************

Top design successfully set to 'i:/WORK/mac16'
Implementation design set to 'i:/WORK/mac16'
1
# ------------------------------------------------------
# 匹配与验证
# ------------------------------------------------------
match
Reference design is 'r:/WORK/mac16'
Implementation design is 'i:/WORK/mac16'
Status:  Checking designs...
Status:  Building verification models...
Status:  Processing Guide Commands...

***************************** Guidance Summary *****************************
                                         Status
Command                 Accepted   Rejected  Unsupported  Unprocessed  Total
----------------------------------------------------------------------------
architecture_netlist:          1          0          0          0          1
boundary            :          2          0          0          0          2
boundary_netlist    :          1          0          0          0          1
change_names        :         17          0          0          0         17
constant            :       1427          0          0          0       1427
datapath            :          2          0          0          0          2
environment         :          4          0          0          0          4
instance_map        :          1          0          0          0          1
inv_push            :          3          0          0          0          3
merge               :          3          0          0          0          3
reg_constant        :        200          0          0          0        200
replace             :          2          0          0          0          2
ungroup             :        502          0          0          0        502
uniquify            :          1          0          0          0          1
ununiquify          :          1          0          0          0          1

SVF files read:
      ./mac16.svf

SVF files produced:
  /home/crazy/work_mac16/script/formality2_svf/
    svf.txt
****************************************************************************

Status:  Matching...
    
*********************************** Matching Results ***********************************    
 770 Compare points matched by name    
 0 Compare points matched by signature analysis    
 0 Compare points matched by topology    
 6 Matched primary inputs, black-box outputs    
 0(30) Unmatched reference(implementation) compare points    
 0(0) Unmatched reference(implementation) primary inputs, black-box outputs    
 279(0) Unmatched reference(implementation) unread points    
----------------------------------------------------------------------------------------    
Unmatched Objects                                                        REF        IMPL    
----------------------------------------------------------------------------------------    
 Registers                                                                 0          30    
   Clock-gate LAT                                                          0          30    
****************************************************************************************

1
# 注意：verify 成功时返回 1（真），失败时返回 0（假）
if {[verify]} {
    echo "=================================================="
    echo "Formality SUCCEEDED! Designs are equivalent."
    echo "=================================================="
} else {
    report_failing_points > fm_failing_points.rpt
    echo "=================================================="
    echo "Formality FAILED! Check fm_failing_points.rpt"
    echo "=================================================="
}
Reference design is 'r:/WORK/mac16'
Implementation design is 'i:/WORK/mac16'
    
*********************************** Matching Results ***********************************    
 770 Compare points matched by name    
 0 Compare points matched by signature analysis    
 0 Compare points matched by topology    
 6 Matched primary inputs, black-box outputs    
 0(30) Unmatched reference(implementation) compare points    
 0(0) Unmatched reference(implementation) primary inputs, black-box outputs    
 279(0) Unmatched reference(implementation) unread points    
----------------------------------------------------------------------------------------    
Unmatched Objects                                                        REF        IMPL    
----------------------------------------------------------------------------------------    
 Registers                                                                 0          30    
   Clock-gate LAT                                                          0          30    
****************************************************************************************

Status:  Verifying...

********************************* Verification Results *********************************
Verification SUCCEEDED
----------------------
 Reference design: r:/WORK/mac16
 Implementation design: i:/WORK/mac16
 770 Passing compare points
----------------------------------------------------------------------------------------
Matched Compare Points     BBPin    Loop   BBNet     Cut    Port     DFF     LAT   TOTAL
----------------------------------------------------------------------------------------
Passing (equivalent)           0       0       0       0       3     767       0     770
Failing (not equivalent)       0       0       0       0       0       0       0       0
****************************************************************************************
==================================================
Formality SUCCEEDED! Designs are equivalent.
==================================================
exit

Maximum memory usage for this session: 577860 KB
CPU usage for this session: 4.5 seconds
Current time: Sat Jun 13 09:17:10 2026
Elapsed time: 15 seconds

Thank you for using Formality (R)!
