Warning: Detected pins or ports without physical pin shapes. The first few such pins or ports are: clk, rst_n, sum_out. (DPPA-325)
****************************************
Report : qor
        -summary
Design : mac16
Version: V-2023.12
Date   : Tue Aug 18 14:58:22 2026
****************************************

Timing
---------------------------------------------------------------------------
Context                                 WNS            TNS            NVE
---------------------------------------------------------------------------
Design             (Setup)            -0.01          -0.04             12

Design             (Hold)             -0.00          -0.00              1
---------------------------------------------------------------------------

Miscellaneous
---------------------------------------------------------------------------
Cell Area (netlist):                          11171.16
Cell Area (netlist and physical only):        11171.16
Nets with DRC Violations:        1
1
