
                                  StarRC (TM)

               Version V-2023.12-SP3 for linux64 - Apr 19, 2024 

                    Copyright (c) 1999 - 2024 Synopsys, Inc.
   This software and the associated documentation are proprietary to Synopsys,
 Inc. This software may only be used in accordance with the terms and conditions
 of a written license agreement with Synopsys, Inc. All other use, reproduction,
   or distribution of this software is strictly prohibited.  Licensed Products
     communicate with Synopsys servers for the purpose of providing software
    updates, detecting software piracy and verifying that customers are using
    Licensed Products in conformity with the applicable License Key for such
  Licensed Products. Synopsys will use information gathered in connection with
    this process to deliver software updates and pursue software pirates and
                                   infringers.

 Inclusivity & Diversity - Visit SolvNetPlus to read the "Synopsys Statement on
            Inclusivity and Diversity" (Refer to article 000036315 at
                        https://solvnetplus.synopsys.com)

ExecName: grdgenxo
Version: V-2023.12-SP3
Built on: Apr 19 2024 19:15:01
Start Time: Tue Sep  1 09:29:18 2026

Host ............ localhost.localdomain

Generating TLUPlus Cap Model... (GRD-0298)
CAP_UNIT = 0.000000F; RES_UNIT = 1.000000ohm; opCond = NOM. (GRD-0259)
Checking the database: first pass... (GRD-0260)
Layer = MET1. BelowPlane = substrate. (GRD-0269)
AbovePlane = MET2. (GRD-0271)
................................................................................................................................................................................................Layer = MET1. BelowPlane = substrate. (GRD-0269)
AbovePlane = MET3. (GRD-0271)
................................................................................................................................................................................................Layer = MET1. BelowPlane = substrate. (GRD-0269)
AbovePlane = MET4. (GRD-0271)
................................................................................................................................................................................................Layer = MET1. BelowPlane = substrate. (GRD-0269)
AbovePlane = MET5. (GRD-0271)
................................................................................................................................................................................................Layer = MET1. BelowPlane = substrate. (GRD-0269)
AbovePlane = MET6. (GRD-0271)
................................................................................................................................................................................................Layer = MET1. BelowPlane = substrate. (GRD-0269)
AbovePlane = T4M2. (GRD-0271)
................................................................................................................................................................................................Layer = MET2. BelowPlane = MET1. (GRD-0269)
AbovePlane = MET3. (GRD-0271)
................................................................................................................................................................................................Layer = MET2. BelowPlane = MET1. (GRD-0269)
AbovePlane = MET4. (GRD-0271)
................................................................................................................................................................................................Layer = MET2. BelowPlane = MET1. (GRD-0269)
AbovePlane = MET5. (GRD-0271)
................................................................................................................................................................................................Layer = MET2. BelowPlane = MET1. (GRD-0269)
AbovePlane = MET6. (GRD-0271)
................................................................................................................................................................................................Layer = MET2. BelowPlane = MET1. (GRD-0269)
AbovePlane = T4M2. (GRD-0271)
................................................................................................................................................................................................Layer = MET2. BelowPlane = MET1. (GRD-0269)
AbovePlane = RDL. (GRD-0271)
................................................................................................................................................................................................Layer = MET2. BelowPlane = MET1. (GRD-0269)
AbovePlane = (GRD-0270)
................................................................................................................................................................................................Layer = MET2. BelowPlane = substrate. (GRD-0269)
AbovePlane = MET3. (GRD-0271)
................................................................................................................................................................................................Layer = MET2. BelowPlane = substrate. (GRD-0269)
AbovePlane = MET4. (GRD-0271)
................................................................................................................................................................................................Layer = MET2. BelowPlane = substrate. (GRD-0269)
AbovePlane = MET5. (GRD-0271)
................................................................................................................................................................................................Layer = MET2. BelowPlane = substrate. (GRD-0269)
AbovePlane = MET6. (GRD-0271)
................................................................................................................................................................................................Layer = MET2. BelowPlane = substrate. (GRD-0269)
AbovePlane = T4M2. (GRD-0271)
................................................................................................................................................................................................Layer = MET2. BelowPlane = substrate. (GRD-0269)
AbovePlane = RDL. (GRD-0271)
................................................................................................................................................................................................Layer = MET2. BelowPlane = substrate. (GRD-0269)
AbovePlane = (GRD-0270)
................................................................................................................................................................................................Layer = MET3. BelowPlane = MET2. (GRD-0269)
AbovePlane = MET4. (GRD-0271)
................................................................................................................................................................................................Layer = MET3. BelowPlane = MET2. (GRD-0269)
AbovePlane = MET5. (GRD-0271)
................................................................................................................................................................................................Layer = MET3. BelowPlane = MET2. (GRD-0269)
AbovePlane = MET6. (GRD-0271)
................................................................................................................................................................................................Layer = MET3. BelowPlane = MET2. (GRD-0269)
AbovePlane = T4M2. (GRD-0271)
................................................................................................................................................................................................Layer = MET3. BelowPlane = MET2. (GRD-0269)
AbovePlane = RDL. (GRD-0271)
................................................................................................................................................................................................Layer = MET3. BelowPlane = MET2. (GRD-0269)
AbovePlane = (GRD-0270)
................................................................................................................................................................................................Layer = MET3. BelowPlane = MET1. (GRD-0269)
AbovePlane = MET4. (GRD-0271)
................................................................................................................................................................................................Layer = MET3. BelowPlane = MET1. (GRD-0269)
AbovePlane = MET5. (GRD-0271)
................................................................................................................................................................................................Layer = MET3. BelowPlane = MET1. (GRD-0269)
AbovePlane = MET6. (GRD-0271)
................................................................................................................................................................................................Layer = MET3. BelowPlane = MET1. (GRD-0269)
AbovePlane = T4M2. (GRD-0271)
................................................................................................................................................................................................Layer = MET3. BelowPlane = MET1. (GRD-0269)
AbovePlane = RDL. (GRD-0271)
................................................................................................................................................................................................Layer = MET3. BelowPlane = MET1. (GRD-0269)
AbovePlane = (GRD-0270)
................................................................................................................................................................................................Layer = MET3. BelowPlane = substrate. (GRD-0269)
AbovePlane = MET4. (GRD-0271)
................................................................................................................................................................................................Layer = MET3. BelowPlane = substrate. (GRD-0269)
AbovePlane = MET5. (GRD-0271)
................................................................................................................................................................................................Layer = MET3. BelowPlane = substrate. (GRD-0269)
AbovePlane = MET6. (GRD-0271)
................................................................................................................................................................................................Layer = MET3. BelowPlane = substrate. (GRD-0269)
AbovePlane = T4M2. (GRD-0271)
................................................................................................................................................................................................Layer = MET3. BelowPlane = substrate. (GRD-0269)
AbovePlane = RDL. (GRD-0271)
................................................................................................................................................................................................Layer = MET3. BelowPlane = substrate. (GRD-0269)
AbovePlane = (GRD-0270)
................................................................................................................................................................................................Layer = MET4. BelowPlane = MET3. (GRD-0269)
AbovePlane = MET5. (GRD-0271)
................................................................................................................................................................................................Layer = MET4. BelowPlane = MET3. (GRD-0269)
AbovePlane = MET6. (GRD-0271)
................................................................................................................................................................................................Layer = MET4. BelowPlane = MET3. (GRD-0269)
AbovePlane = T4M2. (GRD-0271)
................................................................................................................................................................................................Layer = MET4. BelowPlane = MET3. (GRD-0269)
AbovePlane = RDL. (GRD-0271)
................................................................................................................................................................................................Layer = MET4. BelowPlane = MET3. (GRD-0269)
AbovePlane = (GRD-0270)
................................................................................................................................................................................................Layer = MET4. BelowPlane = MET2. (GRD-0269)
AbovePlane = MET5. (GRD-0271)
................................................................................................................................................................................................Layer = MET4. BelowPlane = MET2. (GRD-0269)
AbovePlane = MET6. (GRD-0271)
................................................................................................................................................................................................Layer = MET4. BelowPlane = MET2. (GRD-0269)
AbovePlane = T4M2. (GRD-0271)
................................................................................................................................................................................................Layer = MET4. BelowPlane = MET2. (GRD-0269)
AbovePlane = RDL. (GRD-0271)
................................................................................................................................................................................................Layer = MET4. BelowPlane = MET2. (GRD-0269)
AbovePlane = (GRD-0270)
................................................................................................................................................................................................Layer = MET4. BelowPlane = MET1. (GRD-0269)
AbovePlane = MET5. (GRD-0271)
................................................................................................................................................................................................Layer = MET4. BelowPlane = MET1. (GRD-0269)
AbovePlane = MET6. (GRD-0271)
................................................................................................................................................................................................Layer = MET4. BelowPlane = MET1. (GRD-0269)
AbovePlane = T4M2. (GRD-0271)
................................................................................................................................................................................................Layer = MET4. BelowPlane = MET1. (GRD-0269)
AbovePlane = RDL. (GRD-0271)
................................................................................................................................................................................................Layer = MET4. BelowPlane = MET1. (GRD-0269)
AbovePlane = (GRD-0270)
................................................................................................................................................................................................Layer = MET4. BelowPlane = substrate. (GRD-0269)
AbovePlane = MET5. (GRD-0271)
................................................................................................................................................................................................Layer = MET4. BelowPlane = substrate. (GRD-0269)
AbovePlane = MET6. (GRD-0271)
................................................................................................................................................................................................Layer = MET4. BelowPlane = substrate. (GRD-0269)
AbovePlane = T4M2. (GRD-0271)
................................................................................................................................................................................................Layer = MET4. BelowPlane = substrate. (GRD-0269)
AbovePlane = RDL. (GRD-0271)
................................................................................................................................................................................................Layer = MET4. BelowPlane = substrate. (GRD-0269)
AbovePlane = (GRD-0270)
................................................................................................................................................................................................Layer = MET5. BelowPlane = MET4. (GRD-0269)
AbovePlane = MET6. (GRD-0271)
................................................................................................................................................................................................Layer = MET5. BelowPlane = MET4. (GRD-0269)
AbovePlane = T4M2. (GRD-0271)
................................................................................................................................................................................................Layer = MET5. BelowPlane = MET4. (GRD-0269)
AbovePlane = RDL. (GRD-0271)
................................................................................................................................................................................................Layer = MET5. BelowPlane = MET4. (GRD-0269)
AbovePlane = (GRD-0270)
................................................................................................................................................................................................Layer = MET5. BelowPlane = MET3. (GRD-0269)
AbovePlane = MET6. (GRD-0271)
................................................................................................................................................................................................Layer = MET5. BelowPlane = MET3. (GRD-0269)
AbovePlane = T4M2. (GRD-0271)
................................................................................................................................................................................................Layer = MET5. BelowPlane = MET3. (GRD-0269)
AbovePlane = RDL. (GRD-0271)
................................................................................................................................................................................................Layer = MET5. BelowPlane = MET3. (GRD-0269)
AbovePlane = (GRD-0270)
................................................................................................................................................................................................Layer = MET5. BelowPlane = MET2. (GRD-0269)
AbovePlane = MET6. (GRD-0271)
................................................................................................................................................................................................Layer = MET5. BelowPlane = MET2. (GRD-0269)
AbovePlane = T4M2. (GRD-0271)
................................................................................................................................................................................................Layer = MET5. BelowPlane = MET2. (GRD-0269)
AbovePlane = RDL. (GRD-0271)
................................................................................................................................................................................................Layer = MET5. BelowPlane = MET2. (GRD-0269)
AbovePlane = (GRD-0270)
................................................................................................................................................................................................Layer = MET5. BelowPlane = MET1. (GRD-0269)
AbovePlane = MET6. (GRD-0271)
................................................................................................................................................................................................Layer = MET5. BelowPlane = MET1. (GRD-0269)
AbovePlane = T4M2. (GRD-0271)
................................................................................................................................................................................................Layer = MET5. BelowPlane = MET1. (GRD-0269)
AbovePlane = RDL. (GRD-0271)
................................................................................................................................................................................................Layer = MET5. BelowPlane = MET1. (GRD-0269)
AbovePlane = (GRD-0270)
................................................................................................................................................................................................Layer = MET5. BelowPlane = substrate. (GRD-0269)
AbovePlane = MET6. (GRD-0271)
................................................................................................................................................................................................Layer = MET5. BelowPlane = substrate. (GRD-0269)
AbovePlane = T4M2. (GRD-0271)
................................................................................................................................................................................................Layer = MET5. BelowPlane = substrate. (GRD-0269)
AbovePlane = RDL. (GRD-0271)
................................................................................................................................................................................................Layer = MET5. BelowPlane = substrate. (GRD-0269)
AbovePlane = (GRD-0270)
................................................................................................................................................................................................Layer = MET6. BelowPlane = MET5. (GRD-0269)
AbovePlane = T4M2. (GRD-0271)
................................................................................................................................................................................................Layer = MET6. BelowPlane = MET5. (GRD-0269)
AbovePlane = RDL. (GRD-0271)
................................................................................................................................................................................................Layer = MET6. BelowPlane = MET5. (GRD-0269)
AbovePlane = (GRD-0270)
................................................................................................................................................................................................Layer = MET6. BelowPlane = MET4. (GRD-0269)
AbovePlane = T4M2. (GRD-0271)
................................................................................................................................................................................................Layer = MET6. BelowPlane = MET4. (GRD-0269)
AbovePlane = RDL. (GRD-0271)
................................................................................................................................................................................................Layer = MET6. BelowPlane = MET4. (GRD-0269)
AbovePlane = (GRD-0270)
................................................................................................................................................................................................Layer = MET6. BelowPlane = MET3. (GRD-0269)
AbovePlane = T4M2. (GRD-0271)
................................................................................................................................................................................................Layer = MET6. BelowPlane = MET3. (GRD-0269)
AbovePlane = RDL. (GRD-0271)
................................................................................................................................................................................................Layer = MET6. BelowPlane = MET3. (GRD-0269)
AbovePlane = (GRD-0270)
................................................................................................................................................................................................Layer = MET6. BelowPlane = MET2. (GRD-0269)
AbovePlane = T4M2. (GRD-0271)
................................................................................................................................................................................................Layer = MET6. BelowPlane = MET2. (GRD-0269)
AbovePlane = RDL. (GRD-0271)
................................................................................................................................................................................................Layer = MET6. BelowPlane = MET2. (GRD-0269)
AbovePlane = (GRD-0270)
................................................................................................................................................................................................Layer = MET6. BelowPlane = MET1. (GRD-0269)
AbovePlane = T4M2. (GRD-0271)
................................................................................................................................................................................................Layer = MET6. BelowPlane = MET1. (GRD-0269)
AbovePlane = RDL. (GRD-0271)
................................................................................................................................................................................................Layer = MET6. BelowPlane = MET1. (GRD-0269)
AbovePlane = (GRD-0270)
................................................................................................................................................................................................Layer = MET6. BelowPlane = substrate. (GRD-0269)
AbovePlane = T4M2. (GRD-0271)
................................................................................................................................................................................................Layer = MET6. BelowPlane = substrate. (GRD-0269)
AbovePlane = RDL. (GRD-0271)
................................................................................................................................................................................................Layer = MET6. BelowPlane = substrate. (GRD-0269)
AbovePlane = (GRD-0270)
................................................................................................................................................................................................Layer = T4M2. BelowPlane = MET6. (GRD-0269)
AbovePlane = RDL. (GRD-0271)
................................................................................................................................................................................................Layer = T4M2. BelowPlane = MET6. (GRD-0269)
AbovePlane = (GRD-0270)
................................................................................................................................................................................................Layer = T4M2. BelowPlane = MET5. (GRD-0269)
AbovePlane = RDL. (GRD-0271)
................................................................................................................................................................................................Layer = T4M2. BelowPlane = MET5. (GRD-0269)
AbovePlane = (GRD-0270)
................................................................................................................................................................................................Layer = T4M2. BelowPlane = MET4. (GRD-0269)
AbovePlane = RDL. (GRD-0271)
................................................................................................................................................................................................Layer = T4M2. BelowPlane = MET4. (GRD-0269)
AbovePlane = (GRD-0270)
................................................................................................................................................................................................Layer = T4M2. BelowPlane = MET3. (GRD-0269)
AbovePlane = RDL. (GRD-0271)
................................................................................................................................................................................................Layer = T4M2. BelowPlane = MET3. (GRD-0269)
AbovePlane = (GRD-0270)
................................................................................................................................................................................................Layer = T4M2. BelowPlane = MET2. (GRD-0269)
AbovePlane = RDL. (GRD-0271)
................................................................................................................................................................................................Layer = T4M2. BelowPlane = MET2. (GRD-0269)
AbovePlane = (GRD-0270)
................................................................................................................................................................................................Layer = T4M2. BelowPlane = MET1. (GRD-0269)
AbovePlane = RDL. (GRD-0271)
................................................................................................................................................................................................Layer = T4M2. BelowPlane = MET1. (GRD-0269)
AbovePlane = (GRD-0270)
................................................................................................................................................................................................Layer = RDL. BelowPlane = T4M2. (GRD-0269)
AbovePlane = (GRD-0270)
................................................................................................................................................................................................Layer = RDL. BelowPlane = MET6. (GRD-0269)
AbovePlane = (GRD-0270)
................................................................................................................................................................................................Layer = RDL. BelowPlane = MET5. (GRD-0269)
AbovePlane = (GRD-0270)
................................................................................................................................................................................................Layer = RDL. BelowPlane = MET4. (GRD-0269)
AbovePlane = (GRD-0270)
................................................................................................................................................................................................Layer = RDL. BelowPlane = MET3. (GRD-0269)
AbovePlane = (GRD-0270)
................................................................................................................................................................................................Layer = RDL. BelowPlane = MET2. (GRD-0269)
AbovePlane = (GRD-0270)
................................................................................................................................................................................................Done. (GRD-0062)
Checking the database: second pass... (GRD-0261)
Done. (GRD-0062)
Printing TLUPlus model file ics55_rcworst.tlup ... (GRD-0279)
Generating global variables... (GRD-0268)
Generating resistance tables... (GRD-0263)
Generating additional capacitance information... (GRD-0264)
................................................Generating via information... (GRD-0266)
Generating conductor layer information... (GRD-0267)
Done. (GRD-0062)
