 
****************************************
Report : timing
        -path full
        -delay min
        -max_paths 50
Design : mac16
Version: O-2018.06-SP1
Date   : Sun Jun  7 16:36:05 2026
****************************************

Operating Conditions: ETSCA_N55_H9BR_ss_mos_RCworst_1.08_125   Library: ics55_LLSC_H9CR_ss_rcworst_1p08_125
Wire Load Model Mode: top

  Startpoint: mode (input port clocked by core_clk)
  Endpoint: u_mac16_top/u_mac/mode_d_reg
            (rising edge-triggered flip-flop clocked by core_clk)
  Path Group: core_clk
  Path Type: min

  Point                                                   Incr       Path
  --------------------------------------------------------------------------
  clock core_clk (rise edge)                              0.00       0.00
  clock network delay (ideal)                             0.00       0.00
  input external delay                                    0.07       0.07 f
  mode (in)                                               0.00       0.07 f
  u_mac16_top/u_mac/mode_d_reg/D (DFFRX1H9R)              0.00       0.07 f
  data arrival time                                                  0.07

  clock core_clk (rise edge)                              0.00       0.00
  clock network delay (ideal)                             0.00       0.00
  clock uncertainty                                       0.03       0.03
  u_mac16_top/u_mac/mode_d_reg/CK (DFFRX1H9R)             0.00       0.03 r
  library hold time                                       0.03       0.06
  data required time                                                 0.06
  --------------------------------------------------------------------------
  data required time                                                 0.06
  data arrival time                                                 -0.07
  --------------------------------------------------------------------------
  slack (MET)                                                        0.01


  Startpoint: mode (input port clocked by core_clk)
  Endpoint: u_mac16_top/mode_reg_reg
            (rising edge-triggered flip-flop clocked by core_clk)
  Path Group: core_clk
  Path Type: min

  Point                                                   Incr       Path
  --------------------------------------------------------------------------
  clock core_clk (rise edge)                              0.00       0.00
  clock network delay (ideal)                             0.00       0.00
  input external delay                                    0.07       0.07 f
  mode (in)                                               0.00       0.07 f
  u_mac16_top/mode_reg_reg/D (DFFRPQX0P5H9R)              0.00       0.07 f
  data arrival time                                                  0.07

  clock core_clk (rise edge)                              0.00       0.00
  clock network delay (ideal)                             0.00       0.00
  clock uncertainty                                       0.03       0.03
  u_mac16_top/mode_reg_reg/CK (DFFRPQX0P5H9R)             0.00       0.03 r
  library hold time                                       0.01       0.03
  data required time                                                 0.03
  --------------------------------------------------------------------------
  data required time                                                 0.03
  data arrival time                                                 -0.07
  --------------------------------------------------------------------------
  slack (MET)                                                        0.04


  Startpoint: inB (input port clocked by core_clk)
  Endpoint: u_mac16_top/u_inB/data_out_reg[0]
            (rising edge-triggered flip-flop clocked by core_clk)
  Path Group: core_clk
  Path Type: min

  Point                                                   Incr       Path
  --------------------------------------------------------------------------
  clock core_clk (rise edge)                              0.00       0.00
  clock network delay (ideal)                             0.00       0.00
  input external delay                                    0.07       0.07 f
  inB (in)                                                0.00       0.07 f
  u_mac16_top/u_inB/data_out_reg[0]/D (DFFRPQX0P5H9R)     0.00       0.07 f
  data arrival time                                                  0.07

  clock core_clk (rise edge)                              0.00       0.00
  clock network delay (ideal)                             0.00       0.00
  clock uncertainty                                       0.03       0.03
  u_mac16_top/u_inB/data_out_reg[0]/CK (DFFRPQX0P5H9R)
                                                          0.00       0.03 r
  library hold time                                       0.01       0.03
  data required time                                                 0.03
  --------------------------------------------------------------------------
  data required time                                                 0.03
  data arrival time                                                 -0.07
  --------------------------------------------------------------------------
  slack (MET)                                                        0.04


  Startpoint: inA (input port clocked by core_clk)
  Endpoint: u_mac16_top/u_inA/data_out_reg[0]
            (rising edge-triggered flip-flop clocked by core_clk)
  Path Group: core_clk
  Path Type: min

  Point                                                   Incr       Path
  --------------------------------------------------------------------------
  clock core_clk (rise edge)                              0.00       0.00
  clock network delay (ideal)                             0.00       0.00
  input external delay                                    0.07       0.07 f
  inA (in)                                                0.00       0.07 f
  u_mac16_top/u_inA/data_out_reg[0]/D (DFFRPQX0P5H9R)     0.00       0.07 f
  data arrival time                                                  0.07

  clock core_clk (rise edge)                              0.00       0.00
  clock network delay (ideal)                             0.00       0.00
  clock uncertainty                                       0.03       0.03
  u_mac16_top/u_inA/data_out_reg[0]/CK (DFFRPQX0P5H9R)
                                                          0.00       0.03 r
  library hold time                                       0.01       0.03
  data required time                                                 0.03
  --------------------------------------------------------------------------
  data required time                                                 0.03
  data arrival time                                                 -0.07
  --------------------------------------------------------------------------
  slack (MET)                                                        0.04


  Startpoint: u_mac16_top/clk_gate_fifo_count_reg/latch
              (negative level-sensitive latch clocked by core_clk)
  Endpoint: u_mac16_top/clk_gate_fifo_count_reg/main_gate
            (gating element for clock core_clk)
  Path Group: core_clk
  Path Type: min

  Point                                                   Incr       Path
  --------------------------------------------------------------------------
  clock core_clk (fall edge)                              0.50       0.50
  clock network delay (ideal)                             0.00       0.50
  u_mac16_top/clk_gate_fifo_count_reg/latch/GN (LATLQX0P5H9R)
                                                          0.00       0.50 f
  u_mac16_top/clk_gate_fifo_count_reg/latch/Q (LATLQX0P5H9R)
                                                          0.12       0.62 r
  u_mac16_top/clk_gate_fifo_count_reg/main_gate/A (AND2X0P5H9R)
                                                          0.00       0.62 r
  data arrival time                                                  0.62

  clock core_clk (fall edge)                              0.50       0.50
  clock network delay (ideal)                             0.00       0.50
  clock uncertainty                                       0.03       0.52
  u_mac16_top/clk_gate_fifo_count_reg/main_gate/B (AND2X0P5H9R)
                                                          0.00       0.52 f
  clock gating hold time                                  0.00       0.52
  data required time                                                 0.52
  --------------------------------------------------------------------------
  data required time                                                 0.52
  data arrival time                                                 -0.62
  --------------------------------------------------------------------------
  slack (MET)                                                        0.10


  Startpoint: u_mac16_top/clk_gate_opA_fifo_reg[3]/latch
              (negative level-sensitive latch clocked by core_clk)
  Endpoint: u_mac16_top/clk_gate_opA_fifo_reg[3]/main_gate
            (gating element for clock core_clk)
  Path Group: core_clk
  Path Type: min

  Point                                                   Incr       Path
  --------------------------------------------------------------------------
  clock core_clk (fall edge)                              0.50       0.50
  clock network delay (ideal)                             0.00       0.50
  u_mac16_top/clk_gate_opA_fifo_reg[3]/latch/GN (LATLQX0P5H9R)
                                                          0.00       0.50 f
  u_mac16_top/clk_gate_opA_fifo_reg[3]/latch/Q (LATLQX0P5H9R)
                                                          0.12       0.62 r
  u_mac16_top/clk_gate_opA_fifo_reg[3]/main_gate/A (AND2X0P5H9R)
                                                          0.00       0.62 r
  data arrival time                                                  0.62

  clock core_clk (fall edge)                              0.50       0.50
  clock network delay (ideal)                             0.00       0.50
  clock uncertainty                                       0.03       0.52
  u_mac16_top/clk_gate_opA_fifo_reg[3]/main_gate/B (AND2X0P5H9R)
                                                          0.00       0.52 f
  clock gating hold time                                  0.00       0.52
  data required time                                                 0.52
  --------------------------------------------------------------------------
  data required time                                                 0.52
  data arrival time                                                 -0.62
  --------------------------------------------------------------------------
  slack (MET)                                                        0.10


  Startpoint: u_mac16_top/clk_gate_opA_fifo_reg[2]/latch
              (negative level-sensitive latch clocked by core_clk)
  Endpoint: u_mac16_top/clk_gate_opA_fifo_reg[2]/main_gate
            (gating element for clock core_clk)
  Path Group: core_clk
  Path Type: min

  Point                                                   Incr       Path
  --------------------------------------------------------------------------
  clock core_clk (fall edge)                              0.50       0.50
  clock network delay (ideal)                             0.00       0.50
  u_mac16_top/clk_gate_opA_fifo_reg[2]/latch/GN (LATLQX0P5H9R)
                                                          0.00       0.50 f
  u_mac16_top/clk_gate_opA_fifo_reg[2]/latch/Q (LATLQX0P5H9R)
                                                          0.12       0.62 r
  u_mac16_top/clk_gate_opA_fifo_reg[2]/main_gate/A (AND2X0P5H9R)
                                                          0.00       0.62 r
  data arrival time                                                  0.62

  clock core_clk (fall edge)                              0.50       0.50
  clock network delay (ideal)                             0.00       0.50
  clock uncertainty                                       0.03       0.52
  u_mac16_top/clk_gate_opA_fifo_reg[2]/main_gate/B (AND2X0P5H9R)
                                                          0.00       0.52 f
  clock gating hold time                                  0.00       0.52
  data required time                                                 0.52
  --------------------------------------------------------------------------
  data required time                                                 0.52
  data arrival time                                                 -0.62
  --------------------------------------------------------------------------
  slack (MET)                                                        0.10


  Startpoint: u_mac16_top/clk_gate_opA_fifo_reg[1]/latch
              (negative level-sensitive latch clocked by core_clk)
  Endpoint: u_mac16_top/clk_gate_opA_fifo_reg[1]/main_gate
            (gating element for clock core_clk)
  Path Group: core_clk
  Path Type: min

  Point                                                   Incr       Path
  --------------------------------------------------------------------------
  clock core_clk (fall edge)                              0.50       0.50
  clock network delay (ideal)                             0.00       0.50
  u_mac16_top/clk_gate_opA_fifo_reg[1]/latch/GN (LATLQX0P5H9R)
                                                          0.00       0.50 f
  u_mac16_top/clk_gate_opA_fifo_reg[1]/latch/Q (LATLQX0P5H9R)
                                                          0.12       0.62 r
  u_mac16_top/clk_gate_opA_fifo_reg[1]/main_gate/A (AND2X0P5H9R)
                                                          0.00       0.62 r
  data arrival time                                                  0.62

  clock core_clk (fall edge)                              0.50       0.50
  clock network delay (ideal)                             0.00       0.50
  clock uncertainty                                       0.03       0.52
  u_mac16_top/clk_gate_opA_fifo_reg[1]/main_gate/B (AND2X0P5H9R)
                                                          0.00       0.52 f
  clock gating hold time                                  0.00       0.52
  data required time                                                 0.52
  --------------------------------------------------------------------------
  data required time                                                 0.52
  data arrival time                                                 -0.62
  --------------------------------------------------------------------------
  slack (MET)                                                        0.10


  Startpoint: u_mac16_top/clk_gate_opA_fifo_reg[0]/latch
              (negative level-sensitive latch clocked by core_clk)
  Endpoint: u_mac16_top/clk_gate_opA_fifo_reg[0]/main_gate
            (gating element for clock core_clk)
  Path Group: core_clk
  Path Type: min

  Point                                                   Incr       Path
  --------------------------------------------------------------------------
  clock core_clk (fall edge)                              0.50       0.50
  clock network delay (ideal)                             0.00       0.50
  u_mac16_top/clk_gate_opA_fifo_reg[0]/latch/GN (LATLQX0P5H9R)
                                                          0.00       0.50 f
  u_mac16_top/clk_gate_opA_fifo_reg[0]/latch/Q (LATLQX0P5H9R)
                                                          0.12       0.62 r
  u_mac16_top/clk_gate_opA_fifo_reg[0]/main_gate/A (AND2X0P5H9R)
                                                          0.00       0.62 r
  data arrival time                                                  0.62

  clock core_clk (fall edge)                              0.50       0.50
  clock network delay (ideal)                             0.00       0.50
  clock uncertainty                                       0.03       0.52
  u_mac16_top/clk_gate_opA_fifo_reg[0]/main_gate/B (AND2X0P5H9R)
                                                          0.00       0.52 f
  clock gating hold time                                  0.00       0.52
  data required time                                                 0.52
  --------------------------------------------------------------------------
  data required time                                                 0.52
  data arrival time                                                 -0.62
  --------------------------------------------------------------------------
  slack (MET)                                                        0.10


  Startpoint: u_mac16_top/clk_gate_mac_result_shadow_reg/latch
              (negative level-sensitive latch clocked by core_clk)
  Endpoint: u_mac16_top/clk_gate_mac_result_shadow_reg/main_gate
            (gating element for clock core_clk)
  Path Group: core_clk
  Path Type: min

  Point                                                   Incr       Path
  --------------------------------------------------------------------------
  clock core_clk (fall edge)                              0.50       0.50
  clock network delay (ideal)                             0.00       0.50
  u_mac16_top/clk_gate_mac_result_shadow_reg/latch/GN (LATLQX0P5H9R)
                                                          0.00       0.50 f
  u_mac16_top/clk_gate_mac_result_shadow_reg/latch/Q (LATLQX0P5H9R)
                                                          0.12       0.62 r
  u_mac16_top/clk_gate_mac_result_shadow_reg/main_gate/A (AND2X0P5H9R)
                                                          0.00       0.62 r
  data arrival time                                                  0.62

  clock core_clk (fall edge)                              0.50       0.50
  clock network delay (ideal)                             0.00       0.50
  clock uncertainty                                       0.03       0.52
  u_mac16_top/clk_gate_mac_result_shadow_reg/main_gate/B (AND2X0P5H9R)
                                                          0.00       0.52 f
  clock gating hold time                                  0.00       0.52
  data required time                                                 0.52
  --------------------------------------------------------------------------
  data required time                                                 0.52
  data arrival time                                                 -0.62
  --------------------------------------------------------------------------
  slack (MET)                                                        0.10


  Startpoint: u_mac16_top/clk_gate_op_fifo_count_reg/latch
              (negative level-sensitive latch clocked by core_clk)
  Endpoint: u_mac16_top/clk_gate_op_fifo_count_reg/main_gate
            (gating element for clock core_clk)
  Path Group: core_clk
  Path Type: min

  Point                                                   Incr       Path
  --------------------------------------------------------------------------
  clock core_clk (fall edge)                              0.50       0.50
  clock network delay (ideal)                             0.00       0.50
  u_mac16_top/clk_gate_op_fifo_count_reg/latch/GN (LATLQX0P5H9R)
                                                          0.00       0.50 f
  u_mac16_top/clk_gate_op_fifo_count_reg/latch/Q (LATLQX0P5H9R)
                                                          0.12       0.62 r
  u_mac16_top/clk_gate_op_fifo_count_reg/main_gate/A (AND2X0P5H9R)
                                                          0.00       0.62 r
  data arrival time                                                  0.62

  clock core_clk (fall edge)                              0.50       0.50
  clock network delay (ideal)                             0.00       0.50
  clock uncertainty                                       0.03       0.52
  u_mac16_top/clk_gate_op_fifo_count_reg/main_gate/B (AND2X0P5H9R)
                                                          0.00       0.52 f
  clock gating hold time                                  0.00       0.52
  data required time                                                 0.52
  --------------------------------------------------------------------------
  data required time                                                 0.52
  data arrival time                                                 -0.62
  --------------------------------------------------------------------------
  slack (MET)                                                        0.10


  Startpoint: u_mac16_top/clk_gate_result_fifo_reg[3]/latch
              (negative level-sensitive latch clocked by core_clk)
  Endpoint: u_mac16_top/clk_gate_result_fifo_reg[3]/main_gate
            (gating element for clock core_clk)
  Path Group: core_clk
  Path Type: min

  Point                                                   Incr       Path
  --------------------------------------------------------------------------
  clock core_clk (fall edge)                              0.50       0.50
  clock network delay (ideal)                             0.00       0.50
  u_mac16_top/clk_gate_result_fifo_reg[3]/latch/GN (LATLQX0P5H9R)
                                                          0.00       0.50 f
  u_mac16_top/clk_gate_result_fifo_reg[3]/latch/Q (LATLQX0P5H9R)
                                                          0.12       0.62 r
  u_mac16_top/clk_gate_result_fifo_reg[3]/main_gate/A (AND2X0P5H9R)
                                                          0.00       0.62 r
  data arrival time                                                  0.62

  clock core_clk (fall edge)                              0.50       0.50
  clock network delay (ideal)                             0.00       0.50
  clock uncertainty                                       0.03       0.52
  u_mac16_top/clk_gate_result_fifo_reg[3]/main_gate/B (AND2X0P5H9R)
                                                          0.00       0.52 f
  clock gating hold time                                  0.00       0.52
  data required time                                                 0.52
  --------------------------------------------------------------------------
  data required time                                                 0.52
  data arrival time                                                 -0.62
  --------------------------------------------------------------------------
  slack (MET)                                                        0.10


  Startpoint: u_mac16_top/clk_gate_result_fifo_reg[2]/latch
              (negative level-sensitive latch clocked by core_clk)
  Endpoint: u_mac16_top/clk_gate_result_fifo_reg[2]/main_gate
            (gating element for clock core_clk)
  Path Group: core_clk
  Path Type: min

  Point                                                   Incr       Path
  --------------------------------------------------------------------------
  clock core_clk (fall edge)                              0.50       0.50
  clock network delay (ideal)                             0.00       0.50
  u_mac16_top/clk_gate_result_fifo_reg[2]/latch/GN (LATLQX0P5H9R)
                                                          0.00       0.50 f
  u_mac16_top/clk_gate_result_fifo_reg[2]/latch/Q (LATLQX0P5H9R)
                                                          0.12       0.62 r
  u_mac16_top/clk_gate_result_fifo_reg[2]/main_gate/A (AND2X0P5H9R)
                                                          0.00       0.62 r
  data arrival time                                                  0.62

  clock core_clk (fall edge)                              0.50       0.50
  clock network delay (ideal)                             0.00       0.50
  clock uncertainty                                       0.03       0.52
  u_mac16_top/clk_gate_result_fifo_reg[2]/main_gate/B (AND2X0P5H9R)
                                                          0.00       0.52 f
  clock gating hold time                                  0.00       0.52
  data required time                                                 0.52
  --------------------------------------------------------------------------
  data required time                                                 0.52
  data arrival time                                                 -0.62
  --------------------------------------------------------------------------
  slack (MET)                                                        0.10


  Startpoint: u_mac16_top/clk_gate_result_fifo_reg[1]/latch
              (negative level-sensitive latch clocked by core_clk)
  Endpoint: u_mac16_top/clk_gate_result_fifo_reg[1]/main_gate
            (gating element for clock core_clk)
  Path Group: core_clk
  Path Type: min

  Point                                                   Incr       Path
  --------------------------------------------------------------------------
  clock core_clk (fall edge)                              0.50       0.50
  clock network delay (ideal)                             0.00       0.50
  u_mac16_top/clk_gate_result_fifo_reg[1]/latch/GN (LATLQX0P5H9R)
                                                          0.00       0.50 f
  u_mac16_top/clk_gate_result_fifo_reg[1]/latch/Q (LATLQX0P5H9R)
                                                          0.12       0.62 r
  u_mac16_top/clk_gate_result_fifo_reg[1]/main_gate/A (AND2X0P5H9R)
                                                          0.00       0.62 r
  data arrival time                                                  0.62

  clock core_clk (fall edge)                              0.50       0.50
  clock network delay (ideal)                             0.00       0.50
  clock uncertainty                                       0.03       0.52
  u_mac16_top/clk_gate_result_fifo_reg[1]/main_gate/B (AND2X0P5H9R)
                                                          0.00       0.52 f
  clock gating hold time                                  0.00       0.52
  data required time                                                 0.52
  --------------------------------------------------------------------------
  data required time                                                 0.52
  data arrival time                                                 -0.62
  --------------------------------------------------------------------------
  slack (MET)                                                        0.10


  Startpoint: u_mac16_top/clk_gate_result_fifo_reg[0]/latch
              (negative level-sensitive latch clocked by core_clk)
  Endpoint: u_mac16_top/clk_gate_result_fifo_reg[0]/main_gate
            (gating element for clock core_clk)
  Path Group: core_clk
  Path Type: min

  Point                                                   Incr       Path
  --------------------------------------------------------------------------
  clock core_clk (fall edge)                              0.50       0.50
  clock network delay (ideal)                             0.00       0.50
  u_mac16_top/clk_gate_result_fifo_reg[0]/latch/GN (LATLQX0P5H9R)
                                                          0.00       0.50 f
  u_mac16_top/clk_gate_result_fifo_reg[0]/latch/Q (LATLQX0P5H9R)
                                                          0.12       0.62 r
  u_mac16_top/clk_gate_result_fifo_reg[0]/main_gate/A (AND2X0P5H9R)
                                                          0.00       0.62 r
  data arrival time                                                  0.62

  clock core_clk (fall edge)                              0.50       0.50
  clock network delay (ideal)                             0.00       0.50
  clock uncertainty                                       0.03       0.52
  u_mac16_top/clk_gate_result_fifo_reg[0]/main_gate/B (AND2X0P5H9R)
                                                          0.00       0.52 f
  clock gating hold time                                  0.00       0.52
  data required time                                                 0.52
  --------------------------------------------------------------------------
  data required time                                                 0.52
  data arrival time                                                 -0.62
  --------------------------------------------------------------------------
  slack (MET)                                                        0.10


  Startpoint: u_mac16_top/clk_gate_sched_cnt_reg/latch
              (negative level-sensitive latch clocked by core_clk)
  Endpoint: u_mac16_top/clk_gate_sched_cnt_reg/main_gate
            (gating element for clock core_clk)
  Path Group: core_clk
  Path Type: min

  Point                                                   Incr       Path
  --------------------------------------------------------------------------
  clock core_clk (fall edge)                              0.50       0.50
  clock network delay (ideal)                             0.00       0.50
  u_mac16_top/clk_gate_sched_cnt_reg/latch/GN (LATLQX0P5H9R)
                                                          0.00       0.50 f
  u_mac16_top/clk_gate_sched_cnt_reg/latch/Q (LATLQX0P5H9R)
                                                          0.12       0.62 r
  u_mac16_top/clk_gate_sched_cnt_reg/main_gate/A (AND2X0P5H9R)
                                                          0.00       0.62 r
  data arrival time                                                  0.62

  clock core_clk (fall edge)                              0.50       0.50
  clock network delay (ideal)                             0.00       0.50
  clock uncertainty                                       0.03       0.52
  u_mac16_top/clk_gate_sched_cnt_reg/main_gate/B (AND2X0P5H9R)
                                                          0.00       0.52 f
  clock gating hold time                                  0.00       0.52
  data required time                                                 0.52
  --------------------------------------------------------------------------
  data required time                                                 0.52
  data arrival time                                                 -0.62
  --------------------------------------------------------------------------
  slack (MET)                                                        0.10


  Startpoint: u_mac16_top/clk_gate_op_fifo_rd_ptr_reg/latch
              (negative level-sensitive latch clocked by core_clk)
  Endpoint: u_mac16_top/clk_gate_op_fifo_rd_ptr_reg/main_gate
            (gating element for clock core_clk)
  Path Group: core_clk
  Path Type: min

  Point                                                   Incr       Path
  --------------------------------------------------------------------------
  clock core_clk (fall edge)                              0.50       0.50
  clock network delay (ideal)                             0.00       0.50
  u_mac16_top/clk_gate_op_fifo_rd_ptr_reg/latch/GN (LATLQX0P5H9R)
                                                          0.00       0.50 f
  u_mac16_top/clk_gate_op_fifo_rd_ptr_reg/latch/Q (LATLQX0P5H9R)
                                                          0.12       0.62 r
  u_mac16_top/clk_gate_op_fifo_rd_ptr_reg/main_gate/A (AND2X0P5H9R)
                                                          0.00       0.62 r
  data arrival time                                                  0.62

  clock core_clk (fall edge)                              0.50       0.50
  clock network delay (ideal)                             0.00       0.50
  clock uncertainty                                       0.03       0.52
  u_mac16_top/clk_gate_op_fifo_rd_ptr_reg/main_gate/B (AND2X0P5H9R)
                                                          0.00       0.52 f
  clock gating hold time                                  0.00       0.52
  data required time                                                 0.52
  --------------------------------------------------------------------------
  data required time                                                 0.52
  data arrival time                                                 -0.62
  --------------------------------------------------------------------------
  slack (MET)                                                        0.10


  Startpoint: u_mac16_top/clk_gate_opB_reg_reg/latch
              (negative level-sensitive latch clocked by core_clk)
  Endpoint: u_mac16_top/clk_gate_opB_reg_reg/main_gate
            (gating element for clock core_clk)
  Path Group: core_clk
  Path Type: min

  Point                                                   Incr       Path
  --------------------------------------------------------------------------
  clock core_clk (fall edge)                              0.50       0.50
  clock network delay (ideal)                             0.00       0.50
  u_mac16_top/clk_gate_opB_reg_reg/latch/GN (LATLQX0P5H9R)
                                                          0.00       0.50 f
  u_mac16_top/clk_gate_opB_reg_reg/latch/Q (LATLQX0P5H9R)
                                                          0.12       0.62 r
  u_mac16_top/clk_gate_opB_reg_reg/main_gate/A (AND2X0P5H9R)
                                                          0.00       0.62 r
  data arrival time                                                  0.62

  clock core_clk (fall edge)                              0.50       0.50
  clock network delay (ideal)                             0.00       0.50
  clock uncertainty                                       0.03       0.52
  u_mac16_top/clk_gate_opB_reg_reg/main_gate/B (AND2X0P5H9R)
                                                          0.00       0.52 f
  clock gating hold time                                  0.00       0.52
  data required time                                                 0.52
  --------------------------------------------------------------------------
  data required time                                                 0.52
  data arrival time                                                 -0.62
  --------------------------------------------------------------------------
  slack (MET)                                                        0.10


  Startpoint: u_mac16_top/u_mac/clk_gate_last_prod_reg/latch
              (negative level-sensitive latch clocked by core_clk)
  Endpoint: u_mac16_top/u_mac/clk_gate_last_prod_reg/main_gate
            (gating element for clock core_clk)
  Path Group: core_clk
  Path Type: min

  Point                                                   Incr       Path
  --------------------------------------------------------------------------
  clock core_clk (fall edge)                              0.50       0.50
  clock network delay (ideal)                             0.00       0.50
  u_mac16_top/u_mac/clk_gate_last_prod_reg/latch/GN (LATLQX0P5H9R)
                                                          0.00       0.50 f
  u_mac16_top/u_mac/clk_gate_last_prod_reg/latch/Q (LATLQX0P5H9R)
                                                          0.12       0.62 r
  u_mac16_top/u_mac/clk_gate_last_prod_reg/main_gate/A (AND2X0P5H9R)
                                                          0.00       0.62 r
  data arrival time                                                  0.62

  clock core_clk (fall edge)                              0.50       0.50
  clock network delay (ideal)                             0.00       0.50
  clock uncertainty                                       0.03       0.52
  u_mac16_top/u_mac/clk_gate_last_prod_reg/main_gate/B (AND2X0P5H9R)
                                                          0.00       0.52 f
  clock gating hold time                                  0.00       0.52
  data required time                                                 0.52
  --------------------------------------------------------------------------
  data required time                                                 0.52
  data arrival time                                                 -0.62
  --------------------------------------------------------------------------
  slack (MET)                                                        0.10


  Startpoint: u_mac16_top/u_mac/clk_gate_sum_out_reg/latch
              (negative level-sensitive latch clocked by core_clk)
  Endpoint: u_mac16_top/u_mac/clk_gate_sum_out_reg/main_gate
            (gating element for clock core_clk)
  Path Group: core_clk
  Path Type: min

  Point                                                   Incr       Path
  --------------------------------------------------------------------------
  clock core_clk (fall edge)                              0.50       0.50
  clock network delay (ideal)                             0.00       0.50
  u_mac16_top/u_mac/clk_gate_sum_out_reg/latch/GN (LATLQX0P5H9R)
                                                          0.00       0.50 f
  u_mac16_top/u_mac/clk_gate_sum_out_reg/latch/Q (LATLQX0P5H9R)
                                                          0.12       0.62 r
  u_mac16_top/u_mac/clk_gate_sum_out_reg/main_gate/A (AND2X0P5H9R)
                                                          0.00       0.62 r
  data arrival time                                                  0.62

  clock core_clk (fall edge)                              0.50       0.50
  clock network delay (ideal)                             0.00       0.50
  clock uncertainty                                       0.03       0.52
  u_mac16_top/u_mac/clk_gate_sum_out_reg/main_gate/B (AND2X0P5H9R)
                                                          0.00       0.52 f
  clock gating hold time                                  0.00       0.52
  data required time                                                 0.52
  --------------------------------------------------------------------------
  data required time                                                 0.52
  data arrival time                                                 -0.62
  --------------------------------------------------------------------------
  slack (MET)                                                        0.10


  Startpoint: u_mac16_top/u_mac/clk_gate_accum_reg_reg/latch
              (negative level-sensitive latch clocked by core_clk)
  Endpoint: u_mac16_top/u_mac/clk_gate_accum_reg_reg/main_gate
            (gating element for clock core_clk)
  Path Group: core_clk
  Path Type: min

  Point                                                   Incr       Path
  --------------------------------------------------------------------------
  clock core_clk (fall edge)                              0.50       0.50
  clock network delay (ideal)                             0.00       0.50
  u_mac16_top/u_mac/clk_gate_accum_reg_reg/latch/GN (LATLQX0P5H9R)
                                                          0.00       0.50 f
  u_mac16_top/u_mac/clk_gate_accum_reg_reg/latch/Q (LATLQX0P5H9R)
                                                          0.12       0.62 r
  u_mac16_top/u_mac/clk_gate_accum_reg_reg/main_gate/A (AND2X0P5H9R)
                                                          0.00       0.62 r
  data arrival time                                                  0.62

  clock core_clk (fall edge)                              0.50       0.50
  clock network delay (ideal)                             0.00       0.50
  clock uncertainty                                       0.03       0.52
  u_mac16_top/u_mac/clk_gate_accum_reg_reg/main_gate/B (AND2X0P5H9R)
                                                          0.00       0.52 f
  clock gating hold time                                  0.00       0.52
  data required time                                                 0.52
  --------------------------------------------------------------------------
  data required time                                                 0.52
  data arrival time                                                 -0.62
  --------------------------------------------------------------------------
  slack (MET)                                                        0.10


  Startpoint: u_mac16_top/u_out/clk_gate_bits_left_reg/latch
              (negative level-sensitive latch clocked by core_clk)
  Endpoint: u_mac16_top/u_out/clk_gate_bits_left_reg/main_gate
            (gating element for clock core_clk)
  Path Group: core_clk
  Path Type: min

  Point                                                   Incr       Path
  --------------------------------------------------------------------------
  clock core_clk (fall edge)                              0.50       0.50
  clock network delay (ideal)                             0.00       0.50
  u_mac16_top/u_out/clk_gate_bits_left_reg/latch/GN (LATLQX0P5H9R)
                                                          0.00       0.50 f
  u_mac16_top/u_out/clk_gate_bits_left_reg/latch/Q (LATLQX0P5H9R)
                                                          0.12       0.62 r
  u_mac16_top/u_out/clk_gate_bits_left_reg/main_gate/A (AND2X0P5H9R)
                                                          0.00       0.62 r
  data arrival time                                                  0.62

  clock core_clk (fall edge)                              0.50       0.50
  clock network delay (ideal)                             0.00       0.50
  clock uncertainty                                       0.03       0.52
  u_mac16_top/u_out/clk_gate_bits_left_reg/main_gate/B (AND2X0P5H9R)
                                                          0.00       0.52 f
  clock gating hold time                                  0.00       0.52
  data required time                                                 0.52
  --------------------------------------------------------------------------
  data required time                                                 0.52
  data arrival time                                                 -0.62
  --------------------------------------------------------------------------
  slack (MET)                                                        0.10


  Startpoint: u_mac16_top/u_inB/clk_gate_data_out_reg/latch
              (negative level-sensitive latch clocked by core_clk)
  Endpoint: u_mac16_top/u_inB/clk_gate_data_out_reg/main_gate
            (gating element for clock core_clk)
  Path Group: core_clk
  Path Type: min

  Point                                                   Incr       Path
  --------------------------------------------------------------------------
  clock core_clk (fall edge)                              0.50       0.50
  clock network delay (ideal)                             0.00       0.50
  u_mac16_top/u_inB/clk_gate_data_out_reg/latch/GN (LATLQX0P5H9R)
                                                          0.00       0.50 f
  u_mac16_top/u_inB/clk_gate_data_out_reg/latch/Q (LATLQX0P5H9R)
                                                          0.12       0.62 r
  u_mac16_top/u_inB/clk_gate_data_out_reg/main_gate/A (AND2X0P5H9R)
                                                          0.00       0.62 r
  data arrival time                                                  0.62

  clock core_clk (fall edge)                              0.50       0.50
  clock network delay (ideal)                             0.00       0.50
  clock uncertainty                                       0.03       0.52
  u_mac16_top/u_inB/clk_gate_data_out_reg/main_gate/B (AND2X0P5H9R)
                                                          0.00       0.52 f
  clock gating hold time                                  0.00       0.52
  data required time                                                 0.52
  --------------------------------------------------------------------------
  data required time                                                 0.52
  data arrival time                                                 -0.62
  --------------------------------------------------------------------------
  slack (MET)                                                        0.10


  Startpoint: u_mac16_top/u_inA/clk_gate_data_out_reg/latch
              (negative level-sensitive latch clocked by core_clk)
  Endpoint: u_mac16_top/u_inA/clk_gate_data_out_reg/main_gate
            (gating element for clock core_clk)
  Path Group: core_clk
  Path Type: min

  Point                                                   Incr       Path
  --------------------------------------------------------------------------
  clock core_clk (fall edge)                              0.50       0.50
  clock network delay (ideal)                             0.00       0.50
  u_mac16_top/u_inA/clk_gate_data_out_reg/latch/GN (LATLQX0P5H9R)
                                                          0.00       0.50 f
  u_mac16_top/u_inA/clk_gate_data_out_reg/latch/Q (LATLQX0P5H9R)
                                                          0.12       0.62 r
  u_mac16_top/u_inA/clk_gate_data_out_reg/main_gate/A (AND2X0P5H9R)
                                                          0.00       0.62 r
  data arrival time                                                  0.62

  clock core_clk (fall edge)                              0.50       0.50
  clock network delay (ideal)                             0.00       0.50
  clock uncertainty                                       0.03       0.52
  u_mac16_top/u_inA/clk_gate_data_out_reg/main_gate/B (AND2X0P5H9R)
                                                          0.00       0.52 f
  clock gating hold time                                  0.00       0.52
  data required time                                                 0.52
  --------------------------------------------------------------------------
  data required time                                                 0.52
  data arrival time                                                 -0.62
  --------------------------------------------------------------------------
  slack (MET)                                                        0.10


  Startpoint: u_mac16_top/u_mac/u_mul/clk_gate_r_c40_reg/latch
              (negative level-sensitive latch clocked by core_clk)
  Endpoint: u_mac16_top/u_mac/u_mul/clk_gate_r_c40_reg/main_gate
            (gating element for clock core_clk)
  Path Group: core_clk
  Path Type: min

  Point                                                   Incr       Path
  --------------------------------------------------------------------------
  clock core_clk (fall edge)                              0.50       0.50
  clock network delay (ideal)                             0.00       0.50
  u_mac16_top/u_mac/u_mul/clk_gate_r_c40_reg/latch/GN (LATLQX0P5H9R)
                                                          0.00       0.50 f
  u_mac16_top/u_mac/u_mul/clk_gate_r_c40_reg/latch/Q (LATLQX0P5H9R)
                                                          0.12       0.62 r
  u_mac16_top/u_mac/u_mul/clk_gate_r_c40_reg/main_gate/A (AND2X0P5H9R)
                                                          0.00       0.62 r
  data arrival time                                                  0.62

  clock core_clk (fall edge)                              0.50       0.50
  clock network delay (ideal)                             0.00       0.50
  clock uncertainty                                       0.03       0.52
  u_mac16_top/u_mac/u_mul/clk_gate_r_c40_reg/main_gate/B (AND2X0P5H9R)
                                                          0.00       0.52 f
  clock gating hold time                                  0.00       0.52
  data required time                                                 0.52
  --------------------------------------------------------------------------
  data required time                                                 0.52
  data arrival time                                                 -0.62
  --------------------------------------------------------------------------
  slack (MET)                                                        0.10


  Startpoint: u_mac16_top/u_mac/u_mul/clk_gate_r_s40_reg/latch
              (negative level-sensitive latch clocked by core_clk)
  Endpoint: u_mac16_top/u_mac/u_mul/clk_gate_r_s40_reg/main_gate
            (gating element for clock core_clk)
  Path Group: core_clk
  Path Type: min

  Point                                                   Incr       Path
  --------------------------------------------------------------------------
  clock core_clk (fall edge)                              0.50       0.50
  clock network delay (ideal)                             0.00       0.50
  u_mac16_top/u_mac/u_mul/clk_gate_r_s40_reg/latch/GN (LATLQX0P5H9R)
                                                          0.00       0.50 f
  u_mac16_top/u_mac/u_mul/clk_gate_r_s40_reg/latch/Q (LATLQX0P5H9R)
                                                          0.12       0.62 r
  u_mac16_top/u_mac/u_mul/clk_gate_r_s40_reg/main_gate/A (AND2X0P5H9R)
                                                          0.00       0.62 r
  data arrival time                                                  0.62

  clock core_clk (fall edge)                              0.50       0.50
  clock network delay (ideal)                             0.00       0.50
  clock uncertainty                                       0.03       0.52
  u_mac16_top/u_mac/u_mul/clk_gate_r_s40_reg/main_gate/B (AND2X0P5H9R)
                                                          0.00       0.52 f
  clock gating hold time                                  0.00       0.52
  data required time                                                 0.52
  --------------------------------------------------------------------------
  data required time                                                 0.52
  data arrival time                                                 -0.62
  --------------------------------------------------------------------------
  slack (MET)                                                        0.10


  Startpoint: u_mac16_top/u_mac/u_mul/clk_gate_r_s41_reg/latch
              (negative level-sensitive latch clocked by core_clk)
  Endpoint: u_mac16_top/u_mac/u_mul/clk_gate_r_s41_reg/main_gate
            (gating element for clock core_clk)
  Path Group: core_clk
  Path Type: min

  Point                                                   Incr       Path
  --------------------------------------------------------------------------
  clock core_clk (fall edge)                              0.50       0.50
  clock network delay (ideal)                             0.00       0.50
  u_mac16_top/u_mac/u_mul/clk_gate_r_s41_reg/latch/GN (LATLQX0P5H9R)
                                                          0.00       0.50 f
  u_mac16_top/u_mac/u_mul/clk_gate_r_s41_reg/latch/Q (LATLQX0P5H9R)
                                                          0.12       0.62 r
  u_mac16_top/u_mac/u_mul/clk_gate_r_s41_reg/main_gate/A (AND2X0P5H9R)
                                                          0.00       0.62 r
  data arrival time                                                  0.62

  clock core_clk (fall edge)                              0.50       0.50
  clock network delay (ideal)                             0.00       0.50
  clock uncertainty                                       0.03       0.52
  u_mac16_top/u_mac/u_mul/clk_gate_r_s41_reg/main_gate/B (AND2X0P5H9R)
                                                          0.00       0.52 f
  clock gating hold time                                  0.00       0.52
  data required time                                                 0.52
  --------------------------------------------------------------------------
  data required time                                                 0.52
  data arrival time                                                 -0.62
  --------------------------------------------------------------------------
  slack (MET)                                                        0.10


  Startpoint: u_mac16_top/u_mac/u_mul/clk_gate_r_s30_reg/latch
              (negative level-sensitive latch clocked by core_clk)
  Endpoint: u_mac16_top/u_mac/u_mul/clk_gate_r_s30_reg/main_gate
            (gating element for clock core_clk)
  Path Group: core_clk
  Path Type: min

  Point                                                   Incr       Path
  --------------------------------------------------------------------------
  clock core_clk (fall edge)                              0.50       0.50
  clock network delay (ideal)                             0.00       0.50
  u_mac16_top/u_mac/u_mul/clk_gate_r_s30_reg/latch/GN (LATLQX0P5H9R)
                                                          0.00       0.50 f
  u_mac16_top/u_mac/u_mul/clk_gate_r_s30_reg/latch/Q (LATLQX0P5H9R)
                                                          0.12       0.62 r
  u_mac16_top/u_mac/u_mul/clk_gate_r_s30_reg/main_gate/A (AND2X0P5H9R)
                                                          0.00       0.62 r
  data arrival time                                                  0.62

  clock core_clk (fall edge)                              0.50       0.50
  clock network delay (ideal)                             0.00       0.50
  clock uncertainty                                       0.03       0.52
  u_mac16_top/u_mac/u_mul/clk_gate_r_s30_reg/main_gate/B (AND2X0P5H9R)
                                                          0.00       0.52 f
  clock gating hold time                                  0.00       0.52
  data required time                                                 0.52
  --------------------------------------------------------------------------
  data required time                                                 0.52
  data arrival time                                                 -0.62
  --------------------------------------------------------------------------
  slack (MET)                                                        0.10


  Startpoint: u_mac16_top/u_mac/u_mul/clk_gate_r_c31_reg/latch
              (negative level-sensitive latch clocked by core_clk)
  Endpoint: u_mac16_top/u_mac/u_mul/clk_gate_r_c31_reg/main_gate
            (gating element for clock core_clk)
  Path Group: core_clk
  Path Type: min

  Point                                                   Incr       Path
  --------------------------------------------------------------------------
  clock core_clk (fall edge)                              0.50       0.50
  clock network delay (ideal)                             0.00       0.50
  u_mac16_top/u_mac/u_mul/clk_gate_r_c31_reg/latch/GN (LATLQX0P5H9R)
                                                          0.00       0.50 f
  u_mac16_top/u_mac/u_mul/clk_gate_r_c31_reg/latch/Q (LATLQX0P5H9R)
                                                          0.12       0.62 r
  u_mac16_top/u_mac/u_mul/clk_gate_r_c31_reg/main_gate/A (AND2X0P5H9R)
                                                          0.00       0.62 r
  data arrival time                                                  0.62

  clock core_clk (fall edge)                              0.50       0.50
  clock network delay (ideal)                             0.00       0.50
  clock uncertainty                                       0.03       0.52
  u_mac16_top/u_mac/u_mul/clk_gate_r_c31_reg/main_gate/B (AND2X0P5H9R)
                                                          0.00       0.52 f
  clock gating hold time                                  0.00       0.52
  data required time                                                 0.52
  --------------------------------------------------------------------------
  data required time                                                 0.52
  data arrival time                                                 -0.62
  --------------------------------------------------------------------------
  slack (MET)                                                        0.10


  Startpoint: u_mac16_top/u_mac/u_mul/clk_gate_r_s31_reg/latch
              (negative level-sensitive latch clocked by core_clk)
  Endpoint: u_mac16_top/u_mac/u_mul/clk_gate_r_s31_reg/main_gate
            (gating element for clock core_clk)
  Path Group: core_clk
  Path Type: min

  Point                                                   Incr       Path
  --------------------------------------------------------------------------
  clock core_clk (fall edge)                              0.50       0.50
  clock network delay (ideal)                             0.00       0.50
  u_mac16_top/u_mac/u_mul/clk_gate_r_s31_reg/latch/GN (LATLQX0P5H9R)
                                                          0.00       0.50 f
  u_mac16_top/u_mac/u_mul/clk_gate_r_s31_reg/latch/Q (LATLQX0P5H9R)
                                                          0.12       0.62 r
  u_mac16_top/u_mac/u_mul/clk_gate_r_s31_reg/main_gate/A (AND2X0P5H9R)
                                                          0.00       0.62 r
  data arrival time                                                  0.62

  clock core_clk (fall edge)                              0.50       0.50
  clock network delay (ideal)                             0.00       0.50
  clock uncertainty                                       0.03       0.52
  u_mac16_top/u_mac/u_mul/clk_gate_r_s31_reg/main_gate/B (AND2X0P5H9R)
                                                          0.00       0.52 f
  clock gating hold time                                  0.00       0.52
  data required time                                                 0.52
  --------------------------------------------------------------------------
  data required time                                                 0.52
  data arrival time                                                 -0.62
  --------------------------------------------------------------------------
  slack (MET)                                                        0.10


  Startpoint: u_mac16_top/u_mac/u_mul/clk_gate_r_s22_reg/latch
              (negative level-sensitive latch clocked by core_clk)
  Endpoint: u_mac16_top/u_mac/u_mul/clk_gate_r_s22_reg/main_gate
            (gating element for clock core_clk)
  Path Group: core_clk
  Path Type: min

  Point                                                   Incr       Path
  --------------------------------------------------------------------------
  clock core_clk (fall edge)                              0.50       0.50
  clock network delay (ideal)                             0.00       0.50
  u_mac16_top/u_mac/u_mul/clk_gate_r_s22_reg/latch/GN (LATLQX0P5H9R)
                                                          0.00       0.50 f
  u_mac16_top/u_mac/u_mul/clk_gate_r_s22_reg/latch/Q (LATLQX0P5H9R)
                                                          0.12       0.62 r
  u_mac16_top/u_mac/u_mul/clk_gate_r_s22_reg/main_gate/A (AND2X0P5H9R)
                                                          0.00       0.62 r
  data arrival time                                                  0.62

  clock core_clk (fall edge)                              0.50       0.50
  clock network delay (ideal)                             0.00       0.50
  clock uncertainty                                       0.03       0.52
  u_mac16_top/u_mac/u_mul/clk_gate_r_s22_reg/main_gate/B (AND2X0P5H9R)
                                                          0.00       0.52 f
  clock gating hold time                                  0.00       0.52
  data required time                                                 0.52
  --------------------------------------------------------------------------
  data required time                                                 0.52
  data arrival time                                                 -0.62
  --------------------------------------------------------------------------
  slack (MET)                                                        0.10


  Startpoint: u_mac16_top/u_mac/u_mul/clk_gate_r_c21_reg/latch
              (negative level-sensitive latch clocked by core_clk)
  Endpoint: u_mac16_top/u_mac/u_mul/clk_gate_r_c21_reg/main_gate
            (gating element for clock core_clk)
  Path Group: core_clk
  Path Type: min

  Point                                                   Incr       Path
  --------------------------------------------------------------------------
  clock core_clk (fall edge)                              0.50       0.50
  clock network delay (ideal)                             0.00       0.50
  u_mac16_top/u_mac/u_mul/clk_gate_r_c21_reg/latch/GN (LATLQX0P5H9R)
                                                          0.00       0.50 f
  u_mac16_top/u_mac/u_mul/clk_gate_r_c21_reg/latch/Q (LATLQX0P5H9R)
                                                          0.12       0.62 r
  u_mac16_top/u_mac/u_mul/clk_gate_r_c21_reg/main_gate/A (AND2X0P5H9R)
                                                          0.00       0.62 r
  data arrival time                                                  0.62

  clock core_clk (fall edge)                              0.50       0.50
  clock network delay (ideal)                             0.00       0.50
  clock uncertainty                                       0.03       0.52
  u_mac16_top/u_mac/u_mul/clk_gate_r_c21_reg/main_gate/B (AND2X0P5H9R)
                                                          0.00       0.52 f
  clock gating hold time                                  0.00       0.52
  data required time                                                 0.52
  --------------------------------------------------------------------------
  data required time                                                 0.52
  data arrival time                                                 -0.62
  --------------------------------------------------------------------------
  slack (MET)                                                        0.10


  Startpoint: u_mac16_top/u_mac/u_mul/clk_gate_r_s21_reg/latch
              (negative level-sensitive latch clocked by core_clk)
  Endpoint: u_mac16_top/u_mac/u_mul/clk_gate_r_s21_reg/main_gate
            (gating element for clock core_clk)
  Path Group: core_clk
  Path Type: min

  Point                                                   Incr       Path
  --------------------------------------------------------------------------
  clock core_clk (fall edge)                              0.50       0.50
  clock network delay (ideal)                             0.00       0.50
  u_mac16_top/u_mac/u_mul/clk_gate_r_s21_reg/latch/GN (LATLQX0P5H9R)
                                                          0.00       0.50 f
  u_mac16_top/u_mac/u_mul/clk_gate_r_s21_reg/latch/Q (LATLQX0P5H9R)
                                                          0.12       0.62 r
  u_mac16_top/u_mac/u_mul/clk_gate_r_s21_reg/main_gate/A (AND2X0P5H9R)
                                                          0.00       0.62 r
  data arrival time                                                  0.62

  clock core_clk (fall edge)                              0.50       0.50
  clock network delay (ideal)                             0.00       0.50
  clock uncertainty                                       0.03       0.52
  u_mac16_top/u_mac/u_mul/clk_gate_r_s21_reg/main_gate/B (AND2X0P5H9R)
                                                          0.00       0.52 f
  clock gating hold time                                  0.00       0.52
  data required time                                                 0.52
  --------------------------------------------------------------------------
  data required time                                                 0.52
  data arrival time                                                 -0.62
  --------------------------------------------------------------------------
  slack (MET)                                                        0.10


  Startpoint: u_mac16_top/u_mac/u_mul/clk_gate_r_s20_reg/latch
              (negative level-sensitive latch clocked by core_clk)
  Endpoint: u_mac16_top/u_mac/u_mul/clk_gate_r_s20_reg/main_gate
            (gating element for clock core_clk)
  Path Group: core_clk
  Path Type: min

  Point                                                   Incr       Path
  --------------------------------------------------------------------------
  clock core_clk (fall edge)                              0.50       0.50
  clock network delay (ideal)                             0.00       0.50
  u_mac16_top/u_mac/u_mul/clk_gate_r_s20_reg/latch/GN (LATLQX0P5H9R)
                                                          0.00       0.50 f
  u_mac16_top/u_mac/u_mul/clk_gate_r_s20_reg/latch/Q (LATLQX0P5H9R)
                                                          0.12       0.62 r
  u_mac16_top/u_mac/u_mul/clk_gate_r_s20_reg/main_gate/A (AND2X0P5H9R)
                                                          0.00       0.62 r
  data arrival time                                                  0.62

  clock core_clk (fall edge)                              0.50       0.50
  clock network delay (ideal)                             0.00       0.50
  clock uncertainty                                       0.03       0.52
  u_mac16_top/u_mac/u_mul/clk_gate_r_s20_reg/main_gate/B (AND2X0P5H9R)
                                                          0.00       0.52 f
  clock gating hold time                                  0.00       0.52
  data required time                                                 0.52
  --------------------------------------------------------------------------
  data required time                                                 0.52
  data arrival time                                                 -0.62
  --------------------------------------------------------------------------
  slack (MET)                                                        0.10


  Startpoint: inB (input port clocked by core_clk)
  Endpoint: u_mac16_top/u_inB/shift_reg_reg[0]
            (rising edge-triggered flip-flop clocked by core_clk)
  Path Group: core_clk
  Path Type: min

  Point                                                   Incr       Path
  --------------------------------------------------------------------------
  clock core_clk (rise edge)                              0.00       0.00
  clock network delay (ideal)                             0.00       0.00
  input external delay                                    0.07       0.07 f
  inB (in)                                                0.00       0.07 f
  U2647/Y (AND2X0P5H9R)                                   0.09       0.16 f
  u_mac16_top/u_inB/shift_reg_reg[0]/D (DFFRPQX0P5H9R)
                                                          0.00       0.16 f
  data arrival time                                                  0.16

  clock core_clk (rise edge)                              0.00       0.00
  clock network delay (ideal)                             0.00       0.00
  clock uncertainty                                       0.03       0.03
  u_mac16_top/u_inB/shift_reg_reg[0]/CK (DFFRPQX0P5H9R)
                                                          0.00       0.03 r
  library hold time                                       0.01       0.04
  data required time                                                 0.04
  --------------------------------------------------------------------------
  data required time                                                 0.04
  data arrival time                                                 -0.16
  --------------------------------------------------------------------------
  slack (MET)                                                        0.12


  Startpoint: inA (input port clocked by core_clk)
  Endpoint: u_mac16_top/u_inA/shift_reg_reg[0]
            (rising edge-triggered flip-flop clocked by core_clk)
  Path Group: core_clk
  Path Type: min

  Point                                                   Incr       Path
  --------------------------------------------------------------------------
  clock core_clk (rise edge)                              0.00       0.00
  clock network delay (ideal)                             0.00       0.00
  input external delay                                    0.07       0.07 f
  inA (in)                                                0.00       0.07 f
  U2588/Y (AND2X0P5H9R)                                   0.09       0.16 f
  u_mac16_top/u_inA/shift_reg_reg[0]/D (DFFRPQX0P5H9R)
                                                          0.00       0.16 f
  data arrival time                                                  0.16

  clock core_clk (rise edge)                              0.00       0.00
  clock network delay (ideal)                             0.00       0.00
  clock uncertainty                                       0.03       0.03
  u_mac16_top/u_inA/shift_reg_reg[0]/CK (DFFRPQX0P5H9R)
                                                          0.00       0.03 r
  library hold time                                       0.01       0.04
  data required time                                                 0.04
  --------------------------------------------------------------------------
  data required time                                                 0.04
  data arrival time                                                 -0.16
  --------------------------------------------------------------------------
  slack (MET)                                                        0.12


  Startpoint: u_mac16_top/u_mac/u_mul/product_reg_reg[12]
              (rising edge-triggered flip-flop clocked by core_clk)
  Endpoint: u_mac16_top/u_mac/last_prod_reg[12]
            (rising edge-triggered flip-flop clocked by core_clk)
  Path Group: core_clk
  Path Type: min

  Point                                                   Incr       Path
  --------------------------------------------------------------------------
  clock core_clk (rise edge)                              0.00       0.00
  clock network delay (ideal)                             0.00       0.00
  u_mac16_top/u_mac/u_mul/product_reg_reg[12]/CK (DFFRPQX2H9R)
                                                          0.00       0.00 r
  u_mac16_top/u_mac/u_mul/product_reg_reg[12]/Q (DFFRPQX2H9R)
                                                          0.22       0.22 f
  u_mac16_top/u_mac/last_prod_reg[12]/D (DFFRQX1H9R)      0.00       0.22 f
  data arrival time                                                  0.22

  clock core_clk (rise edge)                              0.00       0.00
  clock network delay (ideal)                             0.00       0.00
  clock uncertainty                                       0.03       0.03
  u_mac16_top/u_mac/last_prod_reg[12]/CK (DFFRQX1H9R)     0.00       0.03 r
  library hold time                                       0.04       0.06
  data required time                                                 0.06
  --------------------------------------------------------------------------
  data required time                                                 0.06
  data arrival time                                                 -0.22
  --------------------------------------------------------------------------
  slack (MET)                                                        0.16


  Startpoint: u_mac16_top/u_mac/u_mul/product_reg_reg[0]
              (rising edge-triggered flip-flop clocked by core_clk)
  Endpoint: u_mac16_top/u_mac/last_prod_reg[0]
            (rising edge-triggered flip-flop clocked by core_clk)
  Path Group: core_clk
  Path Type: min

  Point                                                   Incr       Path
  --------------------------------------------------------------------------
  clock core_clk (rise edge)                              0.00       0.00
  clock network delay (ideal)                             0.00       0.00
  u_mac16_top/u_mac/u_mul/product_reg_reg[0]/CK (DFFRPQX4H9R)
                                                          0.00       0.00 r
  u_mac16_top/u_mac/u_mul/product_reg_reg[0]/Q (DFFRPQX4H9R)
                                                          0.21       0.21 f
  u_mac16_top/u_mac/last_prod_reg[0]/D (DFFRPQX1H9R)      0.00       0.21 f
  data arrival time                                                  0.21

  clock core_clk (rise edge)                              0.00       0.00
  clock network delay (ideal)                             0.00       0.00
  clock uncertainty                                       0.03       0.03
  u_mac16_top/u_mac/last_prod_reg[0]/CK (DFFRPQX1H9R)     0.00       0.03 r
  library hold time                                       0.02       0.05
  data required time                                                 0.05
  --------------------------------------------------------------------------
  data required time                                                 0.05
  data arrival time                                                 -0.21
  --------------------------------------------------------------------------
  slack (MET)                                                        0.17


  Startpoint: u_mac16_top/u_mac/u_mul/product_reg_reg[5]
              (rising edge-triggered flip-flop clocked by core_clk)
  Endpoint: u_mac16_top/u_mac/last_prod_reg[5]
            (rising edge-triggered flip-flop clocked by core_clk)
  Path Group: core_clk
  Path Type: min

  Point                                                   Incr       Path
  --------------------------------------------------------------------------
  clock core_clk (rise edge)                              0.00       0.00
  clock network delay (ideal)                             0.00       0.00
  u_mac16_top/u_mac/u_mul/product_reg_reg[5]/CK (DFFRPQX4H9R)
                                                          0.00       0.00 r
  u_mac16_top/u_mac/u_mul/product_reg_reg[5]/Q (DFFRPQX4H9R)
                                                          0.22       0.22 f
  u_mac16_top/u_mac/last_prod_reg[5]/D (DFFRPQX1H9R)      0.00       0.22 f
  data arrival time                                                  0.22

  clock core_clk (rise edge)                              0.00       0.00
  clock network delay (ideal)                             0.00       0.00
  clock uncertainty                                       0.03       0.03
  u_mac16_top/u_mac/last_prod_reg[5]/CK (DFFRPQX1H9R)     0.00       0.03 r
  library hold time                                       0.02       0.05
  data required time                                                 0.05
  --------------------------------------------------------------------------
  data required time                                                 0.05
  data arrival time                                                 -0.22
  --------------------------------------------------------------------------
  slack (MET)                                                        0.17


  Startpoint: u_mac16_top/u_mac/u_mul/product_reg_reg[3]
              (rising edge-triggered flip-flop clocked by core_clk)
  Endpoint: u_mac16_top/u_mac/last_prod_reg[3]
            (rising edge-triggered flip-flop clocked by core_clk)
  Path Group: core_clk
  Path Type: min

  Point                                                   Incr       Path
  --------------------------------------------------------------------------
  clock core_clk (rise edge)                              0.00       0.00
  clock network delay (ideal)                             0.00       0.00
  u_mac16_top/u_mac/u_mul/product_reg_reg[3]/CK (DFFRPQX4H9R)
                                                          0.00       0.00 r
  u_mac16_top/u_mac/u_mul/product_reg_reg[3]/Q (DFFRPQX4H9R)
                                                          0.22       0.22 f
  u_mac16_top/u_mac/last_prod_reg[3]/D (DFFRPQX1H9R)      0.00       0.22 f
  data arrival time                                                  0.22

  clock core_clk (rise edge)                              0.00       0.00
  clock network delay (ideal)                             0.00       0.00
  clock uncertainty                                       0.03       0.03
  u_mac16_top/u_mac/last_prod_reg[3]/CK (DFFRPQX1H9R)     0.00       0.03 r
  library hold time                                       0.02       0.05
  data required time                                                 0.05
  --------------------------------------------------------------------------
  data required time                                                 0.05
  data arrival time                                                 -0.22
  --------------------------------------------------------------------------
  slack (MET)                                                        0.17


  Startpoint: u_mac16_top/u_mac/u_mul/product_reg_reg[8]
              (rising edge-triggered flip-flop clocked by core_clk)
  Endpoint: u_mac16_top/u_mac/last_prod_reg[8]
            (rising edge-triggered flip-flop clocked by core_clk)
  Path Group: core_clk
  Path Type: min

  Point                                                   Incr       Path
  --------------------------------------------------------------------------
  clock core_clk (rise edge)                              0.00       0.00
  clock network delay (ideal)                             0.00       0.00
  u_mac16_top/u_mac/u_mul/product_reg_reg[8]/CK (DFFRPQX2H9R)
                                                          0.00       0.00 r
  u_mac16_top/u_mac/u_mul/product_reg_reg[8]/Q (DFFRPQX2H9R)
                                                          0.22       0.22 f
  u_mac16_top/u_mac/last_prod_reg[8]/D (DFFRPQX1H9R)      0.00       0.22 f
  data arrival time                                                  0.22

  clock core_clk (rise edge)                              0.00       0.00
  clock network delay (ideal)                             0.00       0.00
  clock uncertainty                                       0.03       0.03
  u_mac16_top/u_mac/last_prod_reg[8]/CK (DFFRPQX1H9R)     0.00       0.03 r
  library hold time                                       0.02       0.04
  data required time                                                 0.04
  --------------------------------------------------------------------------
  data required time                                                 0.04
  data arrival time                                                 -0.22
  --------------------------------------------------------------------------
  slack (MET)                                                        0.17


  Startpoint: u_mac16_top/u_mac/u_mul/product_reg_reg[20]
              (rising edge-triggered flip-flop clocked by core_clk)
  Endpoint: u_mac16_top/u_mac/last_prod_reg[20]
            (rising edge-triggered flip-flop clocked by core_clk)
  Path Group: core_clk
  Path Type: min

  Point                                                   Incr       Path
  --------------------------------------------------------------------------
  clock core_clk (rise edge)                              0.00       0.00
  clock network delay (ideal)                             0.00       0.00
  u_mac16_top/u_mac/u_mul/product_reg_reg[20]/CK (DFFRPQX3H9R)
                                                          0.00       0.00 r
  u_mac16_top/u_mac/u_mul/product_reg_reg[20]/Q (DFFRPQX3H9R)
                                                          0.22       0.22 f
  u_mac16_top/u_mac/last_prod_reg[20]/D (DFFRPQX1H9R)     0.00       0.22 f
  data arrival time                                                  0.22

  clock core_clk (rise edge)                              0.00       0.00
  clock network delay (ideal)                             0.00       0.00
  clock uncertainty                                       0.03       0.03
  u_mac16_top/u_mac/last_prod_reg[20]/CK (DFFRPQX1H9R)
                                                          0.00       0.03 r
  library hold time                                       0.02       0.04
  data required time                                                 0.04
  --------------------------------------------------------------------------
  data required time                                                 0.04
  data arrival time                                                 -0.22
  --------------------------------------------------------------------------
  slack (MET)                                                        0.17


  Startpoint: u_mac16_top/u_mac/u_mul/product_reg_reg[1]
              (rising edge-triggered flip-flop clocked by core_clk)
  Endpoint: u_mac16_top/u_mac/last_prod_reg[1]
            (rising edge-triggered flip-flop clocked by core_clk)
  Path Group: core_clk
  Path Type: min

  Point                                                   Incr       Path
  --------------------------------------------------------------------------
  clock core_clk (rise edge)                              0.00       0.00
  clock network delay (ideal)                             0.00       0.00
  u_mac16_top/u_mac/u_mul/product_reg_reg[1]/CK (DFFRPQX2H9R)
                                                          0.00       0.00 r
  u_mac16_top/u_mac/u_mul/product_reg_reg[1]/Q (DFFRPQX2H9R)
                                                          0.22       0.22 f
  u_mac16_top/u_mac/last_prod_reg[1]/D (DFFRPQX1H9R)      0.00       0.22 f
  data arrival time                                                  0.22

  clock core_clk (rise edge)                              0.00       0.00
  clock network delay (ideal)                             0.00       0.00
  clock uncertainty                                       0.03       0.03
  u_mac16_top/u_mac/last_prod_reg[1]/CK (DFFRPQX1H9R)     0.00       0.03 r
  library hold time                                       0.02       0.04
  data required time                                                 0.04
  --------------------------------------------------------------------------
  data required time                                                 0.04
  data arrival time                                                 -0.22
  --------------------------------------------------------------------------
  slack (MET)                                                        0.17


  Startpoint: u_mac16_top/u_mac/u_mul/product_reg_reg[2]
              (rising edge-triggered flip-flop clocked by core_clk)
  Endpoint: u_mac16_top/u_mac/last_prod_reg[2]
            (rising edge-triggered flip-flop clocked by core_clk)
  Path Group: core_clk
  Path Type: min

  Point                                                   Incr       Path
  --------------------------------------------------------------------------
  clock core_clk (rise edge)                              0.00       0.00
  clock network delay (ideal)                             0.00       0.00
  u_mac16_top/u_mac/u_mul/product_reg_reg[2]/CK (DFFRPQX2H9R)
                                                          0.00       0.00 r
  u_mac16_top/u_mac/u_mul/product_reg_reg[2]/Q (DFFRPQX2H9R)
                                                          0.22       0.22 f
  u_mac16_top/u_mac/last_prod_reg[2]/D (DFFRPQX1H9R)      0.00       0.22 f
  data arrival time                                                  0.22

  clock core_clk (rise edge)                              0.00       0.00
  clock network delay (ideal)                             0.00       0.00
  clock uncertainty                                       0.03       0.03
  u_mac16_top/u_mac/last_prod_reg[2]/CK (DFFRPQX1H9R)     0.00       0.03 r
  library hold time                                       0.02       0.04
  data required time                                                 0.04
  --------------------------------------------------------------------------
  data required time                                                 0.04
  data arrival time                                                 -0.22
  --------------------------------------------------------------------------
  slack (MET)                                                        0.17


  Startpoint: u_mac16_top/u_mac/u_mul/product_reg_reg[13]
              (rising edge-triggered flip-flop clocked by core_clk)
  Endpoint: u_mac16_top/u_mac/last_prod_reg[13]
            (rising edge-triggered flip-flop clocked by core_clk)
  Path Group: core_clk
  Path Type: min

  Point                                                   Incr       Path
  --------------------------------------------------------------------------
  clock core_clk (rise edge)                              0.00       0.00
  clock network delay (ideal)                             0.00       0.00
  u_mac16_top/u_mac/u_mul/product_reg_reg[13]/CK (DFFRPQX2H9R)
                                                          0.00       0.00 r
  u_mac16_top/u_mac/u_mul/product_reg_reg[13]/Q (DFFRPQX2H9R)
                                                          0.22       0.22 f
  u_mac16_top/u_mac/last_prod_reg[13]/D (DFFRPQX1H9R)     0.00       0.22 f
  data arrival time                                                  0.22

  clock core_clk (rise edge)                              0.00       0.00
  clock network delay (ideal)                             0.00       0.00
  clock uncertainty                                       0.03       0.03
  u_mac16_top/u_mac/last_prod_reg[13]/CK (DFFRPQX1H9R)
                                                          0.00       0.03 r
  library hold time                                       0.02       0.04
  data required time                                                 0.04
  --------------------------------------------------------------------------
  data required time                                                 0.04
  data arrival time                                                 -0.22
  --------------------------------------------------------------------------
  slack (MET)                                                        0.18


  Startpoint: u_mac16_top/u_mac/u_mul/product_reg_reg[9]
              (rising edge-triggered flip-flop clocked by core_clk)
  Endpoint: u_mac16_top/u_mac/last_prod_reg[9]
            (rising edge-triggered flip-flop clocked by core_clk)
  Path Group: core_clk
  Path Type: min

  Point                                                   Incr       Path
  --------------------------------------------------------------------------
  clock core_clk (rise edge)                              0.00       0.00
  clock network delay (ideal)                             0.00       0.00
  u_mac16_top/u_mac/u_mul/product_reg_reg[9]/CK (DFFRPQX2H9R)
                                                          0.00       0.00 r
  u_mac16_top/u_mac/u_mul/product_reg_reg[9]/Q (DFFRPQX2H9R)
                                                          0.22       0.22 f
  u_mac16_top/u_mac/last_prod_reg[9]/D (DFFRPQX1H9R)      0.00       0.22 f
  data arrival time                                                  0.22

  clock core_clk (rise edge)                              0.00       0.00
  clock network delay (ideal)                             0.00       0.00
  clock uncertainty                                       0.03       0.03
  u_mac16_top/u_mac/last_prod_reg[9]/CK (DFFRPQX1H9R)     0.00       0.03 r
  library hold time                                       0.02       0.04
  data required time                                                 0.04
  --------------------------------------------------------------------------
  data required time                                                 0.04
  data arrival time                                                 -0.22
  --------------------------------------------------------------------------
  slack (MET)                                                        0.18


  Startpoint: u_mac16_top/u_mac/u_mul/product_reg_reg[11]
              (rising edge-triggered flip-flop clocked by core_clk)
  Endpoint: u_mac16_top/u_mac/last_prod_reg[11]
            (rising edge-triggered flip-flop clocked by core_clk)
  Path Group: core_clk
  Path Type: min

  Point                                                   Incr       Path
  --------------------------------------------------------------------------
  clock core_clk (rise edge)                              0.00       0.00
  clock network delay (ideal)                             0.00       0.00
  u_mac16_top/u_mac/u_mul/product_reg_reg[11]/CK (DFFRPQX2H9R)
                                                          0.00       0.00 r
  u_mac16_top/u_mac/u_mul/product_reg_reg[11]/Q (DFFRPQX2H9R)
                                                          0.22       0.22 f
  u_mac16_top/u_mac/last_prod_reg[11]/D (DFFRPQX1H9R)     0.00       0.22 f
  data arrival time                                                  0.22

  clock core_clk (rise edge)                              0.00       0.00
  clock network delay (ideal)                             0.00       0.00
  clock uncertainty                                       0.03       0.03
  u_mac16_top/u_mac/last_prod_reg[11]/CK (DFFRPQX1H9R)
                                                          0.00       0.03 r
  library hold time                                       0.02       0.04
  data required time                                                 0.04
  --------------------------------------------------------------------------
  data required time                                                 0.04
  data arrival time                                                 -0.22
  --------------------------------------------------------------------------
  slack (MET)                                                        0.18


  Startpoint: u_mac16_top/u_mac/u_mul/product_reg_reg[23]
              (rising edge-triggered flip-flop clocked by core_clk)
  Endpoint: u_mac16_top/u_mac/last_prod_reg[23]
            (rising edge-triggered flip-flop clocked by core_clk)
  Path Group: core_clk
  Path Type: min

  Point                                                   Incr       Path
  --------------------------------------------------------------------------
  clock core_clk (rise edge)                              0.00       0.00
  clock network delay (ideal)                             0.00       0.00
  u_mac16_top/u_mac/u_mul/product_reg_reg[23]/CK (DFFRPQX2H9R)
                                                          0.00       0.00 r
  u_mac16_top/u_mac/u_mul/product_reg_reg[23]/Q (DFFRPQX2H9R)
                                                          0.22       0.22 f
  u_mac16_top/u_mac/last_prod_reg[23]/D (DFFRPQX1H9R)     0.00       0.22 f
  data arrival time                                                  0.22

  clock core_clk (rise edge)                              0.00       0.00
  clock network delay (ideal)                             0.00       0.00
  clock uncertainty                                       0.03       0.03
  u_mac16_top/u_mac/last_prod_reg[23]/CK (DFFRPQX1H9R)
                                                          0.00       0.03 r
  library hold time                                       0.02       0.04
  data required time                                                 0.04
  --------------------------------------------------------------------------
  data required time                                                 0.04
  data arrival time                                                 -0.22
  --------------------------------------------------------------------------
  slack (MET)                                                        0.18


  Startpoint: u_mac16_top/u_mac/u_mul/product_reg_reg[7]
              (rising edge-triggered flip-flop clocked by core_clk)
  Endpoint: u_mac16_top/u_mac/last_prod_reg[7]
            (rising edge-triggered flip-flop clocked by core_clk)
  Path Group: core_clk
  Path Type: min

  Point                                                   Incr       Path
  --------------------------------------------------------------------------
  clock core_clk (rise edge)                              0.00       0.00
  clock network delay (ideal)                             0.00       0.00
  u_mac16_top/u_mac/u_mul/product_reg_reg[7]/CK (DFFRPQX1H9R)
                                                          0.00       0.00 r
  u_mac16_top/u_mac/u_mul/product_reg_reg[7]/Q (DFFRPQX1H9R)
                                                          0.23       0.23 f
  u_mac16_top/u_mac/last_prod_reg[7]/D (DFFRQX1H9R)       0.00       0.23 f
  data arrival time                                                  0.23

  clock core_clk (rise edge)                              0.00       0.00
  clock network delay (ideal)                             0.00       0.00
  clock uncertainty                                       0.03       0.03
  u_mac16_top/u_mac/last_prod_reg[7]/CK (DFFRQX1H9R)      0.00       0.03 r
  library hold time                                       0.03       0.06
  data required time                                                 0.06
  --------------------------------------------------------------------------
  data required time                                                 0.06
  data arrival time                                                 -0.23
  --------------------------------------------------------------------------
  slack (MET)                                                        0.18


  Startpoint: u_mac16_top/u_mac/u_mul/product_reg_reg[21]
              (rising edge-triggered flip-flop clocked by core_clk)
  Endpoint: u_mac16_top/u_mac/last_prod_reg[21]
            (rising edge-triggered flip-flop clocked by core_clk)
  Path Group: core_clk
  Path Type: min

  Point                                                   Incr       Path
  --------------------------------------------------------------------------
  clock core_clk (rise edge)                              0.00       0.00
  clock network delay (ideal)                             0.00       0.00
  u_mac16_top/u_mac/u_mul/product_reg_reg[21]/CK (DFFRPQX3H9R)
                                                          0.00       0.00 r
  u_mac16_top/u_mac/u_mul/product_reg_reg[21]/Q (DFFRPQX3H9R)
                                                          0.22       0.22 f
  u_mac16_top/u_mac/last_prod_reg[21]/D (DFFRPQX0P5H9R)
                                                          0.00       0.22 f
  data arrival time                                                  0.22

  clock core_clk (rise edge)                              0.00       0.00
  clock network delay (ideal)                             0.00       0.00
  clock uncertainty                                       0.03       0.03
  u_mac16_top/u_mac/last_prod_reg[21]/CK (DFFRPQX0P5H9R)
                                                          0.00       0.03 r
  library hold time                                       0.01       0.04
  data required time                                                 0.04
  --------------------------------------------------------------------------
  data required time                                                 0.04
  data arrival time                                                 -0.22
  --------------------------------------------------------------------------
  slack (MET)                                                        0.18


1
