****************************************
Report : power
        -significant_digits 2
Design : mac16
Version: V-2023.12
Date   : Tue Aug 25 07:44:13 2026
****************************************
Mode: default
Corner: default
Scenario: default
Voltage: 1.20
Temperature: 25.00

Voltage Unit         : 1V
Capacitance Unit     : 1pF
Time Unit            : 1ns
Temperature Unit     : 1C
Dynamic Power Unit   : 1nW
Leakage Power Unit   : 1nW

Switched supply net power scaling:
scaling for leakage power

Supply nets:
VDD (power) probability 1.00 (default)
VSS (ground) probability 1.00 (default)

  Cell Internal Power    = 3.90e+05 nW ( 54.9%)
  Net Switching Power    = 3.20e+05 nW ( 45.1%)
Total Dynamic Power      = 7.11e+05 nW (100.0%)

Cell Leakage Power       = 5.52e+02 nW


  Attributes
  ----------
      u  -  User defined power group
      i  -  Includes clock pin internal power

Power Group         Internal Power        Switching Power          Leakage Power            Total Power    (   %  )    Attrs
-----------------------------------------------------------------------------------------------------------------------------
io_pad                    0.00e+00               0.00e+00               0.00e+00               0.00e+00    (  0.0%)         
memory                    0.00e+00               0.00e+00               0.00e+00               0.00e+00    (  0.0%)         
black_box                 0.00e+00               0.00e+00               0.00e+00               0.00e+00    (  0.0%)         
clock_network             3.73e+05               3.69e+02               7.03e+00               3.74e+05    ( 52.6%)        i
register                  1.07e+04               5.35e+03               3.21e+02               1.64e+04    (  2.3%)         
sequential                0.00e+00               0.00e+00               0.00e+00               0.00e+00    (  0.0%)         
combinational             6.15e+03               3.15e+05               2.24e+02               3.21e+05    ( 45.1%)         
-----------------------------------------------------------------------------------------------------------------------------
Total                     3.90e+05 nW            3.20e+05 nW            5.52e+02 nW            7.11e+05 nW
1
