Warning: Detected pins or ports without physical pin shapes. The first few such pins or ports are: clk, rst_n, sum_out. (DPPA-325)
****************************************
Report : qor
        -summary
Design : mac16
Version: V-2023.12
Date   : Tue Aug 25 07:44:13 2026
****************************************

Timing
---------------------------------------------------------------------------
Context                                 WNS            TNS            NVE
---------------------------------------------------------------------------
Design             (Setup)            -0.02          -0.07              9

Design             (Hold)              0.01           0.00              0
---------------------------------------------------------------------------

Miscellaneous
---------------------------------------------------------------------------
Cell Area (netlist):                          11166.84
Cell Area (netlist and physical only):        11166.84
Nets with DRC Violations:        0
1
