****************************************
Report : timing
        -path_type full
        -delay_type max
        -max_paths 20
        -report_by design
Design : mac16
Version: V-2023.12
Date   : Tue Sep  1 09:52:59 2026
****************************************

  Startpoint: u_mac16_top/u_mac/last_prod_reg[4] (rising edge-triggered flip-flop clocked by core_clk)
  Endpoint: u_mac16_top/u_mac/accum_reg_reg[22] (rising edge-triggered flip-flop clocked by core_clk)
  Mode: default
  Corner: typ_tt_1p2_25
  Scenario: scen_typ
  Path Group: core_clk
  Path Type: max

  Point                                            Incr      Path  
  ------------------------------------------------------------------------
  clock core_clk (rise edge)                       0.00      0.00
  clock network delay (propagated)                 0.13      0.13

  u_mac16_top/u_mac/last_prod_reg[4]/CK (DFFSQNX0P5H9R)
                                                   0.00      0.13 r
  u_mac16_top/u_mac/last_prod_reg[4]/QN (DFFSQNX0P5H9R)
                                                   0.22      0.36 f
  U1168/Y (NAND2X0P7H9R)                           0.06      0.42 r
  U1692/Y (OAI21X0P7H9R)                           0.07      0.49 f
  U1613/Y (AOI21X0P5H9R)                           0.06      0.55 r
  U1308/Y (OAI21X1H9R)                             0.06      0.61 f
  ctmTdsLR_2_835/Y (NAND2X0P5H9R)                  0.05      0.66 r
  ctmTdsLR_1_834/Y (AND3X1H9R)                     0.11      0.77 r
  ctmTdsLR_1_58/Y (AOI2XB1X0P5H9R)                 0.10      0.87 r
  U2687/Y (XOR2X0P5H9R)                            0.06      0.93 r
  ctmTdsLR_1_129/Y (AO22X0P7H9R)                   0.09      1.02 r
  u_mac16_top/u_mac/accum_reg_reg[22]/D (DFFRPQX0P5H9R)
                                                   0.00      1.02 r
  data arrival time                                          1.02

  clock core_clk (rise edge)                       1.00      1.00
  clock network delay (propagated)                 0.11      1.11
  u_mac16_top/u_mac/accum_reg_reg[22]/CK (DFFRPQX0P5H9R)
                                                   0.00      1.11 r
  library setup time                              -0.03      1.08
  data required time                                         1.08
  ------------------------------------------------------------------------
  data required time                                         1.08
  data arrival time                                         -1.02
  ------------------------------------------------------------------------
  slack (MET)                                                0.06



  Startpoint: u_mac16_top/u_mac/last_prod_reg[4] (rising edge-triggered flip-flop clocked by core_clk)
  Endpoint: u_mac16_top/u_mac/accum_reg_reg[21] (rising edge-triggered flip-flop clocked by core_clk)
  Mode: default
  Corner: typ_tt_1p2_25
  Scenario: scen_typ
  Path Group: core_clk
  Path Type: max

  Point                                            Incr      Path  
  ------------------------------------------------------------------------
  clock core_clk (rise edge)                       0.00      0.00
  clock network delay (propagated)                 0.13      0.13

  u_mac16_top/u_mac/last_prod_reg[4]/CK (DFFSQNX0P5H9R)
                                                   0.00      0.13 r
  u_mac16_top/u_mac/last_prod_reg[4]/QN (DFFSQNX0P5H9R)
                                                   0.22      0.36 f
  U1168/Y (NAND2X0P7H9R)                           0.06      0.42 r
  U1692/Y (OAI21X0P7H9R)                           0.07      0.49 f
  U1613/Y (AOI21X0P5H9R)                           0.06      0.55 r
  U1308/Y (OAI21X1H9R)                             0.06      0.61 f
  ctmTdsLR_2_835/Y (NAND2X0P5H9R)                  0.05      0.66 r
  ctmTdsLR_1_834/Y (AND3X1H9R)                     0.11      0.77 r
  ctmTdsLR_1_62/Y (INVX0P5H9R)                     0.04      0.81 f
  ctmTdsLR_4_65/Y (AOI31X0P5H9R)                   0.06      0.87 r
  U1271/Y (XOR2X0P5H9R)                            0.06      0.93 r
  ctmTdsLR_1_125/Y (AO22X0P5H9R)                   0.09      1.02 r
  u_mac16_top/u_mac/accum_reg_reg[21]/D (DFFRPQX0P5H9R)
                                                   0.00      1.02 r
  data arrival time                                          1.02

  clock core_clk (rise edge)                       1.00      1.00
  clock network delay (propagated)                 0.11      1.11
  u_mac16_top/u_mac/accum_reg_reg[21]/CK (DFFRPQX0P5H9R)
                                                   0.00      1.11 r
  library setup time                              -0.02      1.08
  data required time                                         1.08
  ------------------------------------------------------------------------
  data required time                                         1.08
  data arrival time                                         -1.02
  ------------------------------------------------------------------------
  slack (MET)                                                0.07



  Startpoint: u_mac16_top/u_mac/u_mul/r_c40_reg[20] (rising edge-triggered flip-flop clocked by core_clk)
  Endpoint: u_mac16_top/u_mac/u_mul/product_reg_reg[23] (rising edge-triggered flip-flop clocked by core_clk)
  Mode: default
  Corner: typ_tt_1p2_25
  Scenario: scen_typ
  Path Group: core_clk
  Path Type: max

  Point                                            Incr      Path  
  ------------------------------------------------------------------------
  clock core_clk (rise edge)                       0.00      0.00
  clock network delay (propagated)                 0.11      0.11

  u_mac16_top/u_mac/u_mul/r_c40_reg[20]/CK (DFFRPQX0P5H9R)
                                                   0.00      0.11 r
  u_mac16_top/u_mac/u_mul/r_c40_reg[20]/Q (DFFRPQX0P5H9R)
                                                   0.21      0.33 r
  U1560/Y (XOR2X1H9R)                              0.08      0.41 r
  ctmTdsLR_1_153/Y (XNOR3X1H9R)                    0.08      0.49 f
  ctmTdsLR_2_154/Y (XOR2X0P7H9R)                   0.05      0.53 f
  U1145/Y (NAND2X1P4H9R)                           0.05      0.58 r
  U1582/Y (INVX1H9R)                               0.03      0.61 f
  U1556/Y (NOR2X1H9R)                              0.05      0.65 r
  U1609/Y (INVX0P7H9R)                             0.04      0.69 f
  U1112/Y (NOR2X1H9R)                              0.04      0.73 r
  U1111/Y (NAND3X0P7H9R)                           0.05      0.78 f
  U1109/Y (NAND3X2H9R)                             0.04      0.83 r
  U1102/Y (XOR2X1P4H9R)                            0.06      0.88 r
  u_mac16_top/u_mac/u_mul/product_reg_reg[23]/D (DFFRPQX0P5H9R)
                                                   0.00      0.88 r
  data arrival time                                          0.88

  clock core_clk (rise edge)                       1.00      1.00
  clock network delay (propagated)                 0.01      1.01
  u_mac16_top/u_mac/u_mul/product_reg_reg[23]/CK (DFFRPQX0P5H9R)
                                                   0.00      1.01 r
  library setup time                              -0.06      0.95
  data required time                                         0.95
  ------------------------------------------------------------------------
  data required time                                         0.95
  data arrival time                                         -0.88
  ------------------------------------------------------------------------
  slack (MET)                                                0.07



  Startpoint: u_mac16_top/u_mac/last_prod_reg[4] (rising edge-triggered flip-flop clocked by core_clk)
  Endpoint: u_mac16_top/u_mac/accum_reg_reg[19] (rising edge-triggered flip-flop clocked by core_clk)
  Mode: default
  Corner: typ_tt_1p2_25
  Scenario: scen_typ
  Path Group: core_clk
  Path Type: max

  Point                                            Incr      Path  
  ------------------------------------------------------------------------
  clock core_clk (rise edge)                       0.00      0.00
  clock network delay (propagated)                 0.13      0.13

  u_mac16_top/u_mac/last_prod_reg[4]/CK (DFFSQNX0P5H9R)
                                                   0.00      0.13 r
  u_mac16_top/u_mac/last_prod_reg[4]/QN (DFFSQNX0P5H9R)
                                                   0.23      0.36 r
  U1168/Y (NAND2X0P7H9R)                           0.05      0.42 f
  U1692/Y (OAI21X0P7H9R)                           0.09      0.50 r
  U1613/Y (AOI21X0P5H9R)                           0.06      0.56 f
  U1308/Y (OAI21X1H9R)                             0.06      0.62 r
  ctmTdsLR_2_835/Y (NAND2X0P5H9R)                  0.05      0.67 f
  ctmTdsLR_1_834/Y (AND3X1H9R)                     0.10      0.78 f
  ctmTdsLR_1_108/Y (OAI21X0P5H9R)                  0.08      0.86 r
  ctmTdsLR_2_109/Y (XNOR2X0P5H9R)                  0.06      0.92 r
  ctmTdsLR_1_127/Y (AO22X0P5H9R)                   0.09      1.01 r
  u_mac16_top/u_mac/accum_reg_reg[19]/D (DFFRPQX0P5H9R)
                                                   0.00      1.01 r
  data arrival time                                          1.01

  clock core_clk (rise edge)                       1.00      1.00
  clock network delay (propagated)                 0.11      1.11
  u_mac16_top/u_mac/accum_reg_reg[19]/CK (DFFRPQX0P5H9R)
                                                   0.00      1.11 r
  library setup time                              -0.03      1.08
  data required time                                         1.08
  ------------------------------------------------------------------------
  data required time                                         1.08
  data arrival time                                         -1.01
  ------------------------------------------------------------------------
  slack (MET)                                                0.07



  Startpoint: u_mac16_top/u_mac/u_mul/r_s41_reg[12] (rising edge-triggered flip-flop clocked by core_clk)
  Endpoint: u_mac16_top/u_mac/u_mul/product_reg_reg[16] (rising edge-triggered flip-flop clocked by core_clk)
  Mode: default
  Corner: typ_tt_1p2_25
  Scenario: scen_typ
  Path Group: core_clk
  Path Type: max

  Point                                            Incr      Path  
  ------------------------------------------------------------------------
  clock core_clk (rise edge)                       0.00      0.00
  clock network delay (propagated)                 0.11      0.11

  u_mac16_top/u_mac/u_mul/r_s41_reg[12]/CK (DFFRPQX0P5H9R)
                                                   0.00      0.11 r
  u_mac16_top/u_mac/u_mul/r_s41_reg[12]/Q (DFFRPQX0P5H9R)
                                                   0.18      0.30 r
  ZBUF_17_inst_727/Y (BUFX2H9R)                    0.06      0.35 r
  ctmTdsLR_1_160/Y (XNOR3X1P4H9R)                  0.12      0.47 f
  U1193/Y (XNOR2X2H9R)                             0.05      0.52 f
  U1097/Y (NAND2X1P4H9R)                           0.05      0.56 r
  ctmTdsLR_1_44/Y (NOR2XBX1H9R)                    0.06      0.63 r
  ctmTdsLR_2_45/Y (NAND4XXXBX2H9R)                 0.05      0.68 f
  U1086/Y (NAND2X3H9R)                             0.05      0.73 r
  U1267/Y (NAND2X0P7H9R)                           0.03      0.76 f
  U1517/Y (NAND2X1H9R)                             0.04      0.80 r
  U2276/Y (XNOR2X1P4H9R)                           0.07      0.88 r
  u_mac16_top/u_mac/u_mul/product_reg_reg[16]/D (DFFRPQX0P5H9R)
                                                   0.00      0.88 r
  data arrival time                                          0.88

  clock core_clk (rise edge)                       1.00      1.00
  clock network delay (propagated)                 0.00      1.00
  u_mac16_top/u_mac/u_mul/product_reg_reg[16]/CK (DFFRPQX0P5H9R)
                                                   0.00      1.00 r
  library setup time                              -0.06      0.94
  data required time                                         0.94
  ------------------------------------------------------------------------
  data required time                                         0.94
  data arrival time                                         -0.88
  ------------------------------------------------------------------------
  slack (MET)                                                0.07



  Startpoint: u_mac16_top/mode_reg_reg (rising edge-triggered flip-flop clocked by core_clk)
  Endpoint: u_mac16_top/u_mac/u_mul/r_s41_reg[21] (recovery check against rising-edge clock clocked by core_clk)
  Mode: default
  Corner: typ_tt_1p2_25
  Scenario: scen_typ
  Path Group: core_clk
  Path Type: max

  Point                                            Incr      Path  
  ------------------------------------------------------------------------
  clock core_clk (rise edge)                       0.00      0.00
  clock network delay (propagated)                 0.00      0.00

  u_mac16_top/mode_reg_reg/CK (DFFRPQX0P5H9R)      0.00      0.00 r
  u_mac16_top/mode_reg_reg/Q (DFFRPQX0P5H9R)       0.15      0.15 f
  U1445/Y (XOR2X0P5H9R)                            0.06      0.21 f
  U1500/Y (NOR2X1P4H9R)                            0.10      0.31 r
  HFSINV_66868_32/Y (INVX1P7H9R)                   0.19      0.50 f
  HFSBUF_39107_31/ECK (FREEICGX0P8H9R)             0.41      0.92 f
  u_mac16_top/u_mac/u_mul/r_s41_reg[21]/R (DFFRPQX0P5H9R)
                                                   0.00      0.92 f
  data arrival time                                          0.92

  clock core_clk (rise edge)                       1.00      1.00
  clock network delay (propagated)                 0.11      1.11
  u_mac16_top/u_mac/u_mul/r_s41_reg[21]/CK (DFFRPQX0P5H9R)
                                                   0.00      1.11 r
  library setup time                              -0.12      0.99
  data required time                                         0.99
  ------------------------------------------------------------------------
  data required time                                         0.99
  data arrival time                                         -0.92
  ------------------------------------------------------------------------
  slack (MET)                                                0.07



  Startpoint: u_mac16_top/mode_reg_reg (rising edge-triggered flip-flop clocked by core_clk)
  Endpoint: u_mac16_top/u_mac/u_mul/r_c40_reg[9] (recovery check against rising-edge clock clocked by core_clk)
  Mode: default
  Corner: typ_tt_1p2_25
  Scenario: scen_typ
  Path Group: core_clk
  Path Type: max

  Point                                            Incr      Path  
  ------------------------------------------------------------------------
  clock core_clk (rise edge)                       0.00      0.00
  clock network delay (propagated)                 0.00      0.00

  u_mac16_top/mode_reg_reg/CK (DFFRPQX0P5H9R)      0.00      0.00 r
  u_mac16_top/mode_reg_reg/Q (DFFRPQX0P5H9R)       0.15      0.15 f
  U1445/Y (XOR2X0P5H9R)                            0.06      0.21 f
  U1500/Y (NOR2X1P4H9R)                            0.10      0.31 r
  HFSINV_66868_32/Y (INVX1P7H9R)                   0.19      0.50 f
  HFSBUF_39107_31/ECK (FREEICGX0P8H9R)             0.41      0.92 f
  u_mac16_top/u_mac/u_mul/r_c40_reg[9]/R (DFFRPQX0P5H9R)
                                                   0.00      0.92 f
  data arrival time                                          0.92

  clock core_clk (rise edge)                       1.00      1.00
  clock network delay (propagated)                 0.11      1.11
  u_mac16_top/u_mac/u_mul/r_c40_reg[9]/CK (DFFRPQX0P5H9R)
                                                   0.00      1.11 r
  library setup time                              -0.12      0.99
  data required time                                         0.99
  ------------------------------------------------------------------------
  data required time                                         0.99
  data arrival time                                         -0.92
  ------------------------------------------------------------------------
  slack (MET)                                                0.07



  Startpoint: u_mac16_top/mode_reg_reg (rising edge-triggered flip-flop clocked by core_clk)
  Endpoint: u_mac16_top/u_mac/u_mul/r_c40_reg[8] (recovery check against rising-edge clock clocked by core_clk)
  Mode: default
  Corner: typ_tt_1p2_25
  Scenario: scen_typ
  Path Group: core_clk
  Path Type: max

  Point                                            Incr      Path  
  ------------------------------------------------------------------------
  clock core_clk (rise edge)                       0.00      0.00
  clock network delay (propagated)                 0.00      0.00

  u_mac16_top/mode_reg_reg/CK (DFFRPQX0P5H9R)      0.00      0.00 r
  u_mac16_top/mode_reg_reg/Q (DFFRPQX0P5H9R)       0.15      0.15 f
  U1445/Y (XOR2X0P5H9R)                            0.06      0.21 f
  U1500/Y (NOR2X1P4H9R)                            0.10      0.31 r
  HFSINV_66868_32/Y (INVX1P7H9R)                   0.19      0.50 f
  HFSBUF_39107_31/ECK (FREEICGX0P8H9R)             0.41      0.92 f
  u_mac16_top/u_mac/u_mul/r_c40_reg[8]/R (DFFRPQX0P5H9R)
                                                   0.00      0.92 f
  data arrival time                                          0.92

  clock core_clk (rise edge)                       1.00      1.00
  clock network delay (propagated)                 0.11      1.11
  u_mac16_top/u_mac/u_mul/r_c40_reg[8]/CK (DFFRPQX0P5H9R)
                                                   0.00      1.11 r
  library setup time                              -0.12      0.99
  data required time                                         0.99
  ------------------------------------------------------------------------
  data required time                                         0.99
  data arrival time                                         -0.92
  ------------------------------------------------------------------------
  slack (MET)                                                0.07



  Startpoint: u_mac16_top/mode_reg_reg (rising edge-triggered flip-flop clocked by core_clk)
  Endpoint: u_mac16_top/u_mac/u_mul/r_c41_reg[23] (recovery check against rising-edge clock clocked by core_clk)
  Mode: default
  Corner: typ_tt_1p2_25
  Scenario: scen_typ
  Path Group: core_clk
  Path Type: max

  Point                                            Incr      Path  
  ------------------------------------------------------------------------
  clock core_clk (rise edge)                       0.00      0.00
  clock network delay (propagated)                 0.00      0.00

  u_mac16_top/mode_reg_reg/CK (DFFRPQX0P5H9R)      0.00      0.00 r
  u_mac16_top/mode_reg_reg/Q (DFFRPQX0P5H9R)       0.15      0.15 f
  U1445/Y (XOR2X0P5H9R)                            0.06      0.21 f
  U1500/Y (NOR2X1P4H9R)                            0.10      0.31 r
  HFSINV_66868_32/Y (INVX1P7H9R)                   0.19      0.50 f
  HFSBUF_39107_31/ECK (FREEICGX0P8H9R)             0.41      0.92 f
  u_mac16_top/u_mac/u_mul/r_c41_reg[23]/R (DFFRPQX0P5H9R)
                                                   0.00      0.92 f
  data arrival time                                          0.92

  clock core_clk (rise edge)                       1.00      1.00
  clock network delay (propagated)                 0.11      1.11
  u_mac16_top/u_mac/u_mul/r_c41_reg[23]/CK (DFFRPQX0P5H9R)
                                                   0.00      1.11 r
  library setup time                              -0.12      0.99
  data required time                                         0.99
  ------------------------------------------------------------------------
  data required time                                         0.99
  data arrival time                                         -0.92
  ------------------------------------------------------------------------
  slack (MET)                                                0.07



  Startpoint: u_mac16_top/u_mac/last_prod_reg[4] (rising edge-triggered flip-flop clocked by core_clk)
  Endpoint: u_mac16_top/u_mac/accum_reg_reg[18] (rising edge-triggered flip-flop clocked by core_clk)
  Mode: default
  Corner: typ_tt_1p2_25
  Scenario: scen_typ
  Path Group: core_clk
  Path Type: max

  Point                                            Incr      Path  
  ------------------------------------------------------------------------
  clock core_clk (rise edge)                       0.00      0.00
  clock network delay (propagated)                 0.13      0.13

  u_mac16_top/u_mac/last_prod_reg[4]/CK (DFFSQNX0P5H9R)
                                                   0.00      0.13 r
  u_mac16_top/u_mac/last_prod_reg[4]/QN (DFFSQNX0P5H9R)
                                                   0.22      0.36 f
  U1168/Y (NAND2X0P7H9R)                           0.06      0.42 r
  U1692/Y (OAI21X0P7H9R)                           0.07      0.49 f
  U1613/Y (AOI21X0P5H9R)                           0.06      0.55 r
  U1308/Y (OAI21X1H9R)                             0.06      0.61 f
  ctmTdsLR_2_835/Y (NAND2X0P5H9R)                  0.05      0.66 r
  ctmTdsLR_1_834/Y (AND3X1H9R)                     0.11      0.77 r
  ctmTdsLR_1_59/Y (AOI2XB1X0P5H9R)                 0.10      0.87 r
  U1101/Y (XOR2X0P5H9R)                            0.06      0.93 r
  ctmTdsLR_1_128/Y (AO22X0P5H9R)                   0.08      1.01 r
  u_mac16_top/u_mac/accum_reg_reg[18]/D (DFFRPQX0P5H9R)
                                                   0.00      1.01 r
  data arrival time                                          1.01

  clock core_clk (rise edge)                       1.00      1.00
  clock network delay (propagated)                 0.11      1.11
  u_mac16_top/u_mac/accum_reg_reg[18]/CK (DFFRPQX0P5H9R)
                                                   0.00      1.11 r
  library setup time                              -0.02      1.08
  data required time                                         1.08
  ------------------------------------------------------------------------
  data required time                                         1.08
  data arrival time                                         -1.01
  ------------------------------------------------------------------------
  slack (MET)                                                0.07



  Startpoint: u_mac16_top/u_mac/last_prod_reg[4] (rising edge-triggered flip-flop clocked by core_clk)
  Endpoint: u_mac16_top/u_mac/accum_reg_reg[23] (rising edge-triggered flip-flop clocked by core_clk)
  Mode: default
  Corner: typ_tt_1p2_25
  Scenario: scen_typ
  Path Group: core_clk
  Path Type: max

  Point                                            Incr      Path  
  ------------------------------------------------------------------------
  clock core_clk (rise edge)                       0.00      0.00
  clock network delay (propagated)                 0.13      0.13

  u_mac16_top/u_mac/last_prod_reg[4]/CK (DFFSQNX0P5H9R)
                                                   0.00      0.13 r
  u_mac16_top/u_mac/last_prod_reg[4]/QN (DFFSQNX0P5H9R)
                                                   0.23      0.36 r
  U1168/Y (NAND2X0P7H9R)                           0.05      0.42 f
  U1692/Y (OAI21X0P7H9R)                           0.09      0.50 r
  U1613/Y (AOI21X0P5H9R)                           0.06      0.56 f
  U1308/Y (OAI21X1H9R)                             0.06      0.62 r
  ctmTdsLR_2_835/Y (NAND2X0P5H9R)                  0.05      0.67 f
  ctmTdsLR_1_834/Y (AND3X1H9R)                     0.10      0.78 f
  ctmTdsLR_2_68/Y (OAI211X1H9R)                    0.07      0.85 r
  ctmTdsLR_2_100/Y (XOR2X0P5H9R)                   0.06      0.91 r
  U2522/Y (AO22X0P5H9R)                            0.10      1.01 r
  u_mac16_top/u_mac/accum_reg_reg[23]/D (DFFRPQX0P5H9R)
                                                   0.00      1.01 r
  data arrival time                                          1.01

  clock core_clk (rise edge)                       1.00      1.00
  clock network delay (propagated)                 0.11      1.11
  u_mac16_top/u_mac/accum_reg_reg[23]/CK (DFFRPQX0P5H9R)
                                                   0.00      1.11 r
  library setup time                              -0.03      1.08
  data required time                                         1.08
  ------------------------------------------------------------------------
  data required time                                         1.08
  data arrival time                                         -1.01
  ------------------------------------------------------------------------
  slack (MET)                                                0.07



  Startpoint: u_mac16_top/u_mac/u_mul/r_c41_reg[15] (rising edge-triggered flip-flop clocked by core_clk)
  Endpoint: u_mac16_top/u_mac/u_mul/product_reg_reg[22] (rising edge-triggered flip-flop clocked by core_clk)
  Mode: default
  Corner: typ_tt_1p2_25
  Scenario: scen_typ
  Path Group: core_clk
  Path Type: max

  Point                                            Incr      Path  
  ------------------------------------------------------------------------
  clock core_clk (rise edge)                       0.00      0.00
  clock network delay (propagated)                 0.11      0.11

  u_mac16_top/u_mac/u_mul/r_c41_reg[15]/CK (DFFRPQX0P5H9R)
                                                   0.00      0.11 r
  u_mac16_top/u_mac/u_mul/r_c41_reg[15]/Q (DFFRPQX0P5H9R)
                                                   0.18      0.29 f
  ZBUF_190_inst_715/ECK (FREEICGX2H9R)             0.07      0.36 f
  U1532/Y (NOR2X1H9R)                              0.05      0.42 r
  ctmTdsLR_1_150/Y (XNOR3X1H9R)                    0.10      0.52 f
  U1248/Y (NAND2X1H9R)                             0.03      0.55 r
  U1128/Y (NAND2X1H9R)                             0.03      0.59 f
  U1533/Y (NAND2X1P4H9R)                           0.04      0.63 r
  U1536/Y (OAI21X2H9R)                             0.03      0.66 f
  U1173/Y (AOI21X2H9R)                             0.04      0.70 r
  U1566/Y (OAI211X1H9R)                            0.04      0.74 f
  U1191/Y (AOI31X1H9R)                             0.06      0.80 r
  U1063/Y (XOR2X2H9R)                              0.07      0.88 r
  u_mac16_top/u_mac/u_mul/product_reg_reg[22]/D (DFFRPQX0P5H9R)
                                                   0.00      0.88 r
  data arrival time                                          0.88

  clock core_clk (rise edge)                       1.00      1.00
  clock network delay (propagated)                 0.01      1.01
  u_mac16_top/u_mac/u_mul/product_reg_reg[22]/CK (DFFRPQX0P5H9R)
                                                   0.00      1.01 r
  library setup time                              -0.06      0.95
  data required time                                         0.95
  ------------------------------------------------------------------------
  data required time                                         0.95
  data arrival time                                         -0.88
  ------------------------------------------------------------------------
  slack (MET)                                                0.07



  Startpoint: u_mac16_top/mode_reg_reg (rising edge-triggered flip-flop clocked by core_clk)
  Endpoint: u_mac16_top/u_mac/u_mul/r_s41_reg[15] (recovery check against rising-edge clock clocked by core_clk)
  Mode: default
  Corner: typ_tt_1p2_25
  Scenario: scen_typ
  Path Group: core_clk
  Path Type: max

  Point                                            Incr      Path  
  ------------------------------------------------------------------------
  clock core_clk (rise edge)                       0.00      0.00
  clock network delay (propagated)                 0.00      0.00

  u_mac16_top/mode_reg_reg/CK (DFFRPQX0P5H9R)      0.00      0.00 r
  u_mac16_top/mode_reg_reg/Q (DFFRPQX0P5H9R)       0.15      0.15 f
  U1445/Y (XOR2X0P5H9R)                            0.06      0.21 f
  U1500/Y (NOR2X1P4H9R)                            0.10      0.31 r
  HFSINV_66868_32/Y (INVX1P7H9R)                   0.19      0.50 f
  HFSBUF_39107_31/ECK (FREEICGX0P8H9R)             0.41      0.92 f
  u_mac16_top/u_mac/u_mul/r_s41_reg[15]/R (SDFFRPQX0P5H9R)
                                                   0.00      0.92 f
  data arrival time                                          0.92

  clock core_clk (rise edge)                       1.00      1.00
  clock network delay (propagated)                 0.11      1.11
  u_mac16_top/u_mac/u_mul/r_s41_reg[15]/CK (SDFFRPQX0P5H9R)
                                                   0.00      1.11 r
  library setup time                              -0.12      0.99
  data required time                                         0.99
  ------------------------------------------------------------------------
  data required time                                         0.99
  data arrival time                                         -0.92
  ------------------------------------------------------------------------
  slack (MET)                                                0.07



  Startpoint: u_mac16_top/u_mac/last_prod_reg[4] (rising edge-triggered flip-flop clocked by core_clk)
  Endpoint: u_mac16_top/u_mac/sum_out_reg[22] (rising edge-triggered flip-flop clocked by core_clk)
  Mode: default
  Corner: typ_tt_1p2_25
  Scenario: scen_typ
  Path Group: core_clk
  Path Type: max

  Point                                            Incr      Path  
  ------------------------------------------------------------------------
  clock core_clk (rise edge)                       0.00      0.00
  clock network delay (propagated)                 0.13      0.13

  u_mac16_top/u_mac/last_prod_reg[4]/CK (DFFSQNX0P5H9R)
                                                   0.00      0.13 r
  u_mac16_top/u_mac/last_prod_reg[4]/QN (DFFSQNX0P5H9R)
                                                   0.22      0.36 f
  U1168/Y (NAND2X0P7H9R)                           0.06      0.42 r
  U1692/Y (OAI21X0P7H9R)                           0.07      0.49 f
  U1613/Y (AOI21X0P5H9R)                           0.06      0.55 r
  U1308/Y (OAI21X1H9R)                             0.06      0.61 f
  ctmTdsLR_2_835/Y (NAND2X0P5H9R)                  0.05      0.66 r
  ctmTdsLR_1_834/Y (AND3X1H9R)                     0.11      0.77 r
  ctmTdsLR_1_58/Y (AOI2XB1X0P5H9R)                 0.10      0.87 r
  U2687/Y (XOR2X0P5H9R)                            0.06      0.93 r
  ctmTdsLR_1_129/Y (AO22X0P7H9R)                   0.09      1.02 r
  u_mac16_top/u_mac/sum_out_reg[22]/D (DFFRPQX0P5H9R)
                                                   0.00      1.02 r
  data arrival time                                          1.02

  clock core_clk (rise edge)                       1.00      1.00
  clock network delay (propagated)                 0.12      1.12
  u_mac16_top/u_mac/sum_out_reg[22]/CK (DFFRPQX0P5H9R)
                                                   0.00      1.12 r
  library setup time                              -0.02      1.09
  data required time                                         1.09
  ------------------------------------------------------------------------
  data required time                                         1.09
  data arrival time                                         -1.02
  ------------------------------------------------------------------------
  slack (MET)                                                0.07



  Startpoint: u_mac16_top/u_mac/u_mul/r_s41_reg[13] (rising edge-triggered flip-flop clocked by core_clk)
  Endpoint: u_mac16_top/u_mac/u_mul/product_reg_reg[17] (rising edge-triggered flip-flop clocked by core_clk)
  Mode: default
  Corner: typ_tt_1p2_25
  Scenario: scen_typ
  Path Group: core_clk
  Path Type: max

  Point                                            Incr      Path  
  ------------------------------------------------------------------------
  clock core_clk (rise edge)                       0.00      0.00
  clock network delay (propagated)                 0.11      0.11

  u_mac16_top/u_mac/u_mul/r_s41_reg[13]/CK (DFFRPQX0P5H9R)
                                                   0.00      0.11 r
  u_mac16_top/u_mac/u_mul/r_s41_reg[13]/Q (DFFRPQX0P5H9R)
                                                   0.18      0.29 f
  ZBUF_17_inst_729/Y (BUFX1P4H9R)                  0.05      0.34 f
  U2285/CON (CGENCONAX1H9R)                        0.07      0.41 r
  ctmTdsLR_1_815/Y (XOR3X1H9R)                     0.13      0.54 f
  U1062/Y (NOR2X1P4H9R)                            0.05      0.59 r
  ctmTdsLR_2_45/Y (NAND4XXXBX2H9R)                 0.09      0.68 r
  U1086/Y (NAND2X3H9R)                             0.05      0.73 f
  U1583/Y (AOI2XB1X1P4H9R)                         0.05      0.77 r
  ctmTdsLR_2_47/Y (XNOR2X0P7H9R)                   0.05      0.82 r
  ZBUF_2_inst_797/Y (BUFX1P7H9R)                   0.06      0.88 r
  u_mac16_top/u_mac/u_mul/product_reg_reg[17]/D (DFFRPQX0P5H9R)
                                                   0.00      0.88 r
  data arrival time                                          0.88

  clock core_clk (rise edge)                       1.00      1.00
  clock network delay (propagated)                 0.00      1.00
  u_mac16_top/u_mac/u_mul/product_reg_reg[17]/CK (DFFRPQX0P5H9R)
                                                   0.00      1.00 r
  library setup time                              -0.04      0.96
  data required time                                         0.96
  ------------------------------------------------------------------------
  data required time                                         0.96
  data arrival time                                         -0.88
  ------------------------------------------------------------------------
  slack (MET)                                                0.08



  Startpoint: u_mac16_top/u_mac/last_prod_reg[4] (rising edge-triggered flip-flop clocked by core_clk)
  Endpoint: u_mac16_top/u_mac/accum_reg_reg[17] (rising edge-triggered flip-flop clocked by core_clk)
  Mode: default
  Corner: typ_tt_1p2_25
  Scenario: scen_typ
  Path Group: core_clk
  Path Type: max

  Point                                            Incr      Path  
  ------------------------------------------------------------------------
  clock core_clk (rise edge)                       0.00      0.00
  clock network delay (propagated)                 0.13      0.13

  u_mac16_top/u_mac/last_prod_reg[4]/CK (DFFSQNX0P5H9R)
                                                   0.00      0.13 r
  u_mac16_top/u_mac/last_prod_reg[4]/QN (DFFSQNX0P5H9R)
                                                   0.23      0.36 r
  U1168/Y (NAND2X0P7H9R)                           0.05      0.42 f
  U1692/Y (OAI21X0P7H9R)                           0.09      0.50 r
  U1613/Y (AOI21X0P5H9R)                           0.06      0.56 f
  U1308/Y (OAI21X1H9R)                             0.06      0.62 r
  ctmTdsLR_2_835/Y (NAND2X0P5H9R)                  0.05      0.67 f
  ctmTdsLR_1_834/Y (AND3X1H9R)                     0.10      0.78 f
  ctmTdsLR_1_144/Y (OAI21X0P5H9R)                  0.08      0.86 r
  ctmTdsLR_2_145/Y (XNOR2X0P5H9R)                  0.05      0.91 r
  ctmTdsLR_1_159/Y (AO22X0P5H9R)                   0.10      1.01 r
  u_mac16_top/u_mac/accum_reg_reg[17]/D (DFFRPQX0P5H9R)
                                                   0.00      1.01 r
  data arrival time                                          1.01

  clock core_clk (rise edge)                       1.00      1.00
  clock network delay (propagated)                 0.11      1.11
  u_mac16_top/u_mac/accum_reg_reg[17]/CK (DFFRPQX0P5H9R)
                                                   0.00      1.11 r
  library setup time                              -0.03      1.08
  data required time                                         1.08
  ------------------------------------------------------------------------
  data required time                                         1.08
  data arrival time                                         -1.01
  ------------------------------------------------------------------------
  slack (MET)                                                0.08



  Startpoint: u_mac16_top/u_mac/u_mul/r_c40_reg[20] (rising edge-triggered flip-flop clocked by core_clk)
  Endpoint: u_mac16_top/u_mac/u_mul/product_reg_reg[21] (rising edge-triggered flip-flop clocked by core_clk)
  Mode: default
  Corner: typ_tt_1p2_25
  Scenario: scen_typ
  Path Group: core_clk
  Path Type: max

  Point                                            Incr      Path  
  ------------------------------------------------------------------------
  clock core_clk (rise edge)                       0.00      0.00
  clock network delay (propagated)                 0.11      0.11

  u_mac16_top/u_mac/u_mul/r_c40_reg[20]/CK (DFFRPQX0P5H9R)
                                                   0.00      0.11 r
  u_mac16_top/u_mac/u_mul/r_c40_reg[20]/Q (DFFRPQX0P5H9R)
                                                   0.21      0.33 r
  U1560/Y (XOR2X1H9R)                              0.08      0.41 r
  ctmTdsLR_1_153/Y (XNOR3X1H9R)                    0.08      0.49 f
  ctmTdsLR_2_154/Y (XOR2X0P7H9R)                   0.05      0.53 f
  U1145/Y (NAND2X1P4H9R)                           0.05      0.58 r
  U1582/Y (INVX1H9R)                               0.03      0.61 f
  U1556/Y (NOR2X1H9R)                              0.05      0.65 r
  U1609/Y (INVX0P7H9R)                             0.04      0.69 f
  U1526/Y (INVX0P7H9R)                             0.03      0.73 r
  U1634/Y (NAND2X0P7H9R)                           0.03      0.76 f
  U1212/Y (OAI21X1P4H9R)                           0.05      0.81 r
  ctmTdsLR_2_118/Y (XNOR2X1P4H9R)                  0.06      0.87 r
  u_mac16_top/u_mac/u_mul/product_reg_reg[21]/D (DFFRPQX0P5H9R)
                                                   0.00      0.87 r
  data arrival time                                          0.87

  clock core_clk (rise edge)                       1.00      1.00
  clock network delay (propagated)                 0.01      1.01
  u_mac16_top/u_mac/u_mul/product_reg_reg[21]/CK (DFFRPQX0P5H9R)
                                                   0.00      1.01 r
  library setup time                              -0.06      0.95
  data required time                                         0.95
  ------------------------------------------------------------------------
  data required time                                         0.95
  data arrival time                                         -0.87
  ------------------------------------------------------------------------
  slack (MET)                                                0.08



  Startpoint: u_mac16_top/u_mac/last_prod_reg[4] (rising edge-triggered flip-flop clocked by core_clk)
  Endpoint: u_mac16_top/u_mac/sum_out_reg[21] (rising edge-triggered flip-flop clocked by core_clk)
  Mode: default
  Corner: typ_tt_1p2_25
  Scenario: scen_typ
  Path Group: core_clk
  Path Type: max

  Point                                            Incr      Path  
  ------------------------------------------------------------------------
  clock core_clk (rise edge)                       0.00      0.00
  clock network delay (propagated)                 0.13      0.13

  u_mac16_top/u_mac/last_prod_reg[4]/CK (DFFSQNX0P5H9R)
                                                   0.00      0.13 r
  u_mac16_top/u_mac/last_prod_reg[4]/QN (DFFSQNX0P5H9R)
                                                   0.22      0.36 f
  U1168/Y (NAND2X0P7H9R)                           0.06      0.42 r
  U1692/Y (OAI21X0P7H9R)                           0.07      0.49 f
  U1613/Y (AOI21X0P5H9R)                           0.06      0.55 r
  U1308/Y (OAI21X1H9R)                             0.06      0.61 f
  ctmTdsLR_2_835/Y (NAND2X0P5H9R)                  0.05      0.66 r
  ctmTdsLR_1_834/Y (AND3X1H9R)                     0.11      0.77 r
  ctmTdsLR_1_62/Y (INVX0P5H9R)                     0.04      0.81 f
  ctmTdsLR_4_65/Y (AOI31X0P5H9R)                   0.06      0.87 r
  U1271/Y (XOR2X0P5H9R)                            0.06      0.93 r
  ctmTdsLR_1_125/Y (AO22X0P5H9R)                   0.09      1.02 r
  u_mac16_top/u_mac/sum_out_reg[21]/D (DFFRPQX0P5H9R)
                                                   0.00      1.02 r
  data arrival time                                          1.02

  clock core_clk (rise edge)                       1.00      1.00
  clock network delay (propagated)                 0.12      1.12
  u_mac16_top/u_mac/sum_out_reg[21]/CK (DFFRPQX0P5H9R)
                                                   0.00      1.12 r
  library setup time                              -0.02      1.09
  data required time                                         1.09
  ------------------------------------------------------------------------
  data required time                                         1.09
  data arrival time                                         -1.02
  ------------------------------------------------------------------------
  slack (MET)                                                0.08



  Startpoint: u_mac16_top/u_mac/u_mul/r_s41_reg[12] (rising edge-triggered flip-flop clocked by core_clk)
  Endpoint: u_mac16_top/u_mac/u_mul/product_reg_reg[18] (rising edge-triggered flip-flop clocked by core_clk)
  Mode: default
  Corner: typ_tt_1p2_25
  Scenario: scen_typ
  Path Group: core_clk
  Path Type: max

  Point                                            Incr      Path  
  ------------------------------------------------------------------------
  clock core_clk (rise edge)                       0.00      0.00
  clock network delay (propagated)                 0.11      0.11

  u_mac16_top/u_mac/u_mul/r_s41_reg[12]/CK (DFFRPQX0P5H9R)
                                                   0.00      0.11 r
  u_mac16_top/u_mac/u_mul/r_s41_reg[12]/Q (DFFRPQX0P5H9R)
                                                   0.18      0.30 r
  ZBUF_17_inst_727/Y (BUFX2H9R)                    0.06      0.35 r
  ctmTdsLR_1_160/Y (XNOR3X1P4H9R)                  0.12      0.47 f
  U1193/Y (XNOR2X2H9R)                             0.05      0.52 f
  U1097/Y (NAND2X1P4H9R)                           0.05      0.56 r
  ctmTdsLR_1_44/Y (NOR2XBX1H9R)                    0.06      0.63 r
  ctmTdsLR_2_45/Y (NAND4XXXBX2H9R)                 0.05      0.68 f
  U1086/Y (NAND2X3H9R)                             0.05      0.73 r
  U1061/Y (INVX2H9R)                               0.04      0.76 f
  ctmTdsLR_2_49/Y (OAI31X2H9R)                     0.06      0.82 r
  ctmTdsLR_2_87/Y (XNOR2X2H9R)                     0.06      0.88 r
  u_mac16_top/u_mac/u_mul/product_reg_reg[18]/D (DFFRPQX0P5H9R)
                                                   0.00      0.88 r
  data arrival time                                          0.88

  clock core_clk (rise edge)                       1.00      1.00
  clock network delay (propagated)                 0.01      1.01
  u_mac16_top/u_mac/u_mul/product_reg_reg[18]/CK (DFFRPQX0P5H9R)
                                                   0.00      1.01 r
  library setup time                              -0.05      0.95
  data required time                                         0.95
  ------------------------------------------------------------------------
  data required time                                         0.95
  data arrival time                                         -0.88
  ------------------------------------------------------------------------
  slack (MET)                                                0.08



  Startpoint: u_mac16_top/u_mac/last_prod_reg[4] (rising edge-triggered flip-flop clocked by core_clk)
  Endpoint: u_mac16_top/u_mac/sum_out_reg[19] (rising edge-triggered flip-flop clocked by core_clk)
  Mode: default
  Corner: typ_tt_1p2_25
  Scenario: scen_typ
  Path Group: core_clk
  Path Type: max

  Point                                            Incr      Path  
  ------------------------------------------------------------------------
  clock core_clk (rise edge)                       0.00      0.00
  clock network delay (propagated)                 0.13      0.13

  u_mac16_top/u_mac/last_prod_reg[4]/CK (DFFSQNX0P5H9R)
                                                   0.00      0.13 r
  u_mac16_top/u_mac/last_prod_reg[4]/QN (DFFSQNX0P5H9R)
                                                   0.23      0.36 r
  U1168/Y (NAND2X0P7H9R)                           0.05      0.42 f
  U1692/Y (OAI21X0P7H9R)                           0.09      0.50 r
  U1613/Y (AOI21X0P5H9R)                           0.06      0.56 f
  U1308/Y (OAI21X1H9R)                             0.06      0.62 r
  ctmTdsLR_2_835/Y (NAND2X0P5H9R)                  0.05      0.67 f
  ctmTdsLR_1_834/Y (AND3X1H9R)                     0.10      0.78 f
  ctmTdsLR_1_108/Y (OAI21X0P5H9R)                  0.08      0.86 r
  ctmTdsLR_2_109/Y (XNOR2X0P5H9R)                  0.06      0.92 r
  ctmTdsLR_1_127/Y (AO22X0P5H9R)                   0.09      1.01 r
  u_mac16_top/u_mac/sum_out_reg[19]/D (DFFRPQX0P5H9R)
                                                   0.00      1.01 r
  data arrival time                                          1.01

  clock core_clk (rise edge)                       1.00      1.00
  clock network delay (propagated)                 0.12      1.12
  u_mac16_top/u_mac/sum_out_reg[19]/CK (DFFRPQX0P5H9R)
                                                   0.00      1.12 r
  library setup time                              -0.02      1.09
  data required time                                         1.09
  ------------------------------------------------------------------------
  data required time                                         1.09
  data arrival time                                         -1.01
  ------------------------------------------------------------------------
  slack (MET)                                                0.08


1
