****************************************
Report : timing
        -path_type full
        -delay_type min
        -max_paths 20
        -report_by design
Design : mac16
Version: V-2023.12
Date   : Tue Sep  1 09:52:59 2026
****************************************

  Startpoint: u_mac16_top/u_mac/u_mul/product_reg_reg[1] (rising edge-triggered flip-flop clocked by core_clk)
  Endpoint: u_mac16_top/u_mac/last_prod_reg[1] (rising edge-triggered flip-flop clocked by core_clk)
  Mode: default
  Corner: ss_rcworst_1p08_125
  Scenario: scen_rcw
  Path Group: core_clk
  Path Type: min

  Point                                            Incr      Path  
  ------------------------------------------------------------------------
  clock core_clk (rise edge)                       0.00      0.00
  clock network delay (propagated)                 0.01      0.01

  u_mac16_top/u_mac/u_mul/product_reg_reg[1]/CK (DFFRPQX0P5H9R)
                                                   0.00      0.01 r
  u_mac16_top/u_mac/u_mul/product_reg_reg[1]/Q (DFFRPQX0P5H9R)
                                                   0.33      0.33 f
  u_mac16_top/u_mac/last_prod_reg[1]/D (DFFRPQX0P5H9R)
                                                   0.00      0.34 f
  data arrival time                                          0.34

  clock core_clk (rise edge)                       0.00      0.00
  clock network delay (propagated)                 0.21      0.21
  u_mac16_top/u_mac/last_prod_reg[1]/CK (DFFRPQX0P5H9R)
                                                   0.00      0.21 r
  library hold time                                0.04      0.25
  data required time                                         0.25
  ------------------------------------------------------------------------
  data required time                                         0.25
  data arrival time                                         -0.34
  ------------------------------------------------------------------------
  slack (MET)                                                0.08



  Startpoint: u_mac16_top/u_mac/u_mul/product_reg_reg[0] (rising edge-triggered flip-flop clocked by core_clk)
  Endpoint: u_mac16_top/u_mac/last_prod_reg[0] (rising edge-triggered flip-flop clocked by core_clk)
  Mode: default
  Corner: ss_rcworst_1p08_125
  Scenario: scen_rcw
  Path Group: core_clk
  Path Type: min

  Point                                            Incr      Path  
  ------------------------------------------------------------------------
  clock core_clk (rise edge)                       0.00      0.00
  clock network delay (propagated)                 0.01      0.01

  u_mac16_top/u_mac/u_mul/product_reg_reg[0]/CK (DFFRPQX0P5H9R)
                                                   0.00      0.01 r
  u_mac16_top/u_mac/u_mul/product_reg_reg[0]/Q (DFFRPQX0P5H9R)
                                                   0.33      0.34 f
  u_mac16_top/u_mac/last_prod_reg[0]/D (DFFRPQX0P5H9R)
                                                   0.00      0.34 f
  data arrival time                                          0.34

  clock core_clk (rise edge)                       0.00      0.00
  clock network delay (propagated)                 0.21      0.21
  u_mac16_top/u_mac/last_prod_reg[0]/CK (DFFRPQX0P5H9R)
                                                   0.00      0.21 r
  library hold time                                0.04      0.25
  data required time                                         0.25
  ------------------------------------------------------------------------
  data required time                                         0.25
  data arrival time                                         -0.34
  ------------------------------------------------------------------------
  slack (MET)                                                0.09



  Startpoint: u_mac16_top/u_mac/u_mul/product_reg_reg[13] (rising edge-triggered flip-flop clocked by core_clk)
  Endpoint: u_mac16_top/u_mac/last_prod_reg[13] (rising edge-triggered flip-flop clocked by core_clk)
  Mode: default
  Corner: ss_rcworst_1p08_125
  Scenario: scen_rcw
  Path Group: core_clk
  Path Type: min

  Point                                            Incr      Path  
  ------------------------------------------------------------------------
  clock core_clk (rise edge)                       0.00      0.00
  clock network delay (propagated)                 0.01      0.01

  u_mac16_top/u_mac/u_mul/product_reg_reg[13]/CK (DFFRPQX0P5H9R)
                                                   0.00      0.01 r
  u_mac16_top/u_mac/u_mul/product_reg_reg[13]/Q (DFFRPQX0P5H9R)
                                                   0.33      0.34 f
  u_mac16_top/u_mac/last_prod_reg[13]/D (DFFRPQX0P5H9R)
                                                   0.00      0.34 f
  data arrival time                                          0.34

  clock core_clk (rise edge)                       0.00      0.00
  clock network delay (propagated)                 0.21      0.21
  u_mac16_top/u_mac/last_prod_reg[13]/CK (DFFRPQX0P5H9R)
                                                   0.00      0.21 r
  library hold time                                0.04      0.25
  data required time                                         0.25
  ------------------------------------------------------------------------
  data required time                                         0.25
  data arrival time                                         -0.34
  ------------------------------------------------------------------------
  slack (MET)                                                0.09



  Startpoint: u_mac16_top/u_mac/u_mul/product_reg_reg[15] (rising edge-triggered flip-flop clocked by core_clk)
  Endpoint: u_mac16_top/u_mac/last_prod_reg[15] (rising edge-triggered flip-flop clocked by core_clk)
  Mode: default
  Corner: ss_rcworst_1p08_125
  Scenario: scen_rcw
  Path Group: core_clk
  Path Type: min

  Point                                            Incr      Path  
  ------------------------------------------------------------------------
  clock core_clk (rise edge)                       0.00      0.00
  clock network delay (propagated)                 0.01      0.01

  u_mac16_top/u_mac/u_mul/product_reg_reg[15]/CK (DFFRPQX0P5H9R)
                                                   0.00      0.01 r
  u_mac16_top/u_mac/u_mul/product_reg_reg[15]/Q (DFFRPQX0P5H9R)
                                                   0.33      0.34 f
  u_mac16_top/u_mac/last_prod_reg[15]/D (DFFRPQX0P5H9R)
                                                   0.00      0.34 f
  data arrival time                                          0.34

  clock core_clk (rise edge)                       0.00      0.00
  clock network delay (propagated)                 0.21      0.21
  u_mac16_top/u_mac/last_prod_reg[15]/CK (DFFRPQX0P5H9R)
                                                   0.00      0.21 r
  library hold time                                0.04      0.25
  data required time                                         0.25
  ------------------------------------------------------------------------
  data required time                                         0.25
  data arrival time                                         -0.34
  ------------------------------------------------------------------------
  slack (MET)                                                0.09



  Startpoint: u_mac16_top/u_mac/u_mul/product_reg_reg[16] (rising edge-triggered flip-flop clocked by core_clk)
  Endpoint: u_mac16_top/u_mac/last_prod_reg[16] (rising edge-triggered flip-flop clocked by core_clk)
  Mode: default
  Corner: ss_rcworst_1p08_125
  Scenario: scen_rcw
  Path Group: core_clk
  Path Type: min

  Point                                            Incr      Path  
  ------------------------------------------------------------------------
  clock core_clk (rise edge)                       0.00      0.00
  clock network delay (propagated)                 0.00      0.00

  u_mac16_top/u_mac/u_mul/product_reg_reg[16]/CK (DFFRPQX0P5H9R)
                                                   0.00      0.00 r
  u_mac16_top/u_mac/u_mul/product_reg_reg[16]/Q (DFFRPQX0P5H9R)
                                                   0.34      0.34 f
  u_mac16_top/u_mac/last_prod_reg[16]/D (DFFRPQX0P5H9R)
                                                   0.00      0.34 f
  data arrival time                                          0.34

  clock core_clk (rise edge)                       0.00      0.00
  clock network delay (propagated)                 0.21      0.21
  u_mac16_top/u_mac/last_prod_reg[16]/CK (DFFRPQX0P5H9R)
                                                   0.00      0.21 r
  library hold time                                0.04      0.25
  data required time                                         0.25
  ------------------------------------------------------------------------
  data required time                                         0.25
  data arrival time                                         -0.34
  ------------------------------------------------------------------------
  slack (MET)                                                0.09



  Startpoint: u_mac16_top/u_mac/u_mul/product_reg_reg[20] (rising edge-triggered flip-flop clocked by core_clk)
  Endpoint: u_mac16_top/u_mac/last_prod_reg[20] (rising edge-triggered flip-flop clocked by core_clk)
  Mode: default
  Corner: ss_rcworst_1p08_125
  Scenario: scen_rcw
  Path Group: core_clk
  Path Type: min

  Point                                            Incr      Path  
  ------------------------------------------------------------------------
  clock core_clk (rise edge)                       0.00      0.00
  clock network delay (propagated)                 0.01      0.01

  u_mac16_top/u_mac/u_mul/product_reg_reg[20]/CK (DFFRPQX0P5H9R)
                                                   0.00      0.01 r
  u_mac16_top/u_mac/u_mul/product_reg_reg[20]/Q (DFFRPQX0P5H9R)
                                                   0.34      0.34 f
  u_mac16_top/u_mac/last_prod_reg[20]/D (DFFRPQX0P5H9R)
                                                   0.00      0.34 f
  data arrival time                                          0.34

  clock core_clk (rise edge)                       0.00      0.00
  clock network delay (propagated)                 0.21      0.21
  u_mac16_top/u_mac/last_prod_reg[20]/CK (DFFRPQX0P5H9R)
                                                   0.00      0.21 r
  library hold time                                0.04      0.25
  data required time                                         0.25
  ------------------------------------------------------------------------
  data required time                                         0.25
  data arrival time                                         -0.34
  ------------------------------------------------------------------------
  slack (MET)                                                0.09



  Startpoint: u_mac16_top/u_mac/u_mul/product_reg_reg[19] (rising edge-triggered flip-flop clocked by core_clk)
  Endpoint: u_mac16_top/u_mac/last_prod_reg[19] (rising edge-triggered flip-flop clocked by core_clk)
  Mode: default
  Corner: ss_rcworst_1p08_125
  Scenario: scen_rcw
  Path Group: core_clk
  Path Type: min

  Point                                            Incr      Path  
  ------------------------------------------------------------------------
  clock core_clk (rise edge)                       0.00      0.00
  clock network delay (propagated)                 0.00      0.00

  u_mac16_top/u_mac/u_mul/product_reg_reg[19]/CK (DFFRPQX0P5H9R)
                                                   0.00      0.00 r
  u_mac16_top/u_mac/u_mul/product_reg_reg[19]/Q (DFFRPQX0P5H9R)
                                                   0.34      0.34 f
  u_mac16_top/u_mac/last_prod_reg[19]/D (DFFRPQX0P5H9R)
                                                   0.00      0.34 f
  data arrival time                                          0.34

  clock core_clk (rise edge)                       0.00      0.00
  clock network delay (propagated)                 0.21      0.21
  u_mac16_top/u_mac/last_prod_reg[19]/CK (DFFRPQX0P5H9R)
                                                   0.00      0.21 r
  library hold time                                0.04      0.25
  data required time                                         0.25
  ------------------------------------------------------------------------
  data required time                                         0.25
  data arrival time                                         -0.34
  ------------------------------------------------------------------------
  slack (MET)                                                0.10



  Startpoint: u_mac16_top/u_mac/u_mul/product_reg_reg[2] (rising edge-triggered flip-flop clocked by core_clk)
  Endpoint: u_mac16_top/u_mac/last_prod_reg[2] (rising edge-triggered flip-flop clocked by core_clk)
  Mode: default
  Corner: ss_rcworst_1p08_125
  Scenario: scen_rcw
  Path Group: core_clk
  Path Type: min

  Point                                            Incr      Path  
  ------------------------------------------------------------------------
  clock core_clk (rise edge)                       0.00      0.00
  clock network delay (propagated)                 0.01      0.01

  u_mac16_top/u_mac/u_mul/product_reg_reg[2]/CK (DFFRPQX0P5H9R)
                                                   0.00      0.01 r
  u_mac16_top/u_mac/u_mul/product_reg_reg[2]/Q (DFFRPQX0P5H9R)
                                                   0.34      0.35 f
  u_mac16_top/u_mac/last_prod_reg[2]/D (DFFRPQX0P5H9R)
                                                   0.00      0.35 f
  data arrival time                                          0.35

  clock core_clk (rise edge)                       0.00      0.00
  clock network delay (propagated)                 0.21      0.21
  u_mac16_top/u_mac/last_prod_reg[2]/CK (DFFRPQX0P5H9R)
                                                   0.00      0.21 r
  library hold time                                0.04      0.25
  data required time                                         0.25
  ------------------------------------------------------------------------
  data required time                                         0.25
  data arrival time                                         -0.35
  ------------------------------------------------------------------------
  slack (MET)                                                0.10



  Startpoint: u_mac16_top/u_inB/shift_reg_reg[5] (rising edge-triggered flip-flop clocked by core_clk)
  Endpoint: u_mac16_top/u_inB/data_out_reg[6] (rising edge-triggered flip-flop clocked by core_clk)
  Mode: default
  Corner: ss_rcworst_1p08_125
  Scenario: scen_rcw
  Path Group: core_clk
  Path Type: min

  Point                                            Incr      Path  
  ------------------------------------------------------------------------
  clock core_clk (rise edge)                       0.00      0.00
  clock network delay (propagated)                 0.01      0.01

  u_mac16_top/u_inB/shift_reg_reg[5]/CK (DFFRPQX0P5H9R)
                                                   0.00      0.01 r
  u_mac16_top/u_inB/shift_reg_reg[5]/Q (DFFRPQX0P5H9R)
                                                   0.28      0.29 f
  copt_h_inst_847/ECK (FREEICGX0P5H9R)             0.09      0.38 f
  u_mac16_top/u_inB/data_out_reg[6]/D (DFFRPQX0P5H9R)
                                                   0.00      0.38 f
  data arrival time                                          0.38

  clock core_clk (rise edge)                       0.00      0.00
  clock network delay (propagated)                 0.20      0.20
  u_mac16_top/u_inB/data_out_reg[6]/CK (DFFRPQX0P5H9R)
                                                   0.00      0.20 r
  library hold time                                0.08      0.28
  data required time                                         0.28
  ------------------------------------------------------------------------
  data required time                                         0.28
  data arrival time                                         -0.38
  ------------------------------------------------------------------------
  slack (MET)                                                0.10



  Startpoint: u_mac16_top/u_inA/shift_reg_reg[2] (rising edge-triggered flip-flop clocked by core_clk)
  Endpoint: u_mac16_top/u_inA/data_out_reg[3] (rising edge-triggered flip-flop clocked by core_clk)
  Mode: default
  Corner: ss_rcworst_1p08_125
  Scenario: scen_rcw
  Path Group: core_clk
  Path Type: min

  Point                                            Incr      Path  
  ------------------------------------------------------------------------
  clock core_clk (rise edge)                       0.00      0.00
  clock network delay (propagated)                 0.00      0.00

  u_mac16_top/u_inA/shift_reg_reg[2]/CK (DFFRPQX0P5H9R)
                                                   0.00      0.00 r
  u_mac16_top/u_inA/shift_reg_reg[2]/Q (DFFRPQX0P5H9R)
                                                   0.27      0.27 f
  copt_h_inst_846/ECK (FREEICGX0P5H9R)             0.09      0.36 f
  u_mac16_top/u_inA/data_out_reg[3]/D (DFFRPQX0P5H9R)
                                                   0.00      0.36 f
  data arrival time                                          0.36

  clock core_clk (rise edge)                       0.00      0.00
  clock network delay (propagated)                 0.18      0.18
  u_mac16_top/u_inA/data_out_reg[3]/CK (DFFRPQX0P5H9R)
                                                   0.00      0.18 r
  library hold time                                0.07      0.26
  data required time                                         0.26
  ------------------------------------------------------------------------
  data required time                                         0.26
  data arrival time                                         -0.36
  ------------------------------------------------------------------------
  slack (MET)                                                0.10



  Startpoint: u_mac16_top/u_inA/shift_reg_reg[0] (rising edge-triggered flip-flop clocked by core_clk)
  Endpoint: u_mac16_top/u_inA/data_out_reg[1] (rising edge-triggered flip-flop clocked by core_clk)
  Mode: default
  Corner: ss_rcworst_1p08_125
  Scenario: scen_rcw
  Path Group: core_clk
  Path Type: min

  Point                                            Incr      Path  
  ------------------------------------------------------------------------
  clock core_clk (rise edge)                       0.00      0.00
  clock network delay (propagated)                 0.00      0.00

  u_mac16_top/u_inA/shift_reg_reg[0]/CK (DFFRPQX0P5H9R)
                                                   0.00      0.00 r
  u_mac16_top/u_inA/shift_reg_reg[0]/Q (DFFRPQX0P5H9R)
                                                   0.26      0.27 f
  copt_h_inst_848/ECK (FREEICGX0P5H9R)             0.09      0.36 f
  u_mac16_top/u_inA/data_out_reg[1]/D (DFFRPQX0P5H9R)
                                                   0.00      0.36 f
  data arrival time                                          0.36

  clock core_clk (rise edge)                       0.00      0.00
  clock network delay (propagated)                 0.18      0.18
  u_mac16_top/u_inA/data_out_reg[1]/CK (DFFRPQX0P5H9R)
                                                   0.00      0.18 r
  library hold time                                0.07      0.25
  data required time                                         0.25
  ------------------------------------------------------------------------
  data required time                                         0.25
  data arrival time                                         -0.36
  ------------------------------------------------------------------------
  slack (MET)                                                0.11



  Startpoint: u_mac16_top/u_mac/u_mul/product_reg_reg[5] (rising edge-triggered flip-flop clocked by core_clk)
  Endpoint: u_mac16_top/u_mac/last_prod_reg[5] (rising edge-triggered flip-flop clocked by core_clk)
  Mode: default
  Corner: ss_rcworst_1p08_125
  Scenario: scen_rcw
  Path Group: core_clk
  Path Type: min

  Point                                            Incr      Path  
  ------------------------------------------------------------------------
  clock core_clk (rise edge)                       0.00      0.00
  clock network delay (propagated)                 0.01      0.01

  u_mac16_top/u_mac/u_mul/product_reg_reg[5]/CK (DFFRPQX0P5H9R)
                                                   0.00      0.01 r
  u_mac16_top/u_mac/u_mul/product_reg_reg[5]/Q (DFFRPQX0P5H9R)
                                                   0.35      0.35 f
  u_mac16_top/u_mac/last_prod_reg[5]/D (DFFRPQX0P5H9R)
                                                   0.00      0.35 f
  data arrival time                                          0.35

  clock core_clk (rise edge)                       0.00      0.00
  clock network delay (propagated)                 0.21      0.21
  u_mac16_top/u_mac/last_prod_reg[5]/CK (DFFRPQX0P5H9R)
                                                   0.00      0.21 r
  library hold time                                0.03      0.24
  data required time                                         0.24
  ------------------------------------------------------------------------
  data required time                                         0.24
  data arrival time                                         -0.35
  ------------------------------------------------------------------------
  slack (MET)                                                0.11



  Startpoint: u_mac16_top/mode_reg_d1_reg (rising edge-triggered flip-flop clocked by core_clk)
  Endpoint: u_mac16_top/u_mac/last_prod_reg[6] (removal check against rising-edge clock clocked by core_clk)
  Mode: default
  Corner: ss_rcworst_1p08_125
  Scenario: scen_rcw
  Path Group: core_clk
  Path Type: min

  Point                                            Incr      Path  
  ------------------------------------------------------------------------
  clock core_clk (rise edge)                       0.00      0.00
  clock network delay (propagated)                 0.00      0.00

  u_mac16_top/mode_reg_d1_reg/CK (DFFRPQX0P5H9R)   0.00      0.00 r
  u_mac16_top/mode_reg_d1_reg/Q (DFFRPQX0P5H9R)    0.25      0.25 r
  U1445/Y (XOR2X0P5H9R)                            0.09      0.34 f
  U1500/Y (NOR2X1P4H9R)                            0.15      0.49 r
  u_mac16_top/u_mac/last_prod_reg[6]/SN (DFFSQNX0P5H9R)
                                                   0.00      0.49 r
  data arrival time                                          0.49

  clock core_clk (rise edge)                       0.00      0.00
  clock network delay (propagated)                 0.21      0.21
  u_mac16_top/u_mac/last_prod_reg[6]/CK (DFFSQNX0P5H9R)
                                                   0.00      0.21 r
  library hold time                                0.17      0.38
  data required time                                         0.38
  ------------------------------------------------------------------------
  data required time                                         0.38
  data arrival time                                         -0.49
  ------------------------------------------------------------------------
  slack (MET)                                                0.11



  Startpoint: u_mac16_top/mode_reg_d1_reg (rising edge-triggered flip-flop clocked by core_clk)
  Endpoint: u_mac16_top/u_mac/last_prod_reg[4] (removal check against rising-edge clock clocked by core_clk)
  Mode: default
  Corner: ss_rcworst_1p08_125
  Scenario: scen_rcw
  Path Group: core_clk
  Path Type: min

  Point                                            Incr      Path  
  ------------------------------------------------------------------------
  clock core_clk (rise edge)                       0.00      0.00
  clock network delay (propagated)                 0.00      0.00

  u_mac16_top/mode_reg_d1_reg/CK (DFFRPQX0P5H9R)   0.00      0.00 r
  u_mac16_top/mode_reg_d1_reg/Q (DFFRPQX0P5H9R)    0.25      0.25 r
  U1445/Y (XOR2X0P5H9R)                            0.09      0.34 f
  U1500/Y (NOR2X1P4H9R)                            0.15      0.49 r
  u_mac16_top/u_mac/last_prod_reg[4]/SN (DFFSQNX0P5H9R)
                                                   0.00      0.49 r
  data arrival time                                          0.49

  clock core_clk (rise edge)                       0.00      0.00
  clock network delay (propagated)                 0.21      0.21
  u_mac16_top/u_mac/last_prod_reg[4]/CK (DFFSQNX0P5H9R)
                                                   0.00      0.21 r
  library hold time                                0.17      0.38
  data required time                                         0.38
  ------------------------------------------------------------------------
  data required time                                         0.38
  data arrival time                                         -0.49
  ------------------------------------------------------------------------
  slack (MET)                                                0.11



  Startpoint: u_mac16_top/u_inA/shift_reg_reg[4] (rising edge-triggered flip-flop clocked by core_clk)
  Endpoint: u_mac16_top/u_inA/data_out_reg[5] (rising edge-triggered flip-flop clocked by core_clk)
  Mode: default
  Corner: ss_rcworst_1p08_125
  Scenario: scen_rcw
  Path Group: core_clk
  Path Type: min

  Point                                            Incr      Path  
  ------------------------------------------------------------------------
  clock core_clk (rise edge)                       0.00      0.00
  clock network delay (propagated)                 0.00      0.00

  u_mac16_top/u_inA/shift_reg_reg[4]/CK (DFFRPQX0P5H9R)
                                                   0.00      0.00 r
  u_mac16_top/u_inA/shift_reg_reg[4]/Q (DFFRPQX0P5H9R)
                                                   0.27      0.28 f
  copt_h_inst_845/ECK (FREEICGX0P5H9R)             0.09      0.37 f
  u_mac16_top/u_inA/data_out_reg[5]/D (DFFRPQX0P5H9R)
                                                   0.00      0.37 f
  data arrival time                                          0.37

  clock core_clk (rise edge)                       0.00      0.00
  clock network delay (propagated)                 0.18      0.18
  u_mac16_top/u_inA/data_out_reg[5]/CK (DFFRPQX0P5H9R)
                                                   0.00      0.18 r
  library hold time                                0.07      0.26
  data required time                                         0.26
  ------------------------------------------------------------------------
  data required time                                         0.26
  data arrival time                                         -0.37
  ------------------------------------------------------------------------
  slack (MET)                                                0.11



  Startpoint: u_mac16_top/u_mac/u_mul/product_reg_reg[21] (rising edge-triggered flip-flop clocked by core_clk)
  Endpoint: u_mac16_top/u_mac/last_prod_reg[21] (rising edge-triggered flip-flop clocked by core_clk)
  Mode: default
  Corner: ss_rcworst_1p08_125
  Scenario: scen_rcw
  Path Group: core_clk
  Path Type: min

  Point                                            Incr      Path  
  ------------------------------------------------------------------------
  clock core_clk (rise edge)                       0.00      0.00
  clock network delay (propagated)                 0.01      0.01

  u_mac16_top/u_mac/u_mul/product_reg_reg[21]/CK (DFFRPQX0P5H9R)
                                                   0.00      0.01 r
  u_mac16_top/u_mac/u_mul/product_reg_reg[21]/Q (DFFRPQX0P5H9R)
                                                   0.35      0.35 f
  u_mac16_top/u_mac/last_prod_reg[21]/D (DFFRPQX0P5H9R)
                                                   0.00      0.35 f
  data arrival time                                          0.35

  clock core_clk (rise edge)                       0.00      0.00
  clock network delay (propagated)                 0.21      0.21
  u_mac16_top/u_mac/last_prod_reg[21]/CK (DFFRPQX0P5H9R)
                                                   0.00      0.21 r
  library hold time                                0.03      0.24
  data required time                                         0.24
  ------------------------------------------------------------------------
  data required time                                         0.24
  data arrival time                                         -0.35
  ------------------------------------------------------------------------
  slack (MET)                                                0.11



  Startpoint: u_mac16_top/u_inB/shift_reg_reg[8] (rising edge-triggered flip-flop clocked by core_clk)
  Endpoint: u_mac16_top/u_inB/data_out_reg[9] (rising edge-triggered flip-flop clocked by core_clk)
  Mode: default
  Corner: ss_rcworst_1p08_125
  Scenario: scen_rcw
  Path Group: core_clk
  Path Type: min

  Point                                            Incr      Path  
  ------------------------------------------------------------------------
  clock core_clk (rise edge)                       0.00      0.00
  clock network delay (propagated)                 0.01      0.01

  u_mac16_top/u_inB/shift_reg_reg[8]/CK (DFFRPQX0P5H9R)
                                                   0.00      0.01 r
  u_mac16_top/u_inB/shift_reg_reg[8]/Q (DFFRPQX0P5H9R)
                                                   0.29      0.30 f
  copt_h_inst_860/ECK (FREEICGX0P5H9R)             0.09      0.39 f
  u_mac16_top/u_inB/data_out_reg[9]/D (DFFRPQX0P5H9R)
                                                   0.00      0.39 f
  data arrival time                                          0.39

  clock core_clk (rise edge)                       0.00      0.00
  clock network delay (propagated)                 0.20      0.20
  u_mac16_top/u_inB/data_out_reg[9]/CK (DFFRPQX0P5H9R)
                                                   0.00      0.20 r
  library hold time                                0.08      0.28
  data required time                                         0.28
  ------------------------------------------------------------------------
  data required time                                         0.28
  data arrival time                                         -0.39
  ------------------------------------------------------------------------
  slack (MET)                                                0.11



  Startpoint: u_mac16_top/u_inB/shift_reg_reg[6] (rising edge-triggered flip-flop clocked by core_clk)
  Endpoint: u_mac16_top/u_inB/data_out_reg[7] (rising edge-triggered flip-flop clocked by core_clk)
  Mode: default
  Corner: ss_rcworst_1p08_125
  Scenario: scen_rcw
  Path Group: core_clk
  Path Type: min

  Point                                            Incr      Path  
  ------------------------------------------------------------------------
  clock core_clk (rise edge)                       0.00      0.00
  clock network delay (propagated)                 0.01      0.01

  u_mac16_top/u_inB/shift_reg_reg[6]/CK (DFFRPQX0P5H9R)
                                                   0.00      0.01 r
  u_mac16_top/u_inB/shift_reg_reg[6]/Q (DFFRPQX0P5H9R)
                                                   0.29      0.30 f
  copt_h_inst_855/ECK (FREEICGX0P5H9R)             0.10      0.39 f
  u_mac16_top/u_inB/data_out_reg[7]/D (DFFRPQX0P5H9R)
                                                   0.00      0.39 f
  data arrival time                                          0.39

  clock core_clk (rise edge)                       0.00      0.00
  clock network delay (propagated)                 0.20      0.20
  u_mac16_top/u_inB/data_out_reg[7]/CK (DFFRPQX0P5H9R)
                                                   0.00      0.20 r
  library hold time                                0.08      0.28
  data required time                                         0.28
  ------------------------------------------------------------------------
  data required time                                         0.28
  data arrival time                                         -0.39
  ------------------------------------------------------------------------
  slack (MET)                                                0.11



  Startpoint: u_mac16_top/u_inB/shift_reg_reg[12] (rising edge-triggered flip-flop clocked by core_clk)
  Endpoint: u_mac16_top/u_inB/data_out_reg[13] (rising edge-triggered flip-flop clocked by core_clk)
  Mode: default
  Corner: ss_rcworst_1p08_125
  Scenario: scen_rcw
  Path Group: core_clk
  Path Type: min

  Point                                            Incr      Path  
  ------------------------------------------------------------------------
  clock core_clk (rise edge)                       0.00      0.00
  clock network delay (propagated)                 0.01      0.01

  u_mac16_top/u_inB/shift_reg_reg[12]/CK (DFFRPQX0P5H9R)
                                                   0.00      0.01 r
  u_mac16_top/u_inB/shift_reg_reg[12]/Q (DFFRPQX0P5H9R)
                                                   0.29      0.30 f
  copt_h_inst_863/ECK (FREEICGX0P5H9R)             0.10      0.40 f
  u_mac16_top/u_inB/data_out_reg[13]/D (DFFRPQX0P5H9R)
                                                   0.00      0.40 f
  data arrival time                                          0.40

  clock core_clk (rise edge)                       0.00      0.00
  clock network delay (propagated)                 0.20      0.20
  u_mac16_top/u_inB/data_out_reg[13]/CK (DFFRPQX0P5H9R)
                                                   0.00      0.20 r
  library hold time                                0.08      0.28
  data required time                                         0.28
  ------------------------------------------------------------------------
  data required time                                         0.28
  data arrival time                                         -0.40
  ------------------------------------------------------------------------
  slack (MET)                                                0.12



  Startpoint: u_mac16_top/u_inA/shift_reg_reg[1] (rising edge-triggered flip-flop clocked by core_clk)
  Endpoint: u_mac16_top/u_inA/data_out_reg[2] (rising edge-triggered flip-flop clocked by core_clk)
  Mode: default
  Corner: ss_rcworst_1p08_125
  Scenario: scen_rcw
  Path Group: core_clk
  Path Type: min

  Point                                            Incr      Path  
  ------------------------------------------------------------------------
  clock core_clk (rise edge)                       0.00      0.00
  clock network delay (propagated)                 0.00      0.00

  u_mac16_top/u_inA/shift_reg_reg[1]/CK (DFFRPQX0P5H9R)
                                                   0.00      0.00 r
  u_mac16_top/u_inA/shift_reg_reg[1]/Q (DFFRPQX0P5H9R)
                                                   0.28      0.28 f
  copt_h_inst_859/ECK (FREEICGX0P5H9R)             0.09      0.37 f
  u_mac16_top/u_inA/data_out_reg[2]/D (DFFRPQX0P5H9R)
                                                   0.00      0.37 f
  data arrival time                                          0.37

  clock core_clk (rise edge)                       0.00      0.00
  clock network delay (propagated)                 0.18      0.18
  u_mac16_top/u_inA/data_out_reg[2]/CK (DFFRPQX0P5H9R)
                                                   0.00      0.18 r
  library hold time                                0.07      0.26
  data required time                                         0.26
  ------------------------------------------------------------------------
  data required time                                         0.26
  data arrival time                                         -0.37
  ------------------------------------------------------------------------
  slack (MET)                                                0.12


1
