****************************************
Report : timing
        -path_type full
        -delay_type min
        -max_paths 20
        -report_by design
Design : mac16
Version: V-2023.12
Date   : Tue Sep  1 09:52:59 2026
****************************************

  Startpoint: u_mac16_top/mode_reg_d1_reg (rising edge-triggered flip-flop clocked by core_clk)
  Endpoint: u_mac16_top/u_mac/last_prod_reg[6] (removal check against rising-edge clock clocked by core_clk)
  Mode: default
  Corner: ff_rcbest_1p32_m40
  Scenario: scen_rcb
  Path Group: core_clk
  Path Type: min

  Point                                            Incr      Path  
  ------------------------------------------------------------------------
  clock core_clk (rise edge)                       0.00      0.00
  clock network delay (propagated)                 0.00      0.00

  u_mac16_top/mode_reg_d1_reg/CK (DFFRPQX0P5H9R)   0.00      0.00 r
  u_mac16_top/mode_reg_d1_reg/Q (DFFRPQX0P5H9R)    0.09      0.09 r
  U1445/Y (XOR2X0P5H9R)                            0.03      0.12 f
  U1500/Y (NOR2X1P4H9R)                            0.06      0.18 r
  u_mac16_top/u_mac/last_prod_reg[6]/SN (DFFSQNX0P5H9R)
                                                   0.00      0.18 r
  data arrival time                                          0.18

  clock core_clk (rise edge)                       0.00      0.00
  clock network delay (propagated)                 0.10      0.10
  u_mac16_top/u_mac/last_prod_reg[6]/CK (DFFSQNX0P5H9R)
                                                   0.00      0.10 r
  library hold time                                0.06      0.16
  data required time                                         0.16
  ------------------------------------------------------------------------
  data required time                                         0.16
  data arrival time                                         -0.18
  ------------------------------------------------------------------------
  slack (MET)                                                0.02



  Startpoint: u_mac16_top/mode_reg_d1_reg (rising edge-triggered flip-flop clocked by core_clk)
  Endpoint: u_mac16_top/u_mac/last_prod_reg[4] (removal check against rising-edge clock clocked by core_clk)
  Mode: default
  Corner: ff_rcbest_1p32_m40
  Scenario: scen_rcb
  Path Group: core_clk
  Path Type: min

  Point                                            Incr      Path  
  ------------------------------------------------------------------------
  clock core_clk (rise edge)                       0.00      0.00
  clock network delay (propagated)                 0.00      0.00

  u_mac16_top/mode_reg_d1_reg/CK (DFFRPQX0P5H9R)   0.00      0.00 r
  u_mac16_top/mode_reg_d1_reg/Q (DFFRPQX0P5H9R)    0.09      0.09 r
  U1445/Y (XOR2X0P5H9R)                            0.03      0.12 f
  U1500/Y (NOR2X1P4H9R)                            0.06      0.18 r
  u_mac16_top/u_mac/last_prod_reg[4]/SN (DFFSQNX0P5H9R)
                                                   0.00      0.18 r
  data arrival time                                          0.18

  clock core_clk (rise edge)                       0.00      0.00
  clock network delay (propagated)                 0.10      0.10
  u_mac16_top/u_mac/last_prod_reg[4]/CK (DFFSQNX0P5H9R)
                                                   0.00      0.10 r
  library hold time                                0.06      0.16
  data required time                                         0.16
  ------------------------------------------------------------------------
  data required time                                         0.16
  data arrival time                                         -0.18
  ------------------------------------------------------------------------
  slack (MET)                                                0.02



  Startpoint: u_mac16_top/u_mac/u_mul/product_reg_reg[1] (rising edge-triggered flip-flop clocked by core_clk)
  Endpoint: u_mac16_top/u_mac/last_prod_reg[1] (rising edge-triggered flip-flop clocked by core_clk)
  Mode: default
  Corner: ff_rcbest_1p32_m40
  Scenario: scen_rcb
  Path Group: core_clk
  Path Type: min

  Point                                            Incr      Path  
  ------------------------------------------------------------------------
  clock core_clk (rise edge)                       0.00      0.00
  clock network delay (propagated)                 0.01      0.01

  u_mac16_top/u_mac/u_mul/product_reg_reg[1]/CK (DFFRPQX0P5H9R)
                                                   0.00      0.01 r
  u_mac16_top/u_mac/u_mul/product_reg_reg[1]/Q (DFFRPQX0P5H9R)
                                                   0.12      0.13 f
  u_mac16_top/u_mac/last_prod_reg[1]/D (DFFRPQX0P5H9R)
                                                   0.00      0.13 f
  data arrival time                                          0.13

  clock core_clk (rise edge)                       0.00      0.00
  clock network delay (propagated)                 0.10      0.10
  u_mac16_top/u_mac/last_prod_reg[1]/CK (DFFRPQX0P5H9R)
                                                   0.00      0.10 r
  library hold time                                0.01      0.11
  data required time                                         0.11
  ------------------------------------------------------------------------
  data required time                                         0.11
  data arrival time                                         -0.13
  ------------------------------------------------------------------------
  slack (MET)                                                0.02



  Startpoint: u_mac16_top/u_mac/u_mul/product_reg_reg[0] (rising edge-triggered flip-flop clocked by core_clk)
  Endpoint: u_mac16_top/u_mac/last_prod_reg[0] (rising edge-triggered flip-flop clocked by core_clk)
  Mode: default
  Corner: ff_rcbest_1p32_m40
  Scenario: scen_rcb
  Path Group: core_clk
  Path Type: min

  Point                                            Incr      Path  
  ------------------------------------------------------------------------
  clock core_clk (rise edge)                       0.00      0.00
  clock network delay (propagated)                 0.01      0.01

  u_mac16_top/u_mac/u_mul/product_reg_reg[0]/CK (DFFRPQX0P5H9R)
                                                   0.00      0.01 r
  u_mac16_top/u_mac/u_mul/product_reg_reg[0]/Q (DFFRPQX0P5H9R)
                                                   0.12      0.13 f
  u_mac16_top/u_mac/last_prod_reg[0]/D (DFFRPQX0P5H9R)
                                                   0.00      0.13 f
  data arrival time                                          0.13

  clock core_clk (rise edge)                       0.00      0.00
  clock network delay (propagated)                 0.10      0.10
  u_mac16_top/u_mac/last_prod_reg[0]/CK (DFFRPQX0P5H9R)
                                                   0.00      0.10 r
  library hold time                                0.01      0.11
  data required time                                         0.11
  ------------------------------------------------------------------------
  data required time                                         0.11
  data arrival time                                         -0.13
  ------------------------------------------------------------------------
  slack (MET)                                                0.02



  Startpoint: u_mac16_top/u_mac/u_mul/product_reg_reg[16] (rising edge-triggered flip-flop clocked by core_clk)
  Endpoint: u_mac16_top/u_mac/last_prod_reg[16] (rising edge-triggered flip-flop clocked by core_clk)
  Mode: default
  Corner: ff_rcbest_1p32_m40
  Scenario: scen_rcb
  Path Group: core_clk
  Path Type: min

  Point                                            Incr      Path  
  ------------------------------------------------------------------------
  clock core_clk (rise edge)                       0.00      0.00
  clock network delay (propagated)                 0.00      0.00

  u_mac16_top/u_mac/u_mul/product_reg_reg[16]/CK (DFFRPQX0P5H9R)
                                                   0.00      0.00 r
  u_mac16_top/u_mac/u_mul/product_reg_reg[16]/Q (DFFRPQX0P5H9R)
                                                   0.13      0.13 f
  u_mac16_top/u_mac/last_prod_reg[16]/D (DFFRPQX0P5H9R)
                                                   0.00      0.13 f
  data arrival time                                          0.13

  clock core_clk (rise edge)                       0.00      0.00
  clock network delay (propagated)                 0.10      0.10
  u_mac16_top/u_mac/last_prod_reg[16]/CK (DFFRPQX0P5H9R)
                                                   0.00      0.10 r
  library hold time                                0.01      0.11
  data required time                                         0.11
  ------------------------------------------------------------------------
  data required time                                         0.11
  data arrival time                                         -0.13
  ------------------------------------------------------------------------
  slack (MET)                                                0.02



  Startpoint: u_mac16_top/u_mac/u_mul/product_reg_reg[19] (rising edge-triggered flip-flop clocked by core_clk)
  Endpoint: u_mac16_top/u_mac/last_prod_reg[19] (rising edge-triggered flip-flop clocked by core_clk)
  Mode: default
  Corner: ff_rcbest_1p32_m40
  Scenario: scen_rcb
  Path Group: core_clk
  Path Type: min

  Point                                            Incr      Path  
  ------------------------------------------------------------------------
  clock core_clk (rise edge)                       0.00      0.00
  clock network delay (propagated)                 0.00      0.00

  u_mac16_top/u_mac/u_mul/product_reg_reg[19]/CK (DFFRPQX0P5H9R)
                                                   0.00      0.00 r
  u_mac16_top/u_mac/u_mul/product_reg_reg[19]/Q (DFFRPQX0P5H9R)
                                                   0.13      0.13 f
  u_mac16_top/u_mac/last_prod_reg[19]/D (DFFRPQX0P5H9R)
                                                   0.00      0.13 f
  data arrival time                                          0.13

  clock core_clk (rise edge)                       0.00      0.00
  clock network delay (propagated)                 0.10      0.10
  u_mac16_top/u_mac/last_prod_reg[19]/CK (DFFRPQX0P5H9R)
                                                   0.00      0.10 r
  library hold time                                0.01      0.11
  data required time                                         0.11
  ------------------------------------------------------------------------
  data required time                                         0.11
  data arrival time                                         -0.13
  ------------------------------------------------------------------------
  slack (MET)                                                0.02



  Startpoint: u_mac16_top/u_mac/u_mul/product_reg_reg[13] (rising edge-triggered flip-flop clocked by core_clk)
  Endpoint: u_mac16_top/u_mac/last_prod_reg[13] (rising edge-triggered flip-flop clocked by core_clk)
  Mode: default
  Corner: ff_rcbest_1p32_m40
  Scenario: scen_rcb
  Path Group: core_clk
  Path Type: min

  Point                                            Incr      Path  
  ------------------------------------------------------------------------
  clock core_clk (rise edge)                       0.00      0.00
  clock network delay (propagated)                 0.01      0.01

  u_mac16_top/u_mac/u_mul/product_reg_reg[13]/CK (DFFRPQX0P5H9R)
                                                   0.00      0.01 r
  u_mac16_top/u_mac/u_mul/product_reg_reg[13]/Q (DFFRPQX0P5H9R)
                                                   0.12      0.13 f
  u_mac16_top/u_mac/last_prod_reg[13]/D (DFFRPQX0P5H9R)
                                                   0.00      0.13 f
  data arrival time                                          0.13

  clock core_clk (rise edge)                       0.00      0.00
  clock network delay (propagated)                 0.10      0.10
  u_mac16_top/u_mac/last_prod_reg[13]/CK (DFFRPQX0P5H9R)
                                                   0.00      0.10 r
  library hold time                                0.01      0.11
  data required time                                         0.11
  ------------------------------------------------------------------------
  data required time                                         0.11
  data arrival time                                         -0.13
  ------------------------------------------------------------------------
  slack (MET)                                                0.02



  Startpoint: u_mac16_top/u_mac/u_mul/product_reg_reg[15] (rising edge-triggered flip-flop clocked by core_clk)
  Endpoint: u_mac16_top/u_mac/last_prod_reg[15] (rising edge-triggered flip-flop clocked by core_clk)
  Mode: default
  Corner: ff_rcbest_1p32_m40
  Scenario: scen_rcb
  Path Group: core_clk
  Path Type: min

  Point                                            Incr      Path  
  ------------------------------------------------------------------------
  clock core_clk (rise edge)                       0.00      0.00
  clock network delay (propagated)                 0.01      0.01

  u_mac16_top/u_mac/u_mul/product_reg_reg[15]/CK (DFFRPQX0P5H9R)
                                                   0.00      0.01 r
  u_mac16_top/u_mac/u_mul/product_reg_reg[15]/Q (DFFRPQX0P5H9R)
                                                   0.12      0.13 f
  u_mac16_top/u_mac/last_prod_reg[15]/D (DFFRPQX0P5H9R)
                                                   0.00      0.13 f
  data arrival time                                          0.13

  clock core_clk (rise edge)                       0.00      0.00
  clock network delay (propagated)                 0.10      0.10
  u_mac16_top/u_mac/last_prod_reg[15]/CK (DFFRPQX0P5H9R)
                                                   0.00      0.10 r
  library hold time                                0.01      0.11
  data required time                                         0.11
  ------------------------------------------------------------------------
  data required time                                         0.11
  data arrival time                                         -0.13
  ------------------------------------------------------------------------
  slack (MET)                                                0.02



  Startpoint: u_mac16_top/u_mac/u_mul/product_reg_reg[20] (rising edge-triggered flip-flop clocked by core_clk)
  Endpoint: u_mac16_top/u_mac/last_prod_reg[20] (rising edge-triggered flip-flop clocked by core_clk)
  Mode: default
  Corner: ff_rcbest_1p32_m40
  Scenario: scen_rcb
  Path Group: core_clk
  Path Type: min

  Point                                            Incr      Path  
  ------------------------------------------------------------------------
  clock core_clk (rise edge)                       0.00      0.00
  clock network delay (propagated)                 0.01      0.01

  u_mac16_top/u_mac/u_mul/product_reg_reg[20]/CK (DFFRPQX0P5H9R)
                                                   0.00      0.01 r
  u_mac16_top/u_mac/u_mul/product_reg_reg[20]/Q (DFFRPQX0P5H9R)
                                                   0.12      0.13 f
  u_mac16_top/u_mac/last_prod_reg[20]/D (DFFRPQX0P5H9R)
                                                   0.00      0.13 f
  data arrival time                                          0.13

  clock core_clk (rise edge)                       0.00      0.00
  clock network delay (propagated)                 0.10      0.10
  u_mac16_top/u_mac/last_prod_reg[20]/CK (DFFRPQX0P5H9R)
                                                   0.00      0.10 r
  library hold time                                0.01      0.11
  data required time                                         0.11
  ------------------------------------------------------------------------
  data required time                                         0.11
  data arrival time                                         -0.13
  ------------------------------------------------------------------------
  slack (MET)                                                0.02



  Startpoint: u_mac16_top/u_mac/u_mul/product_reg_reg[2] (rising edge-triggered flip-flop clocked by core_clk)
  Endpoint: u_mac16_top/u_mac/last_prod_reg[2] (rising edge-triggered flip-flop clocked by core_clk)
  Mode: default
  Corner: ff_rcbest_1p32_m40
  Scenario: scen_rcb
  Path Group: core_clk
  Path Type: min

  Point                                            Incr      Path  
  ------------------------------------------------------------------------
  clock core_clk (rise edge)                       0.00      0.00
  clock network delay (propagated)                 0.01      0.01

  u_mac16_top/u_mac/u_mul/product_reg_reg[2]/CK (DFFRPQX0P5H9R)
                                                   0.00      0.01 r
  u_mac16_top/u_mac/u_mul/product_reg_reg[2]/Q (DFFRPQX0P5H9R)
                                                   0.13      0.13 f
  u_mac16_top/u_mac/last_prod_reg[2]/D (DFFRPQX0P5H9R)
                                                   0.00      0.13 f
  data arrival time                                          0.13

  clock core_clk (rise edge)                       0.00      0.00
  clock network delay (propagated)                 0.10      0.10
  u_mac16_top/u_mac/last_prod_reg[2]/CK (DFFRPQX0P5H9R)
                                                   0.00      0.10 r
  library hold time                                0.01      0.11
  data required time                                         0.11
  ------------------------------------------------------------------------
  data required time                                         0.11
  data arrival time                                         -0.13
  ------------------------------------------------------------------------
  slack (MET)                                                0.03



  Startpoint: u_mac16_top/u_inB/shift_reg_reg[5] (rising edge-triggered flip-flop clocked by core_clk)
  Endpoint: u_mac16_top/u_inB/data_out_reg[6] (rising edge-triggered flip-flop clocked by core_clk)
  Mode: default
  Corner: ff_rcbest_1p32_m40
  Scenario: scen_rcb
  Path Group: core_clk
  Path Type: min

  Point                                            Incr      Path  
  ------------------------------------------------------------------------
  clock core_clk (rise edge)                       0.00      0.00
  clock network delay (propagated)                 0.01      0.01

  u_mac16_top/u_inB/shift_reg_reg[5]/CK (DFFRPQX0P5H9R)
                                                   0.00      0.01 r
  u_mac16_top/u_inB/shift_reg_reg[5]/Q (DFFRPQX0P5H9R)
                                                   0.10      0.11 f
  copt_h_inst_847/ECK (FREEICGX0P5H9R)             0.03      0.14 f
  u_mac16_top/u_inB/data_out_reg[6]/D (DFFRPQX0P5H9R)
                                                   0.00      0.14 f
  data arrival time                                          0.14

  clock core_clk (rise edge)                       0.00      0.00
  clock network delay (propagated)                 0.10      0.10
  u_mac16_top/u_inB/data_out_reg[6]/CK (DFFRPQX0P5H9R)
                                                   0.00      0.10 r
  library hold time                                0.02      0.11
  data required time                                         0.11
  ------------------------------------------------------------------------
  data required time                                         0.11
  data arrival time                                         -0.14
  ------------------------------------------------------------------------
  slack (MET)                                                0.03



  Startpoint: u_mac16_top/u_mac/u_mul/product_reg_reg[5] (rising edge-triggered flip-flop clocked by core_clk)
  Endpoint: u_mac16_top/u_mac/last_prod_reg[5] (rising edge-triggered flip-flop clocked by core_clk)
  Mode: default
  Corner: ff_rcbest_1p32_m40
  Scenario: scen_rcb
  Path Group: core_clk
  Path Type: min

  Point                                            Incr      Path  
  ------------------------------------------------------------------------
  clock core_clk (rise edge)                       0.00      0.00
  clock network delay (propagated)                 0.01      0.01

  u_mac16_top/u_mac/u_mul/product_reg_reg[5]/CK (DFFRPQX0P5H9R)
                                                   0.00      0.01 r
  u_mac16_top/u_mac/u_mul/product_reg_reg[5]/Q (DFFRPQX0P5H9R)
                                                   0.13      0.13 f
  u_mac16_top/u_mac/last_prod_reg[5]/D (DFFRPQX0P5H9R)
                                                   0.00      0.13 f
  data arrival time                                          0.13

  clock core_clk (rise edge)                       0.00      0.00
  clock network delay (propagated)                 0.10      0.10
  u_mac16_top/u_mac/last_prod_reg[5]/CK (DFFRPQX0P5H9R)
                                                   0.00      0.10 r
  library hold time                                0.01      0.11
  data required time                                         0.11
  ------------------------------------------------------------------------
  data required time                                         0.11
  data arrival time                                         -0.13
  ------------------------------------------------------------------------
  slack (MET)                                                0.03



  Startpoint: u_mac16_top/u_mac/u_mul/product_reg_reg[21] (rising edge-triggered flip-flop clocked by core_clk)
  Endpoint: u_mac16_top/u_mac/last_prod_reg[21] (rising edge-triggered flip-flop clocked by core_clk)
  Mode: default
  Corner: ff_rcbest_1p32_m40
  Scenario: scen_rcb
  Path Group: core_clk
  Path Type: min

  Point                                            Incr      Path  
  ------------------------------------------------------------------------
  clock core_clk (rise edge)                       0.00      0.00
  clock network delay (propagated)                 0.01      0.01

  u_mac16_top/u_mac/u_mul/product_reg_reg[21]/CK (DFFRPQX0P5H9R)
                                                   0.00      0.01 r
  u_mac16_top/u_mac/u_mul/product_reg_reg[21]/Q (DFFRPQX0P5H9R)
                                                   0.13      0.13 f
  u_mac16_top/u_mac/last_prod_reg[21]/D (DFFRPQX0P5H9R)
                                                   0.00      0.13 f
  data arrival time                                          0.13

  clock core_clk (rise edge)                       0.00      0.00
  clock network delay (propagated)                 0.10      0.10
  u_mac16_top/u_mac/last_prod_reg[21]/CK (DFFRPQX0P5H9R)
                                                   0.00      0.10 r
  library hold time                                0.01      0.11
  data required time                                         0.11
  ------------------------------------------------------------------------
  data required time                                         0.11
  data arrival time                                         -0.13
  ------------------------------------------------------------------------
  slack (MET)                                                0.03



  Startpoint: u_mac16_top/u_mac/u_mul/product_reg_reg[9] (rising edge-triggered flip-flop clocked by core_clk)
  Endpoint: u_mac16_top/u_mac/last_prod_reg[9] (rising edge-triggered flip-flop clocked by core_clk)
  Mode: default
  Corner: ff_rcbest_1p32_m40
  Scenario: scen_rcb
  Path Group: core_clk
  Path Type: min

  Point                                            Incr      Path  
  ------------------------------------------------------------------------
  clock core_clk (rise edge)                       0.00      0.00
  clock network delay (propagated)                 0.00      0.00

  u_mac16_top/u_mac/u_mul/product_reg_reg[9]/CK (DFFRPQX0P5H9R)
                                                   0.00      0.00 r
  u_mac16_top/u_mac/u_mul/product_reg_reg[9]/Q (DFFRPQX0P5H9R)
                                                   0.13      0.13 f
  u_mac16_top/u_mac/last_prod_reg[9]/D (DFFRPQX0P5H9R)
                                                   0.00      0.13 f
  data arrival time                                          0.13

  clock core_clk (rise edge)                       0.00      0.00
  clock network delay (propagated)                 0.10      0.10
  u_mac16_top/u_mac/last_prod_reg[9]/CK (DFFRPQX0P5H9R)
                                                   0.00      0.10 r
  library hold time                                0.00      0.10
  data required time                                         0.10
  ------------------------------------------------------------------------
  data required time                                         0.10
  data arrival time                                         -0.13
  ------------------------------------------------------------------------
  slack (MET)                                                0.03



  Startpoint: u_mac16_top/u_mac/u_mul/product_reg_reg[7] (rising edge-triggered flip-flop clocked by core_clk)
  Endpoint: u_mac16_top/u_mac/last_prod_reg[7] (rising edge-triggered flip-flop clocked by core_clk)
  Mode: default
  Corner: ff_rcbest_1p32_m40
  Scenario: scen_rcb
  Path Group: core_clk
  Path Type: min

  Point                                            Incr      Path  
  ------------------------------------------------------------------------
  clock core_clk (rise edge)                       0.00      0.00
  clock network delay (propagated)                 0.01      0.01

  u_mac16_top/u_mac/u_mul/product_reg_reg[7]/CK (DFFRPQX0P5H9R)
                                                   0.00      0.01 r
  u_mac16_top/u_mac/u_mul/product_reg_reg[7]/Q (DFFRPQX0P5H9R)
                                                   0.14      0.15 f
  u_mac16_top/u_mac/last_prod_reg[7]/D (DFFRQX1H9R)
                                                   0.00      0.15 f
  data arrival time                                          0.15

  clock core_clk (rise edge)                       0.00      0.00
  clock network delay (propagated)                 0.10      0.10
  u_mac16_top/u_mac/last_prod_reg[7]/CK (DFFRQX1H9R)
                                                   0.00      0.10 r
  library hold time                                0.02      0.12
  data required time                                         0.12
  ------------------------------------------------------------------------
  data required time                                         0.12
  data arrival time                                         -0.15
  ------------------------------------------------------------------------
  slack (MET)                                                0.03



  Startpoint: u_mac16_top/u_inA/shift_reg_reg[2] (rising edge-triggered flip-flop clocked by core_clk)
  Endpoint: u_mac16_top/u_inA/data_out_reg[3] (rising edge-triggered flip-flop clocked by core_clk)
  Mode: default
  Corner: ff_rcbest_1p32_m40
  Scenario: scen_rcb
  Path Group: core_clk
  Path Type: min

  Point                                            Incr      Path  
  ------------------------------------------------------------------------
  clock core_clk (rise edge)                       0.00      0.00
  clock network delay (propagated)                 0.00      0.00

  u_mac16_top/u_inA/shift_reg_reg[2]/CK (DFFRPQX0P5H9R)
                                                   0.00      0.00 r
  u_mac16_top/u_inA/shift_reg_reg[2]/Q (DFFRPQX0P5H9R)
                                                   0.10      0.10 f
  copt_h_inst_846/ECK (FREEICGX0P5H9R)             0.03      0.13 f
  u_mac16_top/u_inA/data_out_reg[3]/D (DFFRPQX0P5H9R)
                                                   0.00      0.13 f
  data arrival time                                          0.13

  clock core_clk (rise edge)                       0.00      0.00
  clock network delay (propagated)                 0.09      0.09
  u_mac16_top/u_inA/data_out_reg[3]/CK (DFFRPQX0P5H9R)
                                                   0.00      0.09 r
  library hold time                                0.02      0.10
  data required time                                         0.10
  ------------------------------------------------------------------------
  data required time                                         0.10
  data arrival time                                         -0.13
  ------------------------------------------------------------------------
  slack (MET)                                                0.03



  Startpoint: u_mac16_top/u_inA/shift_reg_reg[0] (rising edge-triggered flip-flop clocked by core_clk)
  Endpoint: u_mac16_top/u_inA/data_out_reg[1] (rising edge-triggered flip-flop clocked by core_clk)
  Mode: default
  Corner: ff_rcbest_1p32_m40
  Scenario: scen_rcb
  Path Group: core_clk
  Path Type: min

  Point                                            Incr      Path  
  ------------------------------------------------------------------------
  clock core_clk (rise edge)                       0.00      0.00
  clock network delay (propagated)                 0.00      0.00

  u_mac16_top/u_inA/shift_reg_reg[0]/CK (DFFRPQX0P5H9R)
                                                   0.00      0.00 r
  u_mac16_top/u_inA/shift_reg_reg[0]/Q (DFFRPQX0P5H9R)
                                                   0.10      0.10 f
  copt_h_inst_848/ECK (FREEICGX0P5H9R)             0.03      0.13 f
  u_mac16_top/u_inA/data_out_reg[1]/D (DFFRPQX0P5H9R)
                                                   0.00      0.13 f
  data arrival time                                          0.13

  clock core_clk (rise edge)                       0.00      0.00
  clock network delay (propagated)                 0.09      0.09
  u_mac16_top/u_inA/data_out_reg[1]/CK (DFFRPQX0P5H9R)
                                                   0.00      0.09 r
  library hold time                                0.02      0.10
  data required time                                         0.10
  ------------------------------------------------------------------------
  data required time                                         0.10
  data arrival time                                         -0.13
  ------------------------------------------------------------------------
  slack (MET)                                                0.03



  Startpoint: u_mac16_top/u_inB/shift_reg_reg[8] (rising edge-triggered flip-flop clocked by core_clk)
  Endpoint: u_mac16_top/u_inB/data_out_reg[9] (rising edge-triggered flip-flop clocked by core_clk)
  Mode: default
  Corner: ff_rcbest_1p32_m40
  Scenario: scen_rcb
  Path Group: core_clk
  Path Type: min

  Point                                            Incr      Path  
  ------------------------------------------------------------------------
  clock core_clk (rise edge)                       0.00      0.00
  clock network delay (propagated)                 0.01      0.01

  u_mac16_top/u_inB/shift_reg_reg[8]/CK (DFFRPQX0P5H9R)
                                                   0.00      0.01 r
  u_mac16_top/u_inB/shift_reg_reg[8]/Q (DFFRPQX0P5H9R)
                                                   0.11      0.11 f
  copt_h_inst_860/ECK (FREEICGX0P5H9R)             0.03      0.15 f
  u_mac16_top/u_inB/data_out_reg[9]/D (DFFRPQX0P5H9R)
                                                   0.00      0.15 f
  data arrival time                                          0.15

  clock core_clk (rise edge)                       0.00      0.00
  clock network delay (propagated)                 0.10      0.10
  u_mac16_top/u_inB/data_out_reg[9]/CK (DFFRPQX0P5H9R)
                                                   0.00      0.10 r
  library hold time                                0.02      0.11
  data required time                                         0.11
  ------------------------------------------------------------------------
  data required time                                         0.11
  data arrival time                                         -0.15
  ------------------------------------------------------------------------
  slack (MET)                                                0.03



  Startpoint: u_mac16_top/u_inB/shift_reg_reg[6] (rising edge-triggered flip-flop clocked by core_clk)
  Endpoint: u_mac16_top/u_inB/data_out_reg[7] (rising edge-triggered flip-flop clocked by core_clk)
  Mode: default
  Corner: ff_rcbest_1p32_m40
  Scenario: scen_rcb
  Path Group: core_clk
  Path Type: min

  Point                                            Incr      Path  
  ------------------------------------------------------------------------
  clock core_clk (rise edge)                       0.00      0.00
  clock network delay (propagated)                 0.01      0.01

  u_mac16_top/u_inB/shift_reg_reg[6]/CK (DFFRPQX0P5H9R)
                                                   0.00      0.01 r
  u_mac16_top/u_inB/shift_reg_reg[6]/Q (DFFRPQX0P5H9R)
                                                   0.11      0.11 f
  copt_h_inst_855/ECK (FREEICGX0P5H9R)             0.03      0.15 f
  u_mac16_top/u_inB/data_out_reg[7]/D (DFFRPQX0P5H9R)
                                                   0.00      0.15 f
  data arrival time                                          0.15

  clock core_clk (rise edge)                       0.00      0.00
  clock network delay (propagated)                 0.10      0.10
  u_mac16_top/u_inB/data_out_reg[7]/CK (DFFRPQX0P5H9R)
                                                   0.00      0.10 r
  library hold time                                0.02      0.11
  data required time                                         0.11
  ------------------------------------------------------------------------
  data required time                                         0.11
  data arrival time                                         -0.15
  ------------------------------------------------------------------------
  slack (MET)                                                0.03



  Startpoint: u_mac16_top/u_inA/shift_reg_reg[4] (rising edge-triggered flip-flop clocked by core_clk)
  Endpoint: u_mac16_top/u_inA/data_out_reg[5] (rising edge-triggered flip-flop clocked by core_clk)
  Mode: default
  Corner: ff_rcbest_1p32_m40
  Scenario: scen_rcb
  Path Group: core_clk
  Path Type: min

  Point                                            Incr      Path  
  ------------------------------------------------------------------------
  clock core_clk (rise edge)                       0.00      0.00
  clock network delay (propagated)                 0.00      0.00

  u_mac16_top/u_inA/shift_reg_reg[4]/CK (DFFRPQX0P5H9R)
                                                   0.00      0.00 r
  u_mac16_top/u_inA/shift_reg_reg[4]/Q (DFFRPQX0P5H9R)
                                                   0.10      0.10 f
  copt_h_inst_845/ECK (FREEICGX0P5H9R)             0.03      0.14 f
  u_mac16_top/u_inA/data_out_reg[5]/D (DFFRPQX0P5H9R)
                                                   0.00      0.14 f
  data arrival time                                          0.14

  clock core_clk (rise edge)                       0.00      0.00
  clock network delay (propagated)                 0.09      0.09
  u_mac16_top/u_inA/data_out_reg[5]/CK (DFFRPQX0P5H9R)
                                                   0.00      0.09 r
  library hold time                                0.02      0.10
  data required time                                         0.10
  ------------------------------------------------------------------------
  data required time                                         0.10
  data arrival time                                         -0.14
  ------------------------------------------------------------------------
  slack (MET)                                                0.03


1
